Component: Arm Compiler for Embedded 6.18 Tool: armlink [5e4cc100]

==============================================================================

Section Cross References

    task2_new.o(.text.isArmstrong) refers to dflt_clz.o(x$fpl$dflt) for __aeabi_i2d
    task2_new.o(.text.isArmstrong) refers to pow.o(i.pow) for pow
    task2_new.o(.text.isArmstrong) refers to daddsub_clz.o(x$fpl$dadd) for __aeabi_dadd
    task2_new.o(.text.isArmstrong) refers to dfix.o(x$fpl$dfix) for __aeabi_d2iz
    task2_new.o(.ARM.exidx.text.isArmstrong) refers to task2_new.o(.text.isArmstrong) for [Anonymous Symbol]
    task2_new.o(.text.main) refers to task2_new.o(.rodata.str1.1) for .L.str
    task2_new.o(.text.main) refers to printf.o(.text) for printf
    task2_new.o(.text.main) refers to task2_new.o(.text.isArmstrong) for isArmstrong
    task2_new.o(.ARM.exidx.text.main) refers to task2_new.o(.text.main) for [Anonymous Symbol]
    retarget_io.o(.ARM.exidx.text.ITM_SendChar) refers to retarget_io.o(.text.ITM_SendChar) for [Anonymous Symbol]
    retarget_io.o(.text.ITM_ReceiveChar) refers to retarget_io.o(.data.ITM_RxBuffer) for ITM_RxBuffer
    retarget_io.o(.ARM.exidx.text.ITM_ReceiveChar) refers to retarget_io.o(.text.ITM_ReceiveChar) for [Anonymous Symbol]
    retarget_io.o(.text._sys_open) refers to retarget_io.o(.rodata.str1.1) for .L.str
    retarget_io.o(.text._sys_open) refers to strcmpv7m.o(.text) for strcmp
    retarget_io.o(.ARM.exidx.text._sys_open) refers to retarget_io.o(.text._sys_open) for [Anonymous Symbol]
    retarget_io.o(.ARM.exidx.text._sys_close) refers to retarget_io.o(.text._sys_close) for [Anonymous Symbol]
    retarget_io.o(.text._sys_write) refers to retarget_io.o(.text.stdout_putchar) for stdout_putchar
    retarget_io.o(.text._sys_write) refers to retarget_io.o(.text.stderr_putchar) for stderr_putchar
    retarget_io.o(.ARM.exidx.text._sys_write) refers to retarget_io.o(.text._sys_write) for [Anonymous Symbol]
    retarget_io.o(.text.stdout_putchar) refers to retarget_io.o(.text.ITM_SendChar) for ITM_SendChar
    retarget_io.o(.ARM.exidx.text.stdout_putchar) refers to retarget_io.o(.text.stdout_putchar) for [Anonymous Symbol]
    retarget_io.o(.text.stderr_putchar) refers to retarget_io.o(.text.ITM_SendChar) for ITM_SendChar
    retarget_io.o(.ARM.exidx.text.stderr_putchar) refers to retarget_io.o(.text.stderr_putchar) for [Anonymous Symbol]
    retarget_io.o(.text._sys_read) refers to retarget_io.o(.text.stdin_getchar) for stdin_getchar
    retarget_io.o(.ARM.exidx.text._sys_read) refers to retarget_io.o(.text._sys_read) for [Anonymous Symbol]
    retarget_io.o(.text.stdin_getchar) refers to retarget_io.o(.text.ITM_ReceiveChar) for ITM_ReceiveChar
    retarget_io.o(.ARM.exidx.text.stdin_getchar) refers to retarget_io.o(.text.stdin_getchar) for [Anonymous Symbol]
    retarget_io.o(.ARM.exidx.text._sys_istty) refers to retarget_io.o(.text._sys_istty) for [Anonymous Symbol]
    retarget_io.o(.ARM.exidx.text._sys_seek) refers to retarget_io.o(.text._sys_seek) for [Anonymous Symbol]
    retarget_io.o(.ARM.exidx.text._sys_flen) refers to retarget_io.o(.text._sys_flen) for [Anonymous Symbol]
    startup_stm32f10x_md.o(STACK) refers (Special) to heapauxi.o(.text) for __use_two_region_memory
    startup_stm32f10x_md.o(HEAP) refers (Special) to heapauxi.o(.text) for __use_two_region_memory
    startup_stm32f10x_md.o(RESET) refers (Special) to heapauxi.o(.text) for __use_two_region_memory
    startup_stm32f10x_md.o(RESET) refers to startup_stm32f10x_md.o(STACK) for __initial_sp
    startup_stm32f10x_md.o(RESET) refers to startup_stm32f10x_md.o(.text) for Reset_Handler
    startup_stm32f10x_md.o(.text) refers (Special) to heapauxi.o(.text) for __use_two_region_memory
    startup_stm32f10x_md.o(.text) refers to system_stm32f10x.o(.text.SystemInit) for SystemInit
    startup_stm32f10x_md.o(.text) refers to __main.o(!!!main) for __main
    startup_stm32f10x_md.o(.text) refers to startup_stm32f10x_md.o(HEAP) for Heap_Mem
    startup_stm32f10x_md.o(.text) refers to startup_stm32f10x_md.o(STACK) for Stack_Mem
    system_stm32f10x.o(.text.SystemInit) refers to system_stm32f10x.o(.text.SetSysClock) for SetSysClock
    system_stm32f10x.o(.ARM.exidx.text.SystemInit) refers to system_stm32f10x.o(.text.SystemInit) for [Anonymous Symbol]
    system_stm32f10x.o(.text.SetSysClock) refers to system_stm32f10x.o(.text.SetSysClockTo72) for SetSysClockTo72
    system_stm32f10x.o(.ARM.exidx.text.SetSysClock) refers to system_stm32f10x.o(.text.SetSysClock) for [Anonymous Symbol]
    system_stm32f10x.o(.text.SystemCoreClockUpdate) refers to system_stm32f10x.o(.data.SystemCoreClock) for SystemCoreClock
    system_stm32f10x.o(.text.SystemCoreClockUpdate) refers to system_stm32f10x.o(.rodata.AHBPrescTable) for AHBPrescTable
    system_stm32f10x.o(.ARM.exidx.text.SystemCoreClockUpdate) refers to system_stm32f10x.o(.text.SystemCoreClockUpdate) for [Anonymous Symbol]
[...]
    .ARM.Collect$$libshutdown$$0000000C      0x08000222   Section        0  libshutdown2.o(.ARM.Collect$$libshutdown$$0000000C)
    .ARM.Collect$$libshutdown$$0000000F      0x08000222   Section        0  libshutdown2.o(.ARM.Collect$$libshutdown$$0000000F)
    .ARM.Collect$$libshutdown$$00000010      0x08000222   Section        2  libshutdown2.o(.ARM.Collect$$libshutdown$$00000010)
    .ARM.Collect$$rtentry$$00000000          0x08000224   Section        0  __rtentry.o(.ARM.Collect$$rtentry$$00000000)
    .ARM.Collect$$rtentry$$00000002          0x08000224   Section        0  __rtentry2.o(.ARM.Collect$$rtentry$$00000002)
    .ARM.Collect$$rtentry$$00000004          0x08000224   Section        6  __rtentry4.o(.ARM.Collect$$rtentry$$00000004)
    .ARM.Collect$$rtentry$$00000009          0x0800022a   Section        0  __rtentry2.o(.ARM.Collect$$rtentry$$00000009)
    .ARM.Collect$$rtentry$$0000000A          0x0800022a   Section        4  __rtentry2.o(.ARM.Collect$$rtentry$$0000000A)
    .ARM.Collect$$rtentry$$0000000C          0x0800022e   Section        0  __rtentry2.o(.ARM.Collect$$rtentry$$0000000C)
    .ARM.Collect$$rtentry$$0000000D          0x0800022e   Section        8  __rtentry2.o(.ARM.Collect$$rtentry$$0000000D)
    .ARM.Collect$$rtexit$$00000000           0x08000236   Section        2  rtexit.o(.ARM.Collect$$rtexit$$00000000)
    .ARM.Collect$$rtexit$$00000002           0x08000238   Section        0  rtexit2.o(.ARM.Collect$$rtexit$$00000002)
    .ARM.Collect$$rtexit$$00000003           0x08000238   Section        4  rtexit2.o(.ARM.Collect$$rtexit$$00000003)
    .ARM.Collect$$rtexit$$00000004           0x0800023c   Section        6  rtexit2.o(.ARM.Collect$$rtexit$$00000004)
    .text                                    0x08000244   Section       64  startup_stm32f10x_md.o(.text)
    .text                                    0x08000284   Section        0  printf.o(.text)
    .text                                    0x0800029c   Section      128  strcmpv7m.o(.text)
    .text                                    0x0800031c   Section        0  heapauxi.o(.text)
    .text                                    0x08000322   Section        0  _rserrno.o(.text)
    .text                                    0x08000338   Section        0  _printf_pad.o(.text)
    .text                                    0x08000386   Section        0  _printf_truncate.o(.text)
    .text                                    0x080003aa   Section        0  _printf_str.o(.text)
    .text                                    0x080003fc   Section        0  _printf_dec.o(.text)
    .text                                    0x08000474   Section        0  _printf_charcount.o(.text)
    .text                                    0x0800049c   Section        0  _printf_char_file.o(.text)
    .text                                    0x080004c0   Section        0  _printf_wctomb.o(.text)
    .text                                    0x0800057c   Section        0  _printf_longlong_dec.o(.text)
    _printf_longlong_oct_internal            0x080005f9   Thumb Code     0  _printf_oct_int_ll.o(.text)
    .text                                    0x080005f8   Section        0  _printf_oct_int_ll.o(.text)
    _printf_hex_common                       0x08000669   Thumb Code     0  _printf_hex_int_ll_ptr.o(.text)
    .text                                    0x08000668   Section        0  _printf_hex_int_ll_ptr.o(.text)
    .text                                    0x080006fc   Section        0  __printf_flags_ss_wp.o(.text)
    .text                                    0x08000884   Section        8  rt_errno_addr_intlibspace.o(.text)
    .text                                    0x0800088c   Section      138  lludiv10.o(.text)
    .text                                    0x08000916   Section        0  _printf_intcommon.o(.text)
    _fp_digits                               0x080009c9   Thumb Code   432  _printf_fp_dec.o(.text)
    .text                                    0x080009c8   Section        0  _printf_fp_dec.o(.text)
    .text                                    0x08000de4   Section        0  _printf_fp_hex.o(.text)
    _printf_input_char                       0x080010e1   Thumb Code    10  _printf_char_common.o(.text)
    .text                                    0x080010e0   Section        0  _printf_char_common.o(.text)
    .text                                    0x08001110   Section        0  _printf_char.o(.text)
    .text                                    0x0800113c   Section        0  _printf_wchar.o(.text)
    .text                                    0x08001168   Section        0  ferror.o(.text)
    .text                                    0x08001170   Section        0  initio.o(.text)
    .text                                    0x080012a8   Section        0  _c16rtomb.o(.text)
    .text                                    0x080012f0   Section        8  libspace.o(.text)
    .text                                    0x080012f8   Section       74  sys_stackheap_outer.o(.text)
    .text                                    0x08001344   Section       16  rt_ctype_table.o(.text)
    .text                                    0x08001354   Section        8  rt_locale_intlibspace.o(.text)
    .text                                    0x0800135c   Section        0  h1_free.o(.text)
    .text                                    0x080013ac   Section        0  _printf_fp_infnan.o(.text)
    .text                                    0x0800142c   Section        0  bigflt0.o(.text)
    .text                                    0x08001510   Section        0  flsbuf.o(.text)
    .text                                    0x080016f2   Section        0  setvbuf.o(.text)
    _freopen_locked                          0x08001739   Thumb Code     0  fopen.o(.text)
    .text                                    0x08001738   Section        0  fopen.o(.text)
    .text                                    0x08001828   Section        0  fclose.o(.text)
    .text                                    0x08001874   Section        0  exit.o(.text)
    .text                                    0x08001886   Section        0  defsig_rtred_outer.o(.text)
    .text                                    0x08001894   Section       78  rt_memclr_w.o(.text)
    .text                                    0x080018e4   Section        8  rt_heap_descriptor_intlibspace.o(.text)
    .text                                    0x080018ec   Section        0  hguard.o(.text)
    .text                                    0x080018f0   Section        0  init_alloc.o(.text)
    .text                                    0x0800197a   Section        0  h1_alloc.o(.text)
    .text                                    0x080019d8   Section        0  fseek.o(.text)
    .text                                    0x08001ad0   Section        0  stdio.o(.text)
    .text                                    0x08001bc0   Section        0  defsig_exit.o(.text)
    .text                                    0x08001bcc   Section        0  defsig_rtred_inner.o(.text)
    .text                                    0x08001c00   Section        0  sys_exit.o(.text)
    .text                                    0x08001c0c   Section        0  maybetermalloc1.o(.text)
    .text                                    0x08001c0c   Section        0  h1_init.o(.text)
    .text                                    0x08001c1a   Section        0  h1_extend.o(.text)
    .text                                    0x08001c4e   Section        0  ftell.o(.text)
    .text                                    0x08001c90   Section        0  defsig_general.o(.text)
    .text                                    0x08001cc2   Section        0  defsig_rtmem_outer.o(.text)
    .text                                    0x08001cd0   Section        0  sys_wrch.o(.text)
    .text                                    0x08001cde   Section        2  use_no_semi.o(.text)
    .text                                    0x08001ce0   Section        0  indicate_semi.o(.text)
    .text                                    0x08001ce0   Section        0  defsig_rtmem_inner.o(.text)
    [Anonymous Symbol]                       0x08001d30   Section        0  retarget_io.o(.text.ITM_SendChar)
    SetSysClock                              0x08001d75   Thumb Code     8  system_stm32f10x.o(.text.SetSysClock)
    [Anonymous Symbol]                       0x08001d74   Section        0  system_stm32f10x.o(.text.SetSysClock)
    SetSysClockTo72                          0x08001d7d   Thumb Code   290  system_stm32f10x.o(.text.SetSysClockTo72)
    [Anonymous Symbol]                       0x08001d7c   Section        0  system_stm32f10x.o(.text.SetSysClockTo72)
    [Anonymous Symbol]                       0x08001ea0   Section        0  system_stm32f10x.o(.text.SystemInit)
    [Anonymous Symbol]                       0x08001f08   Section        0  retarget_io.o(.text._sys_close)
    [Anonymous Symbol]                       0x08001f54   Section        0  retarget_io.o(.text._sys_flen)
    [Anonymous Symbol]                       0x08001f9c   Section        0  retarget_io.o(.text._sys_istty)
    [Anonymous Symbol]                       0x08001fe4   Section        0  retarget_io.o(.text._sys_open)
    [Anonymous Symbol]                       0x08002068   Section        0  retarget_io.o(.text._sys_seek)
    [Anonymous Symbol]                       0x080020bc   Section        0  retarget_io.o(.text._sys_write)
    [Anonymous Symbol]                       0x08002154   Section        0  task2_new.o(.text.isArmstrong)
    [Anonymous Symbol]                       0x0800220c   Section        0  task2_new.o(.text.main)
    stderr_putchar                           0x0800225d   Thumb Code    16  retarget_io.o(.text.stderr_putchar)
    [Anonymous Symbol]                       0x0800225c   Section        0  retarget_io.o(.text.stderr_putchar)
    stdout_putchar                           0x0800226d   Thumb Code    16  retarget_io.o(.text.stdout_putchar)
    [Anonymous Symbol]                       0x0800226c   Section        0  retarget_io.o(.text.stdout_putchar)
    CL$$btod_d2e                             0x0800227c   Section       62  btod.o(CL$$btod_d2e)
    CL$$btod_d2e_denorm_low                  0x080022ba   Section       70  btod.o(CL$$btod_d2e_denorm_low)
    CL$$btod_d2e_norm_op1                    0x08002300   Section       96  btod.o(CL$$btod_d2e_norm_op1)
    CL$$btod_div_common                      0x08002360   Section      824  btod.o(CL$$btod_div_common)
    CL$$btod_e2e                             0x08002698   Section      220  btod.o(CL$$btod_e2e)
    CL$$btod_ediv                            0x08002774   Section       42  btod.o(CL$$btod_ediv)
    CL$$btod_emul                            0x0800279e   Section       42  btod.o(CL$$btod_emul)
    CL$$btod_mult_common                     0x080027c8   Section      580  btod.o(CL$$btod_mult_common)
    i.__ARM_fpclassify                       0x08002a0c   Section        0  fpclassify.o(i.__ARM_fpclassify)
    i.__kernel_poly                          0x08002a34   Section        0  poly.o(i.__kernel_poly)
    i.__mathlib_dbl_divzero                  0x08002ae0   Section        0  dunder.o(i.__mathlib_dbl_divzero)
    i.__mathlib_dbl_infnan2                  0x08002af0   Section        0  dunder.o(i.__mathlib_dbl_infnan2)
    i.__mathlib_dbl_invalid                  0x08002af4   Section        0  dunder.o(i.__mathlib_dbl_invalid)
    i.__mathlib_dbl_overflow                 0x08002b00   Section        0  dunder.o(i.__mathlib_dbl_overflow)
    i.__mathlib_dbl_underflow                0x08002b10   Section        0  dunder.o(i.__mathlib_dbl_underflow)
    i._is_digit                              0x08002b20   Section        0  __printf_wp.o(i._is_digit)
    i.fputc                                  0x08002b2e   Section        0  fputc.o(i.fputc)
    i.pow                                    0x08002b4c   Section        0  pow.o(i.pow)
    i.sqrt                                   0x08003538   Section        0  sqrt.o(i.sqrt)
    locale$$code                             0x08003584   Section       44  lc_numeric_c.o(locale$$code)
    locale$$code                             0x080035b0   Section       44  lc_ctype_c.o(locale$$code)
    x$fpl$dadd                               0x080035dc   Section      336  daddsub_clz.o(x$fpl$dadd)
    _dadd1                                   0x080035ed   Thumb Code     0  daddsub_clz.o(x$fpl$dadd)
    x$fpl$dcheck1                            0x0800372c   Section       16  dcheck1.o(x$fpl$dcheck1)
    x$fpl$dcmpinf                            0x0800373c   Section       24  dcmpi.o(x$fpl$dcmpinf)
    x$fpl$ddiv                               0x08003754   Section      692  ddiv.o(x$fpl$ddiv)
    ddiv_entry                               0x0800375b   Thumb Code     0  ddiv.o(x$fpl$ddiv)
    x$fpl$dfix                               0x08003a08   Section       94  dfix.o(x$fpl$dfix)
    x$fpl$dflt                               0x08003a66   Section       46  dflt_clz.o(x$fpl$dflt)
    x$fpl$dleqf                              0x08003a94   Section      120  dleqf.o(x$fpl$dleqf)
    x$fpl$dmul                               0x08003b0c   Section      340  dmul.o(x$fpl$dmul)
    x$fpl$dnaninf                            0x08003c60   Section      156  dnaninf.o(x$fpl$dnaninf)
    x$fpl$dretinf                            0x08003cfc   Section       12  dretinf.o(x$fpl$dretinf)
    x$fpl$drleqf                             0x08003d08   Section      108  drleqf.o(x$fpl$drleqf)
    x$fpl$drsb                               0x08003d74   Section       22  daddsub_clz.o(x$fpl$drsb)
    x$fpl$dsqrt                              0x08003d8c   Section      460  dsqrt_noumaal.o(x$fpl$dsqrt)
    x$fpl$dsub                               0x08003f58   Section      476  daddsub_clz.o(x$fpl$dsub)
    _dsub1                                   0x08003f69   Thumb Code     0  daddsub_clz.o(x$fpl$dsub)
    x$fpl$printf1                            0x08004134   Section        4  printf1.o(x$fpl$printf1)
    x$fpl$printf2                            0x08004138   Section        4  printf2.o(x$fpl$printf2)
    x$fpl$retnan                             0x0800413c   Section      100  retnan.o(x$fpl$retnan)
    x$fpl$scalbn                             0x080041a0   Section       92  scalbn.o(x$fpl$scalbn)
    x$fpl$trapveneer                         0x080041fc   Section       48  trapv.o(x$fpl$trapveneer)
    x$fpl$usenofp                            0x0800422c   Section        0  usenofp.o(x$fpl$usenofp)
    bp                                       0x08004230   Data          16  pow.o(.constdata)
    .constdata                               0x08004230   Section      136  pow.o(.constdata)
    dp_h                                     0x08004240   Data          16  pow.o(.constdata)
    dp_l                                     0x08004250   Data          16  pow.o(.constdata)
    L                                        0x08004260   Data          48  pow.o(.constdata)
    P                                        0x08004290   Data          40  pow.o(.constdata)
    initial_mbstate                          0x080042b8   Data           8  _printf_wctomb.o(.constdata)
    .constdata                               0x080042b8   Section        8  _printf_wctomb.o(.constdata)
    uc_hextab                                0x080042c0   Data          20  _printf_hex_int_ll_ptr.o(.constdata)
    .constdata                               0x080042c0   Section       40  _printf_hex_int_ll_ptr.o(.constdata)
    lc_hextab                                0x080042d4   Data          20  _printf_hex_int_ll_ptr.o(.constdata)
    maptable                                 0x080042e8   Data          17  __printf_flags_ss_wp.o(.constdata)
    .constdata                               0x080042e8   Section       17  __printf_flags_ss_wp.o(.constdata)
    .constdata                               0x08004300   Section        8  qnan.o(.constdata)
    lc_hextab                                0x08004308   Data          19  _printf_fp_hex.o(.constdata)
    .constdata                               0x08004308   Section       38  _printf_fp_hex.o(.constdata)
    uc_hextab                                0x0800431b   Data          19  _printf_fp_hex.o(.constdata)
    tenpwrs_x                                0x08004330   Data          60  bigflt0.o(.constdata)
    .constdata                               0x08004330   Section      148  bigflt0.o(.constdata)
    tenpwrs_i                                0x0800436c   Data          64  bigflt0.o(.constdata)
    .L.str                                   0x080043db   Data          44  task2_new.o(.rodata.str1.1)
    [Anonymous Symbol]                       0x080043db   Section        0  task2_new.o(.rodata.str1.1)
    .L.str.1                                 0x08004407   Data           4  task2_new.o(.rodata.str1.1)
    .L.str                                   0x0800440b   Data           7  retarget_io.o(.rodata.str1.1)
    [Anonymous Symbol]                       0x0800440b   Section        0  retarget_io.o(.rodata.str1.1)
    .L.str.2                                 0x08004412   Data           8  retarget_io.o(.rodata.str1.1)
    .L.str.1                                 0x0800441a   Data           8  retarget_io.o(.rodata.str1.1)
    locale$$data                             0x08004444   Section       28  lc_numeric_c.o(locale$$data)
    __lcnum_c_name                           0x08004448   Data           2  lc_numeric_c.o(locale$$data)
    __lcnum_c_start                          0x08004450   Data           0  lc_numeric_c.o(locale$$data)
    __lcnum_c_point                          0x0800445c   Data           0  lc_numeric_c.o(locale$$data)
    __lcnum_c_thousands                      0x0800445e   Data           0  lc_numeric_c.o(locale$$data)
    __lcnum_c_grouping                       0x0800445f   Data           0  lc_numeric_c.o(locale$$data)
    __lcnum_c_end                            0x08004460   Data           0  lc_numeric_c.o(locale$$data)
    locale$$data                             0x08004460   Section      272  lc_ctype_c.o(locale$$data)
    __lcctype_c_name                         0x08004464   Data           2  lc_ctype_c.o(locale$$data)
    __lcctype_c_start                        0x0800446c   Data           0  lc_ctype_c.o(locale$$data)
    __lcctype_c_end                          0x08004570   Data           0  lc_ctype_c.o(locale$$data)
    .data                                    0x20000000   Section        4  stdio_streams.o(.data)
    .data                                    0x20000004   Section        4  stdio_streams.o(.data)
    .data                                    0x20000008   Section        4  stdio_streams.o(.data)
    .bss                                     0x20000010   Section       84  stdio_streams.o(.bss)
    .bss                                     0x20000064   Section       84  stdio_streams.o(.bss)
    .bss                                     0x200000b8   Section       84  stdio_streams.o(.bss)
    .bss                                     0x2000010c   Section       96  libspace.o(.bss)
    Heap_Mem                                 0x20000170   Data         512  startup_stm32f10x_md.o(HEAP)
    HEAP                                     0x20000170   Section      512  startup_stm32f10x_md.o(HEAP)
    Stack_Mem                                0x20000370   Data        1024  startup_stm32f10x_md.o(STACK)
    STACK                                    0x20000370   Section     1024  startup_stm32f10x_md.o(STACK)
    __initial_sp                             0x20000770   Data           0  startup_stm32f10x_md.o(STACK)

    Global Symbols

    Symbol Name                              Value     Ov Type        Size  Object(Section)

    BuildAttributes$$THM_ISAv4$P$D$K$B$S$PE$A:L22UL41UL21$X:L11$S22US41US21$IEEE1$IW$~IW$USESV6$~STKCKD$USESV7$~SHL$OTIME$ROPI$IEEEX$EBA8$UX$STANDARDLIB$REQ8$PRES8$EABIv2 0x00000000   Number         0  anon$$obj.o ABSOLUTE
    __fp_init_empty                          0x00000000   Number         0  fpinit_empty.o ABSOLUTE
    _printf_flags                            0x00000000   Number         0  printf_stubs.o ABSOLUTE
    _printf_return_value                     0x00000000   Number         0  printf_stubs.o ABSOLUTE
    _printf_sizespec                         0x00000000   Number         0  printf_stubs.o ABSOLUTE
    _printf_widthprec                        0x00000000   Number         0  printf_stubs.o ABSOLUTE
    __ARM_exceptions_init                     - Undefined Weak Reference
    __alloca_initialize                       - Undefined Weak Reference
    __arm_preinit_                            - Undefined Weak Reference
    __arm_relocate_pie_                       - Undefined Weak Reference
    __cpp_initialize__aeabi_                  - Undefined Weak Reference
    __cxa_finalize                            - Undefined Weak Reference
    __sigvec_lookup                           - Undefined Weak Reference
    __user_heap_extent                        - Undefined Weak Reference
    _atexit_init                              - Undefined Weak Reference
    _call_atexit_fns                          - Undefined Weak Reference
    _clock_init                               - Undefined Weak Reference
    _fp_trap_init                             - Undefined Weak Reference
    _fp_trap_shutdown                         - Undefined Weak Reference
    _get_lc_collate                           - Undefined Weak Reference
    _get_lc_monetary                          - Undefined Weak Reference
    _get_lc_time                              - Undefined Weak Reference
    _getenv_init                              - Undefined Weak Reference
    _handle_redirection                       - Undefined Weak Reference
    _mutex_acquire                            - Undefined Weak Reference
    _mutex_free                               - Undefined Weak Reference
    _mutex_release                            - Undefined Weak Reference
    _printf_mbtowc                            - Undefined Weak Reference
    _printf_wc                                - Undefined Weak Reference
    _rand_init                                - Undefined Weak Reference
    _signal_finish                            - Undefined Weak Reference
    _signal_init                              - Undefined Weak Reference
    __Vectors_Size                           0x000000ec   Number         0  startup_stm32f10x_md.o ABSOLUTE
    __Vectors                                0x08000000   Data           4  startup_stm32f10x_md.o(RESET)
    __Vectors_End                            0x080000ec   Data           0  startup_stm32f10x_md.o(RESET)
    __main                                   0x080000ed   Thumb Code     8  __main.o(!!!main)
    __scatterload                            0x080000f5   Thumb Code     0  __scatter.o(!!!scatter)
    __scatterload_rt2                        0x080000f5   Thumb Code    44  __scatter.o(!!!scatter)
    __scatterload_rt2_thumb_only             0x080000f5   Thumb Code     0  __scatter.o(!!!scatter)
    __scatterload_null                       0x08000103   Thumb Code     0  __scatter.o(!!!scatter)
    __scatterload_copy                       0x08000129   Thumb Code    26  __scatter_copy.o(!!handler_copy)
    __scatterload_zeroinit                   0x08000145   Thumb Code    28  __scatter_zi.o(!!handler_zi)
    _printf_n                                0x08000161   Thumb Code     0  _printf_n.o(.ARM.Collect$$_printf_percent$$00000001)
    _printf_percent                          0x08000161   Thumb Code     0  _printf_percent.o(.ARM.Collect$$_printf_percent$$00000000)
    _printf_p                                0x08000167   Thumb Code     0  _printf_p.o(.ARM.Collect$$_printf_percent$$00000002)
    _printf_f                                0x0800016d   Thumb Code     0  _printf_f.o(.ARM.Collect$$_printf_percent$$00000003)
    _printf_e                                0x08000173   Thumb Code     0  _printf_e.o(.ARM.Collect$$_printf_percent$$00000004)
    _printf_g                                0x08000179   Thumb Code     0  _printf_g.o(.ARM.Collect$$_printf_percent$$00000005)
    _printf_a                                0x0800017f   Thumb Code     0  _printf_a.o(.ARM.Collect$$_printf_percent$$00000006)
    _printf_ll                               0x08000185   Thumb Code     0  _printf_ll.o(.ARM.Collect$$_printf_percent$$00000007)
    _printf_i                                0x0800018f   Thumb Code     0  _printf_i.o(.ARM.Collect$$_printf_percent$$00000008)
    _printf_d                                0x08000195   Thumb Code     0  _printf_d.o(.ARM.Collect$$_printf_percent$$00000009)
    _printf_u                                0x0800019b   Thumb Code     0  _printf_u.o(.ARM.Collect$$_printf_percent$$0000000A)
    _printf_o                                0x080001a1   Thumb Code     0  _printf_o.o(.ARM.Collect$$_printf_percent$$0000000B)
    _printf_x                                0x080001a7   Thumb Code     0  _printf_x.o(.ARM.Collect$$_printf_percent$$0000000C)
    _printf_lli                              0x080001ad   Thumb Code     0  _printf_lli.o(.ARM.Collect$$_printf_percent$$0000000D)
    _printf_lld                              0x080001b3   Thumb Code     0  _printf_lld.o(.ARM.Collect$$_printf_percent$$0000000E)
    _printf_llu                              0x080001b9   Thumb Code     0  _printf_llu.o(.ARM.Collect$$_printf_percent$$0000000F)
    _printf_llo                              0x080001bf   Thumb Code     0  _printf_llo.o(.ARM.Collect$$_printf_percent$$00000010)
    _printf_llx                              0x080001c5   Thumb Code     0  _printf_llx.o(.ARM.Collect$$_printf_percent$$00000011)
    _printf_l                                0x080001cb   Thumb Code     0  _printf_l.o(.ARM.Collect$$_printf_percent$$00000012)
    _printf_c                                0x080001d5   Thumb Code     0  _printf_c.o(.ARM.Collect$$_printf_percent$$00000013)
    _printf_s                                0x080001db   Thumb Code     0  _printf_s.o(.ARM.Collect$$_printf_percent$$00000014)
    _printf_lc                               0x080001e1   Thumb Code     0  _printf_lc.o(.ARM.Collect$$_printf_percent$$00000015)
    _printf_ls                               0x080001e7   Thumb Code     0  _printf_ls.o(.ARM.Collect$$_printf_percent$$00000016)
    _printf_percent_end                      0x080001ed   Thumb Code     0  _printf_percent_end.o(.ARM.Collect$$_printf_percent$$00000017)
    __rt_lib_init                            0x080001f1   Thumb Code     0  libinit.o(.ARM.Collect$$libinit$$00000000)
    __rt_lib_init_fp_1                       0x080001f3   Thumb Code     0  libinit2.o(.ARM.Collect$$libinit$$00000002)
    __rt_lib_init_heap_2                     0x080001f3   Thumb Code     0  libinit2.o(.ARM.Collect$$libinit$$00000007)
    __rt_lib_init_preinit_1                  0x080001f3   Thumb Code     0  libinit2.o(.ARM.Collect$$libinit$$00000006)
    __rt_lib_init_relocate_pie_1             0x080001f3   Thumb Code     0  libinit2.o(.ARM.Collect$$libinit$$00000004)
    __rt_lib_init_heap_1                     0x080001fb   Thumb Code     0  libinit2.o(.ARM.Collect$$libinit$$0000000C)
    __rt_lib_init_lc_common                  0x080001fb   Thumb Code     0  libinit2.o(.ARM.Collect$$libinit$$00000011)
    __rt_lib_init_rand_1                     0x080001fb   Thumb Code     0  libinit2.o(.ARM.Collect$$libinit$$00000010)
    __rt_lib_init_user_alloc_1               0x080001fb   Thumb Code     0  libinit2.o(.ARM.Collect$$libinit$$0000000E)
    __rt_lib_init_lc_collate_1               0x08000201   Thumb Code     0  libinit2.o(.ARM.Collect$$libinit$$00000013)
    __rt_lib_init_lc_ctype_2                 0x08000201   Thumb Code     0  libinit2.o(.ARM.Collect$$libinit$$00000014)
    __rt_lib_init_lc_ctype_1                 0x0800020d   Thumb Code     0  libinit2.o(.ARM.Collect$$libinit$$00000015)
    __rt_lib_init_lc_monetary_1              0x0800020d   Thumb Code     0  libinit2.o(.ARM.Collect$$libinit$$00000017)
    __rt_lib_init_lc_numeric_2               0x0800020d   Thumb Code     0  libinit2.o(.ARM.Collect$$libinit$$00000018)
    __rt_lib_init_atexit_1                   0x08000217   Thumb Code     0  libinit2.o(.ARM.Collect$$libinit$$0000001D)
    __rt_lib_init_clock_1                    0x08000217   Thumb Code     0  libinit2.o(.ARM.Collect$$libinit$$00000023)
    __rt_lib_init_fp_trap_1                  0x08000217   Thumb Code     0  libinit2.o(.ARM.Collect$$libinit$$00000021)
    __rt_lib_init_getenv_1                   0x08000217   Thumb Code     0  libinit2.o(.ARM.Collect$$libinit$$00000025)
    __rt_lib_init_lc_numeric_1               0x08000217   Thumb Code     0  libinit2.o(.ARM.Collect$$libinit$$00000019)
    __rt_lib_init_lc_time_1                  0x08000217   Thumb Code     0  libinit2.o(.ARM.Collect$$libinit$$0000001B)
    __rt_lib_init_signal_1                   0x08000217   Thumb Code     0  libinit2.o(.ARM.Collect$$libinit$$0000001F)
    __rt_lib_init_stdio_2                    0x08000217   Thumb Code     0  libinit2.o(.ARM.Collect$$libinit$$00000026)
    __rt_lib_init_alloca_1                   0x0800021b   Thumb Code     0  libinit2.o(.ARM.Collect$$libinit$$00000030)
    __rt_lib_init_argv_1                     0x0800021b   Thumb Code     0  libinit2.o(.ARM.Collect$$libinit$$0000002E)
    __rt_lib_init_cpp_1                      0x0800021b   Thumb Code     0  libinit2.o(.ARM.Collect$$libinit$$00000034)
    __rt_lib_init_exceptions_1               0x0800021b   Thumb Code     0  libinit2.o(.ARM.Collect$$libinit$$00000032)
    __rt_lib_init_return                     0x0800021b   Thumb Code     0  libinit2.o(.ARM.Collect$$libinit$$00000035)
    __rt_lib_init_stdio_1                    0x0800021b   Thumb Code     0  libinit2.o(.ARM.Collect$$libinit$$00000027)
    __rt_lib_shutdown                        0x0800021d   Thumb Code     0  libshutdown.o(.ARM.Collect$$libshutdown$$00000000)
    __rt_lib_shutdown_cpp_1                  0x0800021f   Thumb Code     0  libshutdown2.o(.ARM.Collect$$libshutdown$$00000002)
    __rt_lib_shutdown_stdio_2                0x0800021f   Thumb Code     0  libshutdown2.o(.ARM.Collect$$libshutdown$$00000003)
    __rt_lib_shutdown_fp_trap_1              0x08000223   Thumb Code     0  libshutdown2.o(.ARM.Collect$$libshutdown$$00000007)
    __rt_lib_shutdown_heap_1                 0x08000223   Thumb Code     0  libshutdown2.o(.ARM.Collect$$libshutdown$$0000000F)
    __rt_lib_shutdown_return                 0x08000223   Thumb Code     0  libshutdown2.o(.ARM.Collect$$libshutdown$$00000010)
    __rt_lib_shutdown_signal_1               0x08000223   Thumb Code     0  libshutdown2.o(.ARM.Collect$$libshutdown$$0000000A)
    __rt_lib_shutdown_stdio_1                0x08000223   Thumb Code     0  libshutdown2.o(.ARM.Collect$$libshutdown$$00000004)
    __rt_lib_shutdown_user_alloc_1           0x08000223   Thumb Code     0  libshutdown2.o(.ARM.Collect$$libshutdown$$0000000C)
    __rt_entry                               0x08000225   Thumb Code     0  __rtentry.o(.ARM.Collect$$rtentry$$00000000)
    __rt_entry_presh_1                       0x08000225   Thumb Code     0  __rtentry2.o(.ARM.Collect$$rtentry$$00000002)
    __rt_entry_sh                            0x08000225   Thumb Code     0  __rtentry4.o(.ARM.Collect$$rtentry$$00000004)
    __rt_entry_li                            0x0800022b   Thumb Code     0  __rtentry2.o(.ARM.Collect$$rtentry$$0000000A)
    __rt_entry_postsh_1                      0x0800022b   Thumb Code     0  __rtentry2.o(.ARM.Collect$$rtentry$$00000009)
    __rt_entry_main                          0x0800022f   Thumb Code     0  __rtentry2.o(.ARM.Collect$$rtentry$$0000000D)
    __rt_entry_postli_1                      0x0800022f   Thumb Code     0  __rtentry2.o(.ARM.Collect$$rtentry$$0000000C)
    __rt_exit                                0x08000237   Thumb Code     0  rtexit.o(.ARM.Collect$$rtexit$$00000000)
    __rt_exit_ls                             0x08000239   Thumb Code     0  rtexit2.o(.ARM.Collect$$rtexit$$00000003)
    __rt_exit_prels_1                        0x08000239   Thumb Code     0  rtexit2.o(.ARM.Collect$$rtexit$$00000002)
    __rt_exit_exit                           0x0800023d   Thumb Code     0  rtexit2.o(.ARM.Collect$$rtexit$$00000004)
    Reset_Handler                            0x08000245   Thumb Code     8  startup_stm32f10x_md.o(.text)
    NMI_Handler                              0x0800024d   Thumb Code     2  startup_stm32f10x_md.o(.text)
    HardFault_Handler                        0x0800024f   Thumb Code     2  startup_stm32f10x_md.o(.text)
    MemManage_Handler                        0x08000251   Thumb Code     2  startup_stm32f10x_md.o(.text)
    BusFault_Handler                         0x08000253   Thumb Code     2  startup_stm32f10x_md.o(.text)
    UsageFault_Handler                       0x08000255   Thumb Code     2  startup_stm32f10x_md.o(.text)
    SVC_Handler                              0x08000257   Thumb Code     2  startup_stm32f10x_md.o(.text)
    DebugMon_Handler                         0x08000259   Thumb Code     2  startup_stm32f10x_md.o(.text)
    PendSV_Handler                           0x0800025b   Thumb Code     2  startup_stm32f10x_md.o(.text)
    SysTick_Handler                          0x0800025d   Thumb Code     2  startup_stm32f10x_md.o(.text)
    ADC1_2_IRQHandler                        0x0800025f   Thumb Code     0  startup_stm32f10x_md.o(.text)
    CAN1_RX1_IRQHandler                      0x0800025f   Thumb Code     0  startup_stm32f10x_md.o(.text)
    CAN1_SCE_IRQHandler                      0x0800025f   Thumb Code     0  startup_stm32f10x_md.o(.text)
    DMA1_Channel1_IRQHandler                 0x0800025f   Thumb Code     0  startup_stm32f10x_md.o(.text)
    DMA1_Channel2_IRQHandler                 0x0800025f   Thumb Code     0  startup_stm32f10x_md.o(.text)
    DMA1_Channel3_IRQHandler                 0x0800025f   Thumb Code     0  startup_stm32f10x_md.o(.text)
    DMA1_Channel4_IRQHandler                 0x0800025f   Thumb Code     0  startup_stm32f10x_md.o(.text)
    DMA1_Channel5_IRQHandler                 0x0800025f   Thumb Code     0  startup_stm32f10x_md.o(.text)
    DMA1_Channel6_IRQHandler                 0x0800025f   Thumb Code     0  startup_stm32f10x_md.o(.text)
    DMA1_Channel7_IRQHandler                 0x0800025f   Thumb Code     0  startup_stm32f10x_md.o(.text)
    EXTI0_IRQHandler                         0x0800025f   Thumb Code     0  startup_stm32f10x_md.o(.text)
    EXTI15_10_IRQHandler                     0x0800025f   Thumb Code     0  startup_stm32f10x_md.o(.text)
    EXTI1_IRQHandler                         0x0800025f   Thumb Code     0  startup_stm32f10x_md.o(.text)
    EXTI2_IRQHandler                         0x0800025f   Thumb Code     0  startup_stm32f10x_md.o(.text)
    EXTI3_IRQHandler                         0x0800025f   Thumb Code     0  startup_stm32f10x_md.o(.text)
    EXTI4_IRQHandler                         0x0800025f   Thumb Code     0  startup_stm32f10x_md.o(.text)
    EXTI9_5_IRQHandler                       0x0800025f   Thumb Code     0  startup_stm32f10x_md.o(.text)
    FLASH_IRQHandler                         0x0800025f   Thumb Code     0  startup_stm32f10x_md.o(.text)
    I2C1_ER_IRQHandler                       0x0800025f   Thumb Code     0  startup_stm32f10x_md.o(.text)
    I2C1_EV_IRQHandler                       0x0800025f   Thumb Code     0  startup_stm32f10x_md.o(.text)
    I2C2_ER_IRQHandler                       0x0800025f   Thumb Code     0  startup_stm32f10x_md.o(.text)
    I2C2_EV_IRQHandler                       0x0800025f   Thumb Code     0  startup_stm32f10x_md.o(.text)
    PVD_IRQHandler                           0x0800025f   Thumb Code     0  startup_stm32f10x_md.o(.text)
    RCC_IRQHandler                           0x0800025f   Thumb Code     0  startup_stm32f10x_md.o(.text)
    RTCAlarm_IRQHandler                      0x0800025f   Thumb Code     0  startup_stm32f10x_md.o(.text)
    RTC_IRQHandler                           0x0800025f   Thumb Code     0  startup_stm32f10x_md.o(.text)
    SPI1_IRQHandler                          0x0800025f   Thumb Code     0  startup_stm32f10x_md.o(.text)
    SPI2_IRQHandler                          0x0800025f   Thumb Code     0  startup_stm32f10x_md.o(.text)
    TAMPER_IRQHandler                        0x0800025f   Thumb Code     0  startup_stm32f10x_md.o(.text)
    TIM1_BRK_IRQHandler                      0x0800025f   Thumb Code     0  startup_stm32f10x_md.o(.text)
    TIM1_CC_IRQHandler                       0x0800025f   Thumb Code     0  startup_stm32f10x_md.o(.text)
    TIM1_TRG_COM_IRQHandler                  0x0800025f   Thumb Code     0  startup_stm32f10x_md.o(.text)
    TIM1_UP_IRQHandler                       0x0800025f   Thumb Code     0  startup_stm32f10x_md.o(.text)
    TIM2_IRQHandler                          0x0800025f   Thumb Code     0  startup_stm32f10x_md.o(.text)
    TIM3_IRQHandler                          0x0800025f   Thumb Code     0  startup_stm32f10x_md.o(.text)
    TIM4_IRQHandler                          0x0800025f   Thumb Code     0  startup_stm32f10x_md.o(.text)
    USART1_IRQHandler                        0x0800025f   Thumb Code     0  startup_stm32f10x_md.o(.text)
    USART2_IRQHandler                        0x0800025f   Thumb Code     0  startup_stm32f10x_md.o(.text)
    USART3_IRQHandler                        0x0800025f   Thumb Code     0  startup_stm32f10x_md.o(.text)
    USBWakeUp_IRQHandler                     0x0800025f   Thumb Code     0  startup_stm32f10x_md.o(.text)
    USB_HP_CAN1_TX_IRQHandler                0x0800025f   Thumb Code     0  startup_stm32f10x_md.o(.text)
    USB_LP_CAN1_RX0_IRQHandler               0x0800025f   Thumb Code     0  startup_stm32f10x_md.o(.text)
    WWDG_IRQHandler                          0x0800025f   Thumb Code     0  startup_stm32f10x_md.o(.text)
    __user_initial_stackheap                 0x08000261   Thumb Code     0  startup_stm32f10x_md.o(.text)
    printf                                   0x08000285   Thumb Code    20  printf.o(.text)
    strcmp                                   0x0800029d   Thumb Code   128  strcmpv7m.o(.text)
    __use_two_region_memory                  0x0800031d   Thumb Code     2  heapauxi.o(.text)
    __rt_heap_escrow                         0x0800031f   Thumb Code     2  heapauxi.o(.text)
    __rt_heap_expand                         0x08000321   Thumb Code     2  heapauxi.o(.text)
    __read_errno                             0x08000323   Thumb Code    10  _rserrno.o(.text)
    __set_errno                              0x0800032d   Thumb Code    12  _rserrno.o(.text)
    _printf_pre_padding                      0x08000339   Thumb Code    44  _printf_pad.o(.text)
    _printf_post_padding                     0x08000365   Thumb Code    34  _printf_pad.o(.text)
    _printf_truncate_signed                  0x08000387   Thumb Code    18  _printf_truncate.o(.text)
    _printf_truncate_unsigned                0x08000399   Thumb Code    18  _printf_truncate.o(.text)
    _printf_str                              0x080003ab   Thumb Code    82  _printf_str.o(.text)
    _printf_int_dec                          0x080003fd   Thumb Code   104  _printf_dec.o(.text)
    _printf_charcount                        0x08000475   Thumb Code    40  _printf_charcount.o(.text)
    _printf_char_file                        0x0800049d   Thumb Code    32  _printf_char_file.o(.text)
    _printf_wctomb                           0x080004c1   Thumb Code   182  _printf_wctomb.o(.text)
    _printf_longlong_dec                     0x0800057d   Thumb Code   108  _printf_longlong_dec.o(.text)
    _printf_longlong_oct                     0x080005f9   Thumb Code    68  _printf_oct_int_ll.o(.text)
    _printf_int_oct                          0x0800063d   Thumb Code    24  _printf_oct_int_ll.o(.text)
    _printf_ll_oct                           0x08000655   Thumb Code    12  _printf_oct_int_ll.o(.text)
    _printf_longlong_hex                     0x08000669   Thumb Code    86  _printf_hex_int_ll_ptr.o(.text)
    _printf_int_hex                          0x080006bf   Thumb Code    28  _printf_hex_int_ll_ptr.o(.text)
    _printf_ll_hex                           0x080006db   Thumb Code    12  _printf_hex_int_ll_ptr.o(.text)
    _printf_hex_ptr                          0x080006e7   Thumb Code    18  _printf_hex_int_ll_ptr.o(.text)
    __printf                                 0x080006fd   Thumb Code   388  __printf_flags_ss_wp.o(.text)
    __aeabi_errno_addr                       0x08000885   Thumb Code     8  rt_errno_addr_intlibspace.o(.text)
    __errno$intlibspace                      0x08000885   Thumb Code     0  rt_errno_addr_intlibspace.o(.text)
    __rt_errno_addr$intlibspace              0x08000885   Thumb Code     0  rt_errno_addr_intlibspace.o(.text)
    _ll_udiv10                               0x0800088d   Thumb Code   138  lludiv10.o(.text)
    _printf_int_common                       0x08000917   Thumb Code   178  _printf_intcommon.o(.text)
    _printf_fp_dec_real                      0x08000b79   Thumb Code   620  _printf_fp_dec.o(.text)
    _printf_fp_hex_real                      0x08000de5   Thumb Code   756  _printf_fp_hex.o(.text)
    _printf_char_common                      0x080010eb   Thumb Code    32  _printf_char_common.o(.text)
    _printf_cs_common                        0x08001111   Thumb Code    20  _printf_char.o(.text)
    _printf_char                             0x08001125   Thumb Code    16  _printf_char.o(.text)
    _printf_string                           0x08001135   Thumb Code     8  _printf_char.o(.text)
    _printf_lcs_common                       0x0800113d   Thumb Code    20  _printf_wchar.o(.text)
    _printf_wchar                            0x08001151   Thumb Code    16  _printf_wchar.o(.text)
    _printf_wstring                          0x08001161   Thumb Code     8  _printf_wchar.o(.text)
    ferror                                   0x08001169   Thumb Code     8  ferror.o(.text)
    _initio                                  0x08001171   Thumb Code   210  initio.o(.text)
    _terminateio                             0x08001243   Thumb Code    56  initio.o(.text)
    _c16rtomb                                0x080012a9   Thumb Code    72  _c16rtomb.o(.text)
    _wcrtomb                                 0x080012a9   Thumb Code     0  _c16rtomb.o(.text)
    __user_libspace                          0x080012f1   Thumb Code     8  libspace.o(.text)
    __user_perproc_libspace                  0x080012f1   Thumb Code     0  libspace.o(.text)
    __user_perthread_libspace                0x080012f1   Thumb Code     0  libspace.o(.text)
    __user_setup_stackheap                   0x080012f9   Thumb Code    74  sys_stackheap_outer.o(.text)
    __rt_ctype_table                         0x08001345   Thumb Code    16  rt_ctype_table.o(.text)
    __rt_locale                              0x08001355   Thumb Code     8  rt_locale_intlibspace.o(.text)
    free                                     0x0800135d   Thumb Code    78  h1_free.o(.text)
    _printf_fp_infnan                        0x080013ad   Thumb Code   112  _printf_fp_infnan.o(.text)
    _btod_etento                             0x0800142d   Thumb Code   224  bigflt0.o(.text)
    __flsbuf                                 0x08001511   Thumb Code   482  flsbuf.o(.text)
    __flsbuf_byte                            0x08001511   Thumb Code     0  flsbuf.o(.text)
    __flsbuf_wide                            0x08001511   Thumb Code     0  flsbuf.o(.text)
    setvbuf                                  0x080016f3   Thumb Code    70  setvbuf.o(.text)
    freopen                                  0x08001739   Thumb Code   160  fopen.o(.text)
    fopen                                    0x080017d9   Thumb Code    74  fopen.o(.text)
    _fclose_internal                         0x08001829   Thumb Code    76  fclose.o(.text)
    fclose                                   0x08001829   Thumb Code     0  fclose.o(.text)
    exit                                     0x08001875   Thumb Code    18  exit.o(.text)
    __rt_SIGRTRED                            0x08001887   Thumb Code    14  defsig_rtred_outer.o(.text)
    __aeabi_memclr4                          0x08001895   Thumb Code     0  rt_memclr_w.o(.text)
    __aeabi_memclr8                          0x08001895   Thumb Code     0  rt_memclr_w.o(.text)
    __rt_memclr_w                            0x08001895   Thumb Code     0  rt_memclr_w.o(.text)
    _memset_w                                0x08001899   Thumb Code    74  rt_memclr_w.o(.text)
    __rt_heap_descriptor                     0x080018e5   Thumb Code     8  rt_heap_descriptor_intlibspace.o(.text)
    __use_no_heap                            0x080018ed   Thumb Code     2  hguard.o(.text)
    __heap$guard                             0x080018ef   Thumb Code     2  hguard.o(.text)
    _terminate_user_alloc                    0x080018f1   Thumb Code     2  init_alloc.o(.text)
    _init_user_alloc                         0x080018f3   Thumb Code     2  init_alloc.o(.text)
    __Heap_Full                              0x080018f5   Thumb Code    34  init_alloc.o(.text)
    __Heap_Broken                            0x08001917   Thumb Code     6  init_alloc.o(.text)
    _init_alloc                              0x0800191d   Thumb Code    94  init_alloc.o(.text)
    malloc                                   0x0800197b   Thumb Code    94  h1_alloc.o(.text)
    _fseek                                   0x080019d9   Thumb Code   242  fseek.o(.text)
    fseek                                    0x080019d9   Thumb Code     0  fseek.o(.text)
    _seterr                                  0x08001ad1   Thumb Code    20  stdio.o(.text)
    _writebuf                                0x08001ae5   Thumb Code    84  stdio.o(.text)
    _fflush                                  0x08001b39   Thumb Code    70  stdio.o(.text)
    _deferredlazyseek                        0x08001b7f   Thumb Code    60  stdio.o(.text)
    __sig_exit                               0x08001bc1   Thumb Code    10  defsig_exit.o(.text)
    __rt_SIGRTRED_inner                      0x08001bcd   Thumb Code    14  defsig_rtred_inner.o(.text)
    _sys_exit                                0x08001c01   Thumb Code     8  sys_exit.o(.text)
    __Heap_Initialize                        0x08001c0d   Thumb Code    10  h1_init.o(.text)
    _maybe_terminate_alloc                   0x08001c0d   Thumb Code     0  maybetermalloc1.o(.text)
    __Heap_DescSize                          0x08001c17   Thumb Code     4  h1_init.o(.text)
    __Heap_ProvideMemory                     0x08001c1b   Thumb Code    52  h1_extend.o(.text)
    _ftell_internal                          0x08001c4f   Thumb Code    66  ftell.o(.text)
    ftell                                    0x08001c4f   Thumb Code     0  ftell.o(.text)
    __default_signal_display                 0x08001c91   Thumb Code    50  defsig_general.o(.text)
    __rt_SIGRTMEM                            0x08001cc3   Thumb Code    14  defsig_rtmem_outer.o(.text)
    _ttywrch                                 0x08001cd1   Thumb Code    14  sys_wrch.o(.text)
    __I$use$semihosting                      0x08001cdf   Thumb Code     0  use_no_semi.o(.text)
    __use_no_semihosting_swi                 0x08001cdf   Thumb Code     2  use_no_semi.o(.text)
    __rt_SIGRTMEM_inner                      0x08001ce1   Thumb Code    22  defsig_rtmem_inner.o(.text)
    __semihosting_library_function           0x08001ce1   Thumb Code     0  indicate_semi.o(.text)
    ITM_SendChar                             0x08001d31   Thumb Code    66  retarget_io.o(.text.ITM_SendChar)
    SystemInit                               0x08001ea1   Thumb Code   102  system_stm32f10x.o(.text.SystemInit)
    _sys_close                               0x08001f09   Thumb Code    74  retarget_io.o(.text._sys_close)
    _sys_flen                                0x08001f55   Thumb Code    72  retarget_io.o(.text._sys_flen)
    _sys_istty                               0x08001f9d   Thumb Code    72  retarget_io.o(.text._sys_istty)
    _sys_open                                0x08001fe5   Thumb Code   132  retarget_io.o(.text._sys_open)
    _sys_seek                                0x08002069   Thumb Code    82  retarget_io.o(.text._sys_seek)
    _sys_write                               0x080020bd   Thumb Code   152  retarget_io.o(.text._sys_write)
    isArmstrong                              0x08002155   Thumb Code   184  task2_new.o(.text.isArmstrong)
    main                                     0x0800220d   Thumb Code    78  task2_new.o(.text.main)
    _btod_d2e                                0x0800227d   Thumb Code    62  btod.o(CL$$btod_d2e)
    _d2e_denorm_low                          0x080022bb   Thumb Code    70  btod.o(CL$$btod_d2e_denorm_low)
    _d2e_norm_op1                            0x08002301   Thumb Code    96  btod.o(CL$$btod_d2e_norm_op1)
    __btod_div_common                        0x08002361   Thumb Code   696  btod.o(CL$$btod_div_common)
    _e2e                                     0x08002699   Thumb Code   220  btod.o(CL$$btod_e2e)
    _btod_ediv                               0x08002775   Thumb Code    42  btod.o(CL$$btod_ediv)
    _btod_emul                               0x0800279f   Thumb Code    42  btod.o(CL$$btod_emul)
    __btod_mult_common                       0x080027c9   Thumb Code   580  btod.o(CL$$btod_mult_common)
    __ARM_fpclassify                         0x08002a0d   Thumb Code    40  fpclassify.o(i.__ARM_fpclassify)
    __kernel_poly                            0x08002a35   Thumb Code   170  poly.o(i.__kernel_poly)
    __mathlib_dbl_divzero                    0x08002ae1   Thumb Code    12  dunder.o(i.__mathlib_dbl_divzero)
    __mathlib_dbl_infnan2                    0x08002af1   Thumb Code     4  dunder.o(i.__mathlib_dbl_infnan2)
    __mathlib_dbl_invalid                    0x08002af5   Thumb Code    12  dunder.o(i.__mathlib_dbl_invalid)
    __mathlib_dbl_overflow                   0x08002b01   Thumb Code    14  dunder.o(i.__mathlib_dbl_overflow)
    __mathlib_dbl_underflow                  0x08002b11   Thumb Code    10  dunder.o(i.__mathlib_dbl_underflow)
    _is_digit                                0x08002b21   Thumb Code    14  __printf_wp.o(i._is_digit)
    fputc                                    0x08002b2f   Thumb Code    28  fputc.o(i.fputc)
    pow                                      0x08002b4d   Thumb Code  2532  pow.o(i.pow)
    sqrt                                     0x08003539   Thumb Code    76  sqrt.o(i.sqrt)
    _get_lc_numeric                          0x08003585   Thumb Code    44  lc_numeric_c.o(locale$$code)
    _get_lc_ctype                            0x080035b1   Thumb Code    44  lc_ctype_c.o(locale$$code)
    __aeabi_dadd                             0x080035dd   Thumb Code     0  daddsub_clz.o(x$fpl$dadd)
    _dadd                                    0x080035dd   Thumb Code   332  daddsub_clz.o(x$fpl$dadd)
    __fpl_dcheck_NaN1                        0x0800372d   Thumb Code    10  dcheck1.o(x$fpl$dcheck1)
    __fpl_dcmp_Inf                           0x0800373d   Thumb Code    24  dcmpi.o(x$fpl$dcmpinf)
    __aeabi_ddiv                             0x08003755   Thumb Code     0  ddiv.o(x$fpl$ddiv)
    _ddiv                                    0x08003755   Thumb Code   556  ddiv.o(x$fpl$ddiv)
    __aeabi_d2iz                             0x08003a09   Thumb Code     0  dfix.o(x$fpl$dfix)
    _dfix                                    0x08003a09   Thumb Code    94  dfix.o(x$fpl$dfix)
    __aeabi_i2d                              0x08003a67   Thumb Code     0  dflt_clz.o(x$fpl$dflt)
    _dflt                                    0x08003a67   Thumb Code    46  dflt_clz.o(x$fpl$dflt)
    __aeabi_cdcmple                          0x08003a95   Thumb Code     0  dleqf.o(x$fpl$dleqf)
    _dcmple                                  0x08003a95   Thumb Code   120  dleqf.o(x$fpl$dleqf)
    __fpl_dcmple_InfNaN                      0x08003af7   Thumb Code     0  dleqf.o(x$fpl$dleqf)
    __aeabi_dmul                             0x08003b0d   Thumb Code     0  dmul.o(x$fpl$dmul)
    _dmul                                    0x08003b0d   Thumb Code   332  dmul.o(x$fpl$dmul)
    __fpl_dnaninf                            0x08003c61   Thumb Code   156  dnaninf.o(x$fpl$dnaninf)
    __fpl_dretinf                            0x08003cfd   Thumb Code    12  dretinf.o(x$fpl$dretinf)
    __aeabi_cdrcmple                         0x08003d09   Thumb Code     0  drleqf.o(x$fpl$drleqf)
    _drcmple                                 0x08003d09   Thumb Code   108  drleqf.o(x$fpl$drleqf)
    __aeabi_drsub                            0x08003d75   Thumb Code     0  daddsub_clz.o(x$fpl$drsb)
    _drsb                                    0x08003d75   Thumb Code    22  daddsub_clz.o(x$fpl$drsb)
    _dsqrt                                   0x08003d8d   Thumb Code   456  dsqrt_noumaal.o(x$fpl$dsqrt)
    __aeabi_dsub                             0x08003f59   Thumb Code     0  daddsub_clz.o(x$fpl$dsub)
    _dsub                                    0x08003f59   Thumb Code   472  daddsub_clz.o(x$fpl$dsub)
    _printf_fp_dec                           0x08004135   Thumb Code     4  printf1.o(x$fpl$printf1)
    _printf_fp_hex                           0x08004139   Thumb Code     4  printf2.o(x$fpl$printf2)
    __fpl_return_NaN                         0x0800413d   Thumb Code   100  retnan.o(x$fpl$retnan)
    __ARM_scalbn                             0x080041a1   Thumb Code    92  scalbn.o(x$fpl$scalbn)
    __fpl_cmpreturn                          0x080041fd   Thumb Code    48  trapv.o(x$fpl$trapveneer)
    __I$use$fp                               0x0800422c   Number         0  usenofp.o(x$fpl$usenofp)
    __mathlib_zero                           0x08004300   Data           8  qnan.o(.constdata)
    __stderr_name                            0x080043c4   Data           8  retarget_io.o(.rodata.__stderr_name)
    __stdin_name                             0x080043cc   Data           7  retarget_io.o(.rodata.__stdin_name)
    __stdout_name                            0x080043d3   Data           8  retarget_io.o(.rodata.__stdout_name)
    Region$$Table$$Base                      0x08004424   Number         0  anon$$obj.o(Region$$Table)
    Region$$Table$$Limit                     0x08004444   Number         0  anon$$obj.o(Region$$Table)
    __ctype                                  0x0800446d   Data           0  lc_ctype_c.o(locale$$data)
    __aeabi_stdin                            0x20000000   Data           4  stdio_streams.o(.data)
    __aeabi_stdout                           0x20000004   Data           4  stdio_streams.o(.data)
    __aeabi_stderr                           0x20000008   Data           4  stdio_streams.o(.data)
    __stdin                                  0x20000010   Data          84  stdio_streams.o(.bss)
    __stdout                                 0x20000064   Data          84  stdio_streams.o(.bss)
    __stderr                                 0x200000b8   Data          84  stdio_streams.o(.bss)
    __libspace_start                         0x2000010c   Data          96  libspace.o(.bss)
    __temporary_stack_top$libspace           0x2000016c   Data           0  libspace.o(.bss)



==============================================================================

Memory Map of the image

  Image Entry point : 0x08000245

  Load Region LR_1 (Base: 0x08000000, Size: 0x0000457c, Max: 0xffffffff, ABSOLUTE)

    Execution Region ER_RO (Exec base: 0x08000000, Load base: 0x08000000, Size: 0x00004570, Max: 0xffffffff, ABSOLUTE)

    Exec Addr    Load Addr    Size         Type   Attr      Idx    E Section Name        Object

    0x08000000   0x08000000   0x000000ec   Data   RO           54    RESET               startup_stm32f10x_md.o
    0x080000ec   0x080000ec   0x00000008   Code   RO           86  * !!!main             c_w.l(__main.o)
    0x080000f4   0x080000f4   0x00000034   Code   RO          667    !!!scatter          c_w.l(__scatter.o)
    0x08000128   0x08000128   0x0000001a   Code   RO          669    !!handler_copy      c_w.l(__scatter_copy.o)
    0x08000142   0x08000142   0x00000002   PAD
    0x08000144   0x08000144   0x0000001c   Code   RO          671    !!handler_zi        c_w.l(__scatter_zi.o)
    0x08000160   0x08000160   0x00000000   Code   RO          191    .ARM.Collect$$_printf_percent$$00000000  c_w.l(_printf_percent.o)
    0x08000160   0x08000160   0x00000006   Code   RO          180    .ARM.Collect$$_printf_percent$$00000001  c_w.l(_printf_n.o)
    0x08000166   0x08000166   0x00000006   Code   RO          182    .ARM.Collect$$_printf_percent$$00000002  c_w.l(_printf_p.o)
    0x0800016c   0x0800016c   0x00000006   Code   RO          187    .ARM.Collect$$_printf_percent$$00000003  c_w.l(_printf_f.o)
    0x08000172   0x08000172   0x00000006   Code   RO          188    .ARM.Collect$$_printf_percent$$00000004  c_w.l(_printf_e.o)
    0x08000178   0x08000178   0x00000006   Code   RO          189    .ARM.Collect$$_printf_percent$$00000005  c_w.l(_printf_g.o)
    0x0800017e   0x0800017e   0x00000006   Code   RO          190    .ARM.Collect$$_printf_percent$$00000006  c_w.l(_printf_a.o)
    0x08000184   0x08000184   0x0000000a   Code   RO          195    .ARM.Collect$$_printf_percent$$00000007  c_w.l(_printf_ll.o)
    0x0800018e   0x0800018e   0x00000006   Code   RO          184    .ARM.Collect$$_printf_percent$$00000008  c_w.l(_printf_i.o)
    0x08000194   0x08000194   0x00000006   Code   RO          185    .ARM.Collect$$_printf_percent$$00000009  c_w.l(_printf_d.o)
    0x0800019a   0x0800019a   0x00000006   Code   RO          186    .ARM.Collect$$_printf_percent$$0000000A  c_w.l(_printf_u.o)
    0x080001a0   0x080001a0   0x00000006   Code   RO          183    .ARM.Collect$$_printf_percent$$0000000B  c_w.l(_printf_o.o)
    0x080001a6   0x080001a6   0x00000006   Code   RO          181    .ARM.Collect$$_printf_percent$$0000000C  c_w.l(_printf_x.o)
    0x080001ac   0x080001ac   0x00000006   Code   RO          192    .ARM.Collect$$_printf_percent$$0000000D  c_w.l(_printf_lli.o)
    0x080001b2   0x080001b2   0x00000006   Code   RO          193    .ARM.Collect$$_printf_percent$$0000000E  c_w.l(_printf_lld.o)
    0x080001b8   0x080001b8   0x00000006   Code   RO          194    .ARM.Collect$$_printf_percent$$0000000F  c_w.l(_printf_llu.o)
    0x080001be   0x080001be   0x00000006   Code   RO          199    .ARM.Collect$$_printf_percent$$00000010  c_w.l(_printf_llo.o)
    0x080001c4   0x080001c4   0x00000006   Code   RO          200    .ARM.Collect$$_printf_percent$$00000011  c_w.l(_printf_llx.o)
    0x080001ca   0x080001ca   0x0000000a   Code   RO          196    .ARM.Collect$$_printf_percent$$00000012  c_w.l(_printf_l.o)
    0x080001d4   0x080001d4   0x00000006   Code   RO          178    .ARM.Collect$$_printf_percent$$00000013  c_w.l(_printf_c.o)
    0x080001da   0x080001da   0x00000006   Code   RO          179    .ARM.Collect$$_printf_percent$$00000014  c_w.l(_printf_s.o)
    0x080001e0   0x080001e0   0x00000006   Code   RO          197    .ARM.Collect$$_printf_percent$$00000015  c_w.l(_printf_lc.o)
    0x080001e6   0x080001e6   0x00000006   Code   RO          198    .ARM.Collect$$_printf_percent$$00000016  c_w.l(_printf_ls.o)
    0x080001ec   0x080001ec   0x00000004   Code   RO          290    .ARM.Collect$$_printf_percent$$00000017  c_w.l(_printf_percent_end.o)
    0x080001f0   0x080001f0   0x00000002   Code   RO          443    .ARM.Collect$$libinit$$00000000  c_w.l(libinit.o)
    0x080001f2   0x080001f2   0x00000000   Code   RO          445    .ARM.Collect$$libinit$$00000002  c_w.l(libinit2.o)
    0x080001f2   0x080001f2   0x00000000   Code   RO          447    .ARM.Collect$$libinit$$00000004  c_w.l(libinit2.o)
    0x080001f2   0x080001f2   0x00000000   Code   RO          449    .ARM.Collect$$libinit$$00000006  c_w.l(libinit2.o)
    0x080001f2   0x080001f2   0x00000008   Code   RO          450    .ARM.Collect$$libinit$$00000007  c_w.l(libinit2.o)
    0x080001fa   0x080001fa   0x00000000   Code   RO          452    .ARM.Collect$$libinit$$0000000C  c_w.l(libinit2.o)
    0x080001fa   0x080001fa   0x00000000   Code   RO          454    .ARM.Collect$$libinit$$0000000E  c_w.l(libinit2.o)
    0x080001fa   0x080001fa   0x00000000   Code   RO          456    .ARM.Collect$$libinit$$00000010  c_w.l(libinit2.o)
    0x080001fa   0x080001fa   0x00000006   Code   RO          457    .ARM.Collect$$libinit$$00000011  c_w.l(libinit2.o)
    0x08000200   0x08000200   0x00000000   Code   RO          459    .ARM.Collect$$libinit$$00000013  c_w.l(libinit2.o)
    0x08000200   0x08000200   0x0000000c   Code   RO          460    .ARM.Collect$$libinit$$00000014  c_w.l(libinit2.o)
    0x0800020c   0x0800020c   0x00000000   Code   RO          461    .ARM.Collect$$libinit$$00000015  c_w.l(libinit2.o)
    0x0800020c   0x0800020c   0x00000000   Code   RO          463    .ARM.Collect$$libinit$$00000017  c_w.l(libinit2.o)
    0x0800020c   0x0800020c   0x0000000a   Code   RO          464    .ARM.Collect$$libinit$$00000018  c_w.l(libinit2.o)
    0x08000216   0x08000216   0x00000000   Code   RO          465    .ARM.Collect$$libinit$$00000019  c_w.l(libinit2.o)
    0x08000216   0x08000216   0x00000000   Code   RO          467    .ARM.Collect$$libinit$$0000001B  c_w.l(libinit2.o)
    0x08000216   0x08000216   0x00000000   Code   RO          469    .ARM.Collect$$libinit$$0000001D  c_w.l(libinit2.o)
    0x08000216   0x08000216   0x00000000   Code   RO          471    .ARM.Collect$$libinit$$0000001F  c_w.l(libinit2.o)
    0x08000216   0x08000216   0x00000000   Code   RO          473    .ARM.Collect$$libinit$$00000021  c_w.l(libinit2.o)
    0x08000216   0x08000216   0x00000000   Code   RO          475    .ARM.Collect$$libinit$$00000023  c_w.l(libinit2.o)
    0x08000216   0x08000216   0x00000000   Code   RO          477    .ARM.Collect$$libinit$$00000025  c_w.l(libinit2.o)
    0x08000216   0x08000216   0x00000004   Code   RO          478    .ARM.Collect$$libinit$$00000026  c_w.l(libinit2.o)
    0x0800021a   0x0800021a   0x00000000   Code   RO          479    .ARM.Collect$$libinit$$00000027  c_w.l(libinit2.o)
    0x0800021a   0x0800021a   0x00000000   Code   RO          483    .ARM.Collect$$libinit$$0000002E  c_w.l(libinit2.o)
    0x0800021a   0x0800021a   0x00000000   Code   RO          485    .ARM.Collect$$libinit$$00000030  c_w.l(libinit2.o)
    0x0800021a   0x0800021a   0x00000000   Code   RO          487    .ARM.Collect$$libinit$$00000032  c_w.l(libinit2.o)
    0x0800021a   0x0800021a   0x00000000   Code   RO          489    .ARM.Collect$$libinit$$00000034  c_w.l(libinit2.o)
    0x0800021a   0x0800021a   0x00000002   Code   RO          490    .ARM.Collect$$libinit$$00000035  c_w.l(libinit2.o)
    0x0800021c   0x0800021c   0x00000002   Code   RO          646    .ARM.Collect$$libshutdown$$00000000  c_w.l(libshutdown.o)
    0x0800021e   0x0800021e   0x00000000   Code   RO          492    .ARM.Collect$$libshutdown$$00000002  c_w.l(libshutdown2.o)
    0x0800021e   0x0800021e   0x00000004   Code   RO          493    .ARM.Collect$$libshutdown$$00000003  c_w.l(libshutdown2.o)
    0x08000222   0x08000222   0x00000000   Code   RO          494    .ARM.Collect$$libshutdown$$00000004  c_w.l(libshutdown2.o)
    0x08000222   0x08000222   0x00000000   Code   RO          497    .ARM.Collect$$libshutdown$$00000007  c_w.l(libshutdown2.o)
    0x08000222   0x08000222   0x00000000   Code   RO          500    .ARM.Collect$$libshutdown$$0000000A  c_w.l(libshutdown2.o)
    0x08000222   0x08000222   0x00000000   Code   RO          502    .ARM.Collect$$libshutdown$$0000000C  c_w.l(libshutdown2.o)
    0x08000222   0x08000222   0x00000000   Code   RO          505    .ARM.Collect$$libshutdown$$0000000F  c_w.l(libshutdown2.o)
    0x08000222   0x08000222   0x00000002   Code   RO          506    .ARM.Collect$$libshutdown$$00000010  c_w.l(libshutdown2.o)
    0x08000224   0x08000224   0x00000000   Code   RO          109    .ARM.Collect$$rtentry$$00000000  c_w.l(__rtentry.o)
    0x08000224   0x08000224   0x00000000   Code   RO          254    .ARM.Collect$$rtentry$$00000002  c_w.l(__rtentry2.o)
    0x08000224   0x08000224   0x00000006   Code   RO          266    .ARM.Collect$$rtentry$$00000004  c_w.l(__rtentry4.o)
    0x0800022a   0x0800022a   0x00000000   Code   RO          256    .ARM.Collect$$rtentry$$00000009  c_w.l(__rtentry2.o)
    0x0800022a   0x0800022a   0x00000004   Code   RO          257    .ARM.Collect$$rtentry$$0000000A  c_w.l(__rtentry2.o)
    0x0800022e   0x0800022e   0x00000000   Code   RO          259    .ARM.Collect$$rtentry$$0000000C  c_w.l(__rtentry2.o)
    0x0800022e   0x0800022e   0x00000008   Code   RO          260    .ARM.Collect$$rtentry$$0000000D  c_w.l(__rtentry2.o)
    0x08000236   0x08000236   0x00000002   Code   RO          515    .ARM.Collect$$rtexit$$00000000  c_w.l(rtexit.o)
    0x08000238   0x08000238   0x00000000   Code   RO          578    .ARM.Collect$$rtexit$$00000002  c_w.l(rtexit2.o)
    0x08000238   0x08000238   0x00000004   Code   RO          579    .ARM.Collect$$rtexit$$00000003  c_w.l(rtexit2.o)
    0x0800023c   0x0800023c   0x00000006   Code   RO          580    .ARM.Collect$$rtexit$$00000004  c_w.l(rtexit2.o)
    0x08000242   0x08000242   0x00000002   PAD
    0x08000244   0x08000244   0x00000040   Code   RO           55  * .text               startup_stm32f10x_md.o
    0x08000284   0x08000284   0x00000018   Code   RO           80    .text               c_w.l(printf.o)
    0x0800029c   0x0800029c   0x00000080   Code   RO           82    .text               c_w.l(strcmpv7m.o)
    0x0800031c   0x0800031c   0x00000006   Code   RO           84    .text               c_w.l(heapauxi.o)
    0x08000322   0x08000322   0x00000016   Code   RO          110    .text               c_w.l(_rserrno.o)
    0x08000338   0x08000338   0x0000004e   Code   RO          114    .text               c_w.l(_printf_pad.o)
    0x08000386   0x08000386   0x00000024   Code   RO          116    .text               c_w.l(_printf_truncate.o)
    0x080003aa   0x080003aa   0x00000052   Code   RO          118    .text               c_w.l(_printf_str.o)
    0x080003fc   0x080003fc   0x00000078   Code   RO          120    .text               c_w.l(_printf_dec.o)
    0x08000474   0x08000474   0x00000028   Code   RO          122    .text               c_w.l(_printf_charcount.o)
    0x0800049c   0x0800049c   0x00000024   Code   RO          124    .text               c_w.l(_printf_char_file.o)
    0x080004c0   0x080004c0   0x000000bc   Code   RO          126    .text               c_w.l(_printf_wctomb.o)
    0x0800057c   0x0800057c   0x0000007c   Code   RO          129    .text               c_w.l(_printf_longlong_dec.o)
    0x080005f8   0x080005f8   0x00000070   Code   RO          135    .text               c_w.l(_printf_oct_int_ll.o)
    0x08000668   0x08000668   0x00000094   Code   RO          155    .text               c_w.l(_printf_hex_int_ll_ptr.o)
    0x080006fc   0x080006fc   0x00000188   Code   RO          175    .text               c_w.l(__printf_flags_ss_wp.o)
    0x08000884   0x08000884   0x00000008   Code   RO          271    .text               c_w.l(rt_errno_addr_intlibspace.o)
    0x0800088c   0x0800088c   0x0000008a   Code   RO          273    .text               c_w.l(lludiv10.o)
    0x08000916   0x08000916   0x000000b2   Code   RO          275    .text               c_w.l(_printf_intcommon.o)
    0x080009c8   0x080009c8   0x0000041c   Code   RO          277    .text               c_w.l(_printf_fp_dec.o)
    0x08000de4   0x08000de4   0x000002fc   Code   RO          281    .text               c_w.l(_printf_fp_hex.o)
    0x080010e0   0x080010e0   0x00000030   Code   RO          284    .text               c_w.l(_printf_char_common.o)
    0x08001110   0x08001110   0x0000002c   Code   RO          286    .text               c_w.l(_printf_char.o)
    0x0800113c   0x0800113c   0x0000002c   Code   RO          288    .text               c_w.l(_printf_wchar.o)
    0x08001168   0x08001168   0x00000008   Code   RO          291    .text               c_w.l(ferror.o)
    0x08001170   0x08001170   0x00000138   Code   RO          297    .text               c_w.l(initio.o)
    0x080012a8   0x080012a8   0x00000048   Code   RO          305    .text               c_w.l(_c16rtomb.o)
    0x080012f0   0x080012f0   0x00000008   Code   RO          313    .text               c_w.l(libspace.o)
    0x080012f8   0x080012f8   0x0000004a   Code   RO          318    .text               c_w.l(sys_stackheap_outer.o)
    0x08001342   0x08001342   0x00000002   PAD
    0x08001344   0x08001344   0x00000010   Code   RO          320    .text               c_w.l(rt_ctype_table.o)
    0x08001354   0x08001354   0x00000008   Code   RO          325    .text               c_w.l(rt_locale_intlibspace.o)
    0x0800135c   0x0800135c   0x0000004e   Code   RO          329    .text               c_w.l(h1_free.o)
    0x080013aa   0x080013aa   0x00000002   PAD
    0x080013ac   0x080013ac   0x00000080   Code   RO          383    .text               c_w.l(_printf_fp_infnan.o)
    0x0800142c   0x0800142c   0x000000e4   Code   RO          387    .text               c_w.l(bigflt0.o)
    0x08001510   0x08001510   0x000001e2   Code   RO          414    .text               c_w.l(flsbuf.o)
    0x080016f2   0x080016f2   0x00000046   Code   RO          416    .text               c_w.l(setvbuf.o)
    0x08001738   0x08001738   0x000000f0   Code   RO          419    .text               c_w.l(fopen.o)
    0x08001828   0x08001828   0x0000004c   Code   RO          421    .text               c_w.l(fclose.o)
    0x08001874   0x08001874   0x00000012   Code   RO          430    .text               c_w.l(exit.o)
    0x08001886   0x08001886   0x0000000e   Code   RO          432    .text               c_w.l(defsig_rtred_outer.o)
    0x08001894   0x08001894   0x0000004e   Code   RO          436    .text               c_w.l(rt_memclr_w.o)
    0x080018e2   0x080018e2   0x00000002   PAD
    0x080018e4   0x080018e4   0x00000008   Code   RO          522    .text               c_w.l(rt_heap_descriptor_intlibspace.o)
    0x080018ec   0x080018ec   0x00000004   Code   RO          524    .text               c_w.l(hguard.o)
    0x080018f0   0x080018f0   0x0000008a   Code   RO          526    .text               c_w.l(init_alloc.o)
    0x0800197a   0x0800197a   0x0000005e   Code   RO          532    .text               c_w.l(h1_alloc.o)
    0x080019d8   0x080019d8   0x000000f8   Code   RO          548    .text               c_w.l(fseek.o)
    0x08001ad0   0x08001ad0   0x000000f0   Code   RO          550    .text               c_w.l(stdio.o)
    0x08001bc0   0x08001bc0   0x0000000a   Code   RO          559    .text               c_w.l(defsig_exit.o)
    0x08001bca   0x08001bca   0x00000002   PAD
    0x08001bcc   0x08001bcc   0x00000034   Code   RO          561    .text               c_w.l(defsig_rtred_inner.o)
    0x08001c00   0x08001c00   0x0000000c   Code   RO          573    .text               c_w.l(sys_exit.o)
    0x08001c0c   0x08001c0c   0x00000000   Code   RO          584    .text               c_w.l(maybetermalloc1.o)
    0x08001c0c   0x08001c0c   0x0000000e   Code   RO          586    .text               c_w.l(h1_init.o)
    0x08001c1a   0x08001c1a   0x00000034   Code   RO          588    .text               c_w.l(h1_extend.o)
    0x08001c4e   0x08001c4e   0x00000042   Code   RO          600    .text               c_w.l(ftell.o)
    0x08001c90   0x08001c90   0x00000032   Code   RO          608    .text               c_w.l(defsig_general.o)
    0x08001cc2   0x08001cc2   0x0000000e   Code   RO          610    .text               c_w.l(defsig_rtmem_outer.o)
    0x08001cd0   0x08001cd0   0x0000000e   Code   RO          625    .text               c_w.l(sys_wrch.o)
    0x08001cde   0x08001cde   0x00000002   Code   RO          633    .text               c_w.l(use_no_semi.o)
    0x08001ce0   0x08001ce0   0x00000000   Code   RO          635    .text               c_w.l(indicate_semi.o)
    0x08001ce0   0x08001ce0   0x00000050   Code   RO          640    .text               c_w.l(defsig_rtmem_inner.o)
    0x08001d30   0x08001d30   0x00000042   Code   RO           17    .text.ITM_SendChar  retarget_io.o
    0x08001d72   0x08001d72   0x00000002   PAD
    0x08001d74   0x08001d74   0x00000008   Code   RO           64    .text.SetSysClock   system_stm32f10x.o
    0x08001d7c   0x08001d7c   0x00000122   Code   RO           68    .text.SetSysClockTo72  system_stm32f10x.o
    0x08001e9e   0x08001e9e   0x00000002   PAD
    0x08001ea0   0x08001ea0   0x00000066   Code   RO           62    .text.SystemInit    system_stm32f10x.o
    0x08001f06   0x08001f06   0x00000002   PAD
    0x08001f08   0x08001f08   0x0000004a   Code   RO           23    .text._sys_close    retarget_io.o
    0x08001f52   0x08001f52   0x00000002   PAD
    0x08001f54   0x08001f54   0x00000048   Code   RO           39    .text._sys_flen     retarget_io.o
    0x08001f9c   0x08001f9c   0x00000048   Code   RO           35    .text._sys_istty    retarget_io.o
    0x08001fe4   0x08001fe4   0x00000084   Code   RO           21    .text._sys_open     retarget_io.o
    0x08002068   0x08002068   0x00000052   Code   RO           37    .text._sys_seek     retarget_io.o
    0x080020ba   0x080020ba   0x00000002   PAD
    0x080020bc   0x080020bc   0x00000098   Code   RO           25    .text._sys_write    retarget_io.o
    0x08002154   0x08002154   0x000000b8   Code   RO            4    .text.isArmstrong   task2_new.o
    0x0800220c   0x0800220c   0x0000004e   Code   RO            6    .text.main          task2_new.o
    0x0800225a   0x0800225a   0x00000002   PAD
    0x0800225c   0x0800225c   0x00000010   Code   RO           29    .text.stderr_putchar  retarget_io.o
    0x0800226c   0x0800226c   0x00000010   Code   RO           27    .text.stdout_putchar  retarget_io.o
    0x0800227c   0x0800227c   0x0000003e   Code   RO          390    CL$$btod_d2e        c_w.l(btod.o)
    0x080022ba   0x080022ba   0x00000046   Code   RO          392    CL$$btod_d2e_denorm_low  c_w.l(btod.o)
    0x08002300   0x08002300   0x00000060   Code   RO          391    CL$$btod_d2e_norm_op1  c_w.l(btod.o)
    0x08002360   0x08002360   0x00000338   Code   RO          400    CL$$btod_div_common  c_w.l(btod.o)
    0x08002698   0x08002698   0x000000dc   Code   RO          397    CL$$btod_e2e        c_w.l(btod.o)
    0x08002774   0x08002774   0x0000002a   Code   RO          394    CL$$btod_ediv       c_w.l(btod.o)
    0x0800279e   0x0800279e   0x0000002a   Code   RO          393    CL$$btod_emul       c_w.l(btod.o)
    0x080027c8   0x080027c8   0x00000244   Code   RO          399    CL$$btod_mult_common  c_w.l(btod.o)
    0x08002a0c   0x08002a0c   0x00000028   Code   RO          244    i.__ARM_fpclassify  m_ws.l(fpclassify.o)
    0x08002a34   0x08002a34   0x000000aa   Code   RO          246    i.__kernel_poly     m_ws.l(poly.o)
    0x08002ade   0x08002ade   0x00000002   PAD
    0x08002ae0   0x08002ae0   0x00000010   Code   RO          230    i.__mathlib_dbl_divzero  m_ws.l(dunder.o)
    0x08002af0   0x08002af0   0x00000004   Code   RO          232    i.__mathlib_dbl_infnan2  m_ws.l(dunder.o)
    0x08002af4   0x08002af4   0x0000000c   Code   RO          233    i.__mathlib_dbl_invalid  m_ws.l(dunder.o)
    0x08002b00   0x08002b00   0x0000000e   Code   RO          234    i.__mathlib_dbl_overflow  m_ws.l(dunder.o)
    0x08002b0e   0x08002b0e   0x00000002   PAD
    0x08002b10   0x08002b10   0x00000010   Code   RO          236    i.__mathlib_dbl_underflow  m_ws.l(dunder.o)
    0x08002b20   0x08002b20   0x0000000e   Code   RO          168    i._is_digit         c_w.l(__printf_wp.o)
    0x08002b2e   0x08002b2e   0x0000001c   Code   RO          294    i.fputc             c_w.l(fputc.o)
    0x08002b4a   0x08002b4a   0x00000002   PAD
    0x08002b4c   0x08002b4c   0x000009ec   Code   RO          105    i.pow               m_ws.l(pow.o)
    0x08003538   0x08003538   0x0000004c   Code   RO          250    i.sqrt              m_ws.l(sqrt.o)
    0x08003584   0x08003584   0x0000002c   Code   RO          428    locale$$code        c_w.l(lc_numeric_c.o)
    0x080035b0   0x080035b0   0x0000002c   Code   RO          557    locale$$code        c_w.l(lc_ctype_c.o)
    0x080035dc   0x080035dc   0x00000150   Code   RO           88    x$fpl$dadd          fz_ws.l(daddsub_clz.o)
    0x0800372c   0x0800372c   0x00000010   Code   RO          307    x$fpl$dcheck1       fz_ws.l(dcheck1.o)
    0x0800373c   0x0800373c   0x00000018   Code   RO          509    x$fpl$dcmpinf       fz_ws.l(dcmpi.o)
    0x08003754   0x08003754   0x000002b4   Code   RO          208    x$fpl$ddiv          fz_ws.l(ddiv.o)
    0x08003a08   0x08003a08   0x0000005e   Code   RO           94    x$fpl$dfix          fz_ws.l(dfix.o)
    0x08003a66   0x08003a66   0x0000002e   Code   RO           99    x$fpl$dflt          fz_ws.l(dflt_clz.o)
    0x08003a94   0x08003a94   0x00000078   Code   RO          309    x$fpl$dleqf         fz_ws.l(dleqf.o)
    0x08003b0c   0x08003b0c   0x00000154   Code   RO          211    x$fpl$dmul          fz_ws.l(dmul.o)
    0x08003c60   0x08003c60   0x0000009c   Code   RO          213    x$fpl$dnaninf       fz_ws.l(dnaninf.o)
    0x08003cfc   0x08003cfc   0x0000000c   Code   RO          215    x$fpl$dretinf       fz_ws.l(dretinf.o)
    0x08003d08   0x08003d08   0x0000006c   Code   RO          217    x$fpl$drleqf        fz_ws.l(drleqf.o)
    0x08003d74   0x08003d74   0x00000016   Code   RO           89    x$fpl$drsb          fz_ws.l(daddsub_clz.o)
    0x08003d8a   0x08003d8a   0x00000002   PAD
    0x08003d8c   0x08003d8c   0x000001cc   Code   RO          311    x$fpl$dsqrt         fz_ws.l(dsqrt_noumaal.o)
    0x08003f58   0x08003f58   0x000001dc   Code   RO           90    x$fpl$dsub          fz_ws.l(daddsub_clz.o)
    0x08004134   0x08004134   0x00000004   Code   RO          219    x$fpl$printf1       fz_ws.l(printf1.o)
    0x08004138   0x08004138   0x00000004   Code   RO          221    x$fpl$printf2       fz_ws.l(printf2.o)
    0x0800413c   0x0800413c   0x00000064   Code   RO          513    x$fpl$retnan        fz_ws.l(retnan.o)
    0x080041a0   0x080041a0   0x0000005c   Code   RO          227    x$fpl$scalbn        fz_ws.l(scalbn.o)
    0x080041fc   0x080041fc   0x00000030   Code   RO          571    x$fpl$trapveneer    fz_ws.l(trapv.o)
    0x0800422c   0x0800422c   0x00000000   Code   RO          229    x$fpl$usenofp       fz_ws.l(usenofp.o)
    0x0800422c   0x0800422c   0x00000004   PAD
    0x08004230   0x08004230   0x00000088   Data   RO          106    .constdata          m_ws.l(pow.o)
    0x080042b8   0x080042b8   0x00000008   Data   RO          127    .constdata          c_w.l(_printf_wctomb.o)
    0x080042c0   0x080042c0   0x00000028   Data   RO          156    .constdata          c_w.l(_printf_hex_int_ll_ptr.o)
    0x080042e8   0x080042e8   0x00000011   Data   RO          176    .constdata          c_w.l(__printf_flags_ss_wp.o)
    0x080042f9   0x080042f9   0x00000007   PAD
    0x08004300   0x08004300   0x00000008   Data   RO          248    .constdata          m_ws.l(qnan.o)
    0x08004308   0x08004308   0x00000026   Data   RO          282    .constdata          c_w.l(_printf_fp_hex.o)
    0x0800432e   0x0800432e   0x00000002   PAD
    0x08004330   0x08004330   0x00000094   Data   RO          388    .constdata          c_w.l(bigflt0.o)
    0x080043c4   0x080043c4   0x00000008   Data   RO           44    .rodata.__stderr_name  retarget_io.o
    0x080043cc   0x080043cc   0x00000007   Data   RO           42    .rodata.__stdin_name  retarget_io.o
    0x080043d3   0x080043d3   0x00000008   Data   RO           43    .rodata.__stdout_name  retarget_io.o
    0x080043db   0x080043db   0x00000030   Data   RO            8    .rodata.str1.1      task2_new.o
    0x0800440b   0x0800440b   0x00000017   Data   RO           45    .rodata.str1.1      retarget_io.o
    0x08004422   0x08004422   0x00000002   PAD
    0x08004424   0x08004424   0x00000020   Data   RO          666    Region$$Table       anon$$obj.o
    0x08004444   0x08004444   0x0000001c   Data   RO          427    locale$$data        c_w.l(lc_numeric_c.o)
    0x08004460   0x08004460   0x00000110   Data   RO          556    locale$$data        c_w.l(lc_ctype_c.o)


    Execution Region ER_RW (Exec base: 0x20000000, Load base: 0x08004570, Size: 0x0000000c, Max: 0xffffffff, ABSOLUTE)

    Exec Addr    Load Addr    Size         Type   Attr      Idx    E Section Name        Object

    0x20000000   0x08004570   0x00000004   Data   RW          204    .data               c_w.l(stdio_streams.o)
    0x20000004   0x08004574   0x00000004   Data   RW          205    .data               c_w.l(stdio_streams.o)
    0x20000008   0x08004578   0x00000004   Data   RW          206    .data               c_w.l(stdio_streams.o)


    Execution Region ER_ZI (Exec base: 0x20000010, Load base: 0x0800457c, Size: 0x00000760, Max: 0xffffffff, ABSOLUTE)

    Exec Addr    Load Addr    Size         Type   Attr      Idx    E Section Name        Object

    0x20000010        -       0x00000054   Zero   RW          201    .bss                c_w.l(stdio_streams.o)
    0x20000064        -       0x00000054   Zero   RW          202    .bss                c_w.l(stdio_streams.o)
    0x200000b8        -       0x00000054   Zero   RW          203    .bss                c_w.l(stdio_streams.o)
    0x2000010c        -       0x00000060   Zero   RW          314    .bss                c_w.l(libspace.o)
    0x2000016c   0x0800457c   0x00000004   PAD
    0x20000170        -       0x00000200   Zero   RW           53    HEAP                startup_stm32f10x_md.o
    0x20000370        -       0x00000400   Zero   RW           52    STACK               startup_stm32f10x_md.o


==============================================================================

Image component sizes


      Code (inc. data)   RO Data    RW Data    ZI Data      Debug   Object Name

       682          0         46          0          0       3289   retarget_io.o
        64         26        236          0       1536        844   startup_stm32f10x_md.o
       400          0          0          0          0       2970   system_stm32f10x.o
       262          0         48          0          0        820   task2_new.o

    ----------------------------------------------------------------------
      1420         26        364          0       1536       7923   Object Totals
         0          0         32          0          0          0   (incl. Generated)
        12          0          2          0          0          0   (incl. Padding)

    ----------------------------------------------------------------------

      Code (inc. data)   RO Data    RW Data    ZI Data      Debug   Library Member Name

         8          0          0          0          0         68   __main.o
       392          4         17          0          0         92   __printf_flags_ss_wp.o
        14          0          0          0          0         68   __printf_wp.o
         0          0          0          0          0          0   __rtentry.o
        12          0          0          0          0          0   __rtentry2.o
         6          0          0          0          0          0   __rtentry4.o
        52          8          0          0          0          0   __scatter.o
        26          0          0          0          0          0   __scatter_copy.o
        28          0          0          0          0          0   __scatter_zi.o
        72          0          0          0          0         96   _c16rtomb.o
         6          0          0          0          0          0   _printf_a.o
         6          0          0          0          0          0   _printf_c.o
        44          0          0          0          0        108   _printf_char.o
        48          6          0          0          0         96   _printf_char_common.o
        36          4          0          0          0         80   _printf_char_file.o
        40          0          0          0          0         68   _printf_charcount.o
         6          0          0          0          0          0   _printf_d.o
       120         16          0          0          0         92   _printf_dec.o
         6          0          0          0          0          0   _printf_e.o
         6          0          0          0          0          0   _printf_f.o
      1052          0          0          0          0        148   _printf_fp_dec.o
       764          8         38          0          0        100   _printf_fp_hex.o
       128         16          0          0          0         84   _printf_fp_infnan.o
         6          0          0          0          0          0   _printf_g.o
       148          4         40          0          0        160   _printf_hex_int_ll_ptr.o
         6          0          0          0          0          0   _printf_i.o
       178          0          0          0          0         88   _printf_intcommon.o
        10          0          0          0          0          0   _printf_l.o
         6          0          0          0          0          0   _printf_lc.o
        10          0          0          0          0          0   _printf_ll.o
         6          0          0          0          0          0   _printf_lld.o
         6          0          0          0          0          0   _printf_lli.o
         6          0          0          0          0          0   _printf_llo.o
         6          0          0          0          0          0   _printf_llu.o
         6          0          0          0          0          0   _printf_llx.o
       124         16          0          0          0         92   _printf_longlong_dec.o
         6          0          0          0          0          0   _printf_ls.o
         6          0          0          0          0          0   _printf_n.o
         6          0          0          0          0          0   _printf_o.o
       112          8          0          0          0        124   _printf_oct_int_ll.o
         6          0          0          0          0          0   _printf_p.o
        78          0          0          0          0        108   _printf_pad.o
         0          0          0          0          0          0   _printf_percent.o
         4          0          0          0          0          0   _printf_percent_end.o
         6          0          0          0          0          0   _printf_s.o
        82          0          0          0          0         80   _printf_str.o
        36          0          0          0          0         84   _printf_truncate.o
         6          0          0          0          0          0   _printf_u.o
        44          0          0          0          0        108   _printf_wchar.o
       188          6          8          0          0         92   _printf_wctomb.o
         6          0          0          0          0          0   _printf_x.o
        22          0          0          0          0        100   _rserrno.o
       228          4        148          0          0         96   bigflt0.o
      1936        128          0          0          0        668   btod.o
        10          0          0          0          0         68   defsig_exit.o
        50          0          0          0          0         88   defsig_general.o
        80         58          0          0          0         76   defsig_rtmem_inner.o
        14          0          0          0          0         80   defsig_rtmem_outer.o
        52         38          0          0          0         76   defsig_rtred_inner.o
        14          0          0          0          0         80   defsig_rtred_outer.o
        18          0          0          0          0         80   exit.o
        76          0          0          0          0         88   fclose.o
         8          0          0          0          0         68   ferror.o
       482          0          0          0          0         92   flsbuf.o
       240          6          0          0          0        128   fopen.o
        28          0          0          0          0         68   fputc.o
       248          6          0          0          0         84   fseek.o
        66          0          0          0          0         76   ftell.o
        94          0          0          0          0         80   h1_alloc.o
        52          0          0          0          0         68   h1_extend.o
        78          0          0          0          0         80   h1_free.o
        14          0          0          0          0         84   h1_init.o
         6          0          0          0          0        152   heapauxi.o
         4          0          0          0          0        136   hguard.o
         0          0          0          0          0          0   indicate_semi.o
       138          0          0          0          0        168   init_alloc.o
       312         46          0          0          0        112   initio.o
        44         10        272          0          0         76   lc_ctype_c.o
        44         10         28          0          0         76   lc_numeric_c.o
         2          0          0          0          0          0   libinit.o
        42          0          0          0          0          0   libinit2.o
         2          0          0          0          0          0   libshutdown.o
         6          0          0          0          0          0   libshutdown2.o
         8          4          0          0         96         68   libspace.o
       138          0          0          0          0         80   lludiv10.o
         0          0          0          0          0          0   maybetermalloc1.o
        24          4          0          0          0         84   printf.o
        16          4          0          0          0         76   rt_ctype_table.o
         8          4          0          0          0         68   rt_errno_addr_intlibspace.o
         8          4          0          0          0         68   rt_heap_descriptor_intlibspace.o
         8          4          0          0          0         68   rt_locale_intlibspace.o
        78          0          0          0          0         80   rt_memclr_w.o
         2          0          0          0          0          0   rtexit.o
        10          0          0          0          0          0   rtexit2.o
        70          0          0          0          0         80   setvbuf.o
       240          6          0          0          0        156   stdio.o
         0          0          0         12        252          0   stdio_streams.o
       128          0          0          0          0         68   strcmpv7m.o
        12          4          0          0          0         68   sys_exit.o
        74          0          0          0          0         80   sys_stackheap_outer.o
        14          0          0          0          0         76   sys_wrch.o
         2          0          0          0          0         68   use_no_semi.o
       834         16          0          0          0        372   daddsub_clz.o
        16          4          0          0          0         68   dcheck1.o
        24          0          0          0          0         68   dcmpi.o
       692        140          0          0          0        216   ddiv.o
        94          4          0          0          0         92   dfix.o
        46          0          0          0          0         68   dflt_clz.o
       120          4          0          0          0         92   dleqf.o
       340         12          0          0          0        104   dmul.o
       156          4          0          0          0         92   dnaninf.o
        12          0          0          0          0         68   dretinf.o
       108          0          0          0          0         80   drleqf.o
       460         56          0          0          0        120   dsqrt_noumaal.o
         4          0          0          0          0         68   printf1.o
         4          0          0          0          0         68   printf2.o
       100          0          0          0          0         68   retnan.o
        92          0          0          0          0         68   scalbn.o
        48          0          0          0          0         68   trapv.o
         0          0          0          0          0          0   usenofp.o
        62         10          0          0          0        340   dunder.o
        40          0          0          0          0         68   fpclassify.o
       170          0          0          0          0         96   poly.o
      2540        188        136          0          0        332   pow.o
         0          0          8          0          0          0   qnan.o
        76          0          0          0          0         84   sqrt.o

    ----------------------------------------------------------------------
     15288        874        704         12        352       8972   Library Totals
        24          0          9          0          4          0   (incl. Padding)

    ----------------------------------------------------------------------

      Code (inc. data)   RO Data    RW Data    ZI Data      Debug   Library Name

      9226        436        551         12        348       6272   c_w.l
      3150        240          0          0          0       1780   fz_ws.l
      2888        198        144          0          0        920   m_ws.l

    ----------------------------------------------------------------------
     15288        874        704         12        352       8972   Library Totals

    ----------------------------------------------------------------------

==============================================================================


      Code (inc. data)   RO Data    RW Data    ZI Data      Debug   

     16708        900       1068         12       1888      11963   Grand Totals
     16708        900       1068         12       1888      11963   ELF Image Totals
     16708        900       1068         12          0          0   ROM Totals

==============================================================================

    Total RO  Size (Code + RO Data)                17776 (  17.36kB)
    Total RW  Size (RW Data + ZI Data)              1900 (   1.86kB)
    Total ROM Size (Code + RO Data + RW Data)      17788 (  17.37kB)

==============================================================================

