Component: Arm Compiler for Embedded 6.18 Tool: armlink [5e4cc100]

==============================================================================

Section Cross References

    infrared.o(.ARM.exidx.text.IR_Sensor_Init) refers to infrared.o(.text.IR_Sensor_Init) for [Anonymous Symbol]
    infrared.o(.ARM.exidx.text.IR_Detect) refers to infrared.o(.text.IR_Detect) for [Anonymous Symbol]
    main.o(.text.main) refers to uart.o(.text.UART5_init) for UART5_init
    main.o(.text.main) refers to main.o(.bss.pid) for pid
    main.o(.text.main) refers to pid_control.o(.text.PID_Init) for PID_Init
    main.o(.text.main) refers to motor.o(.text.Turn_Clockwise_A) for Turn_Clockwise_A
    main.o(.text.main) refers to motor.o(.text.Turn_Clockwise_B) for Turn_Clockwise_B
    main.o(.text.main) refers to ultrasonic.o(.text.Timer0ACapture_init) for Timer0ACapture_init
    main.o(.text.main) refers to ultrasonic.o(.text.Timer0BCapture_init) for Timer0BCapture_init
    main.o(.text.main) refers to ultrasonic.o(.text.Sensor2_Trigger_Init) for Sensor2_Trigger_Init
    main.o(.text.main) refers to ultrasonic.o(.text.Sensor1_Trigger_Init) for Sensor1_Trigger_Init
    main.o(.text.main) refers to infrared.o(.text.IR_Sensor_Init) for IR_Sensor_Init
    main.o(.text.main) refers to main.o(.bss.mesgg) for mesgg
    main.o(.text.main) refers to main.o(.rodata.str1.1) for .L.str
    main.o(.text.main) refers to sprintf.o(.text) for sprintf
    main.o(.text.main) refers to uart.o(.text.printstring) for printstring
    main.o(.text.main) refers to ultrasonic.o(.text.get_distance) for get_distance
    main.o(.text.main) refers to main.o(.bss.distance_sensor1) for distance_sensor1
    main.o(.text.main) refers to main.o(.bss.distance_sensor2) for distance_sensor2
    main.o(.text.main) refers to pid_control.o(.text.PID_Compute) for PID_Compute
    main.o(.text.main) refers to infrared.o(.text.IR_Detect) for IR_Detect
    main.o(.text.main) refers to uart.o(.text.Delay_MicroSecond) for Delay_MicroSecond
    main.o(.ARM.exidx.text.main) refers to main.o(.text.main) for [Anonymous Symbol]
    motor.o(.ARM.exidx.text.Turn_Clockwise_A) refers to motor.o(.text.Turn_Clockwise_A) for [Anonymous Symbol]
    motor.o(.ARM.exidx.text.Turn_AntiClockwise_A) refers to motor.o(.text.Turn_AntiClockwise_A) for [Anonymous Symbol]
    motor.o(.text.Turn_Clockwise_B) refers to motor.o(.bss.motor_mesg) for motor_mesg
    motor.o(.text.Turn_Clockwise_B) refers to motor.o(.rodata.str1.1) for .L.str
    motor.o(.text.Turn_Clockwise_B) refers to sprintf.o(.text) for sprintf
    motor.o(.text.Turn_Clockwise_B) refers to uart.o(.text.printstring) for printstring
    motor.o(.ARM.exidx.text.Turn_Clockwise_B) refers to motor.o(.text.Turn_Clockwise_B) for [Anonymous Symbol]
    motor.o(.text.Turn_AntiClockwise_B) refers to motor.o(.bss.motor_mesg) for motor_mesg
    motor.o(.text.Turn_AntiClockwise_B) refers to motor.o(.rodata.str1.1) for .L.str
    motor.o(.text.Turn_AntiClockwise_B) refers to sprintf.o(.text) for sprintf
    motor.o(.text.Turn_AntiClockwise_B) refers to uart.o(.text.printstring) for printstring
    motor.o(.ARM.exidx.text.Turn_AntiClockwise_B) refers to motor.o(.text.Turn_AntiClockwise_B) for [Anonymous Symbol]
    motor.o(.text.PWM_init) refers to motor.o(.text.Delay_ms) for Delay_ms
    motor.o(.ARM.exidx.text.PWM_init) refers to motor.o(.text.PWM_init) for [Anonymous Symbol]
    motor.o(.ARM.exidx.text.Delay_ms) refers to motor.o(.text.Delay_ms) for [Anonymous Symbol]
    uart.o(.ARM.exidx.text.UART5_init) refers to uart.o(.text.UART5_init) for [Anonymous Symbol]
    uart.o(.ARM.exidx.text.UART5_Transmitter) refers to uart.o(.text.UART5_Transmitter) for [Anonymous Symbol]
    uart.o(.text.printstring) refers to uart.o(.text.UART5_Transmitter) for UART5_Transmitter
    uart.o(.ARM.exidx.text.printstring) refers to uart.o(.text.printstring) for [Anonymous Symbol]
    uart.o(.ARM.exidx.text.Delay_MicroSecond) refers to uart.o(.text.Delay_MicroSecond) for [Anonymous Symbol]
    ultrasonic.o(.text.get_distance) refers to ultrasonic.o(.text.Trigger_Sensors) for Trigger_Sensors
    ultrasonic.o(.text.get_distance) refers to uart.o(.text.Delay_MicroSecond) for Delay_MicroSecond
    ultrasonic.o(.text.get_distance) refers to ultrasonic.o(.bss.distance1) for distance1
    ultrasonic.o(.text.get_distance) refers to ultrasonic.o(.bss.distances) for distances
    ultrasonic.o(.text.get_distance) refers to ultrasonic.o(.bss.distance2) for distance2
    ultrasonic.o(.ARM.exidx.text.get_distance) refers to ultrasonic.o(.text.get_distance) for [Anonymous Symbol]
    ultrasonic.o(.text.Trigger_Sensors) refers to uart.o(.text.Delay_MicroSecond) for Delay_MicroSecond
    ultrasonic.o(.ARM.exidx.text.Trigger_Sensors) refers to ultrasonic.o(.text.Trigger_Sensors) for [Anonymous Symbol]
    ultrasonic.o(.ARM.exidx.text.Timer0ACapture_init) refers to ultrasonic.o(.text.Timer0ACapture_init) for [Anonymous Symbol]
[...]
    ../clib/printf.c                         0x00000000   Number         0  sprintf.o ABSOLUTE
    ../clib/printf.c                         0x00000000   Number         0  __printf.o ABSOLUTE
    ../clib/printf.c                         0x00000000   Number         0  _printf_pad.o ABSOLUTE
    ../clib/printf.c                         0x00000000   Number         0  _printf_truncate.o ABSOLUTE
    ../clib/printf.c                         0x00000000   Number         0  _printf_str.o ABSOLUTE
    ../clib/printf.c                         0x00000000   Number         0  _printf_dec.o ABSOLUTE
    ../clib/printf.c                         0x00000000   Number         0  _printf_charcount.o ABSOLUTE
    ../clib/printf.c                         0x00000000   Number         0  _printf_char_common.o ABSOLUTE
    ../clib/printf.c                         0x00000000   Number         0  _sputc.o ABSOLUTE
    ../clib/printf.c                         0x00000000   Number         0  _printf_wctomb.o ABSOLUTE
    ../clib/printf.c                         0x00000000   Number         0  _printf_longlong_dec.o ABSOLUTE
    ../clib/printf.c                         0x00000000   Number         0  _printf_oct_ll.o ABSOLUTE
    ../clib/printf.c                         0x00000000   Number         0  _printf_oct_int.o ABSOLUTE
    ../clib/printf.c                         0x00000000   Number         0  _printf_oct_int_ll.o ABSOLUTE
    ../clib/printf.c                         0x00000000   Number         0  _printf_hex_ll.o ABSOLUTE
    ../clib/printf.c                         0x00000000   Number         0  _printf_hex_int.o ABSOLUTE
    ../clib/printf.c                         0x00000000   Number         0  _printf_hex_int_ll.o ABSOLUTE
    ../clib/printf.c                         0x00000000   Number         0  _printf_hex_ptr.o ABSOLUTE
    ../clib/printf.c                         0x00000000   Number         0  _printf_hex_int_ptr.o ABSOLUTE
    ../clib/printf.c                         0x00000000   Number         0  _printf_hex_ll_ptr.o ABSOLUTE
    ../clib/printf.c                         0x00000000   Number         0  _printf_hex_int_ll_ptr.o ABSOLUTE
    ../clib/printf.c                         0x00000000   Number         0  __printf_flags.o ABSOLUTE
    ../clib/printf.c                         0x00000000   Number         0  __printf_ss.o ABSOLUTE
    ../clib/printf.c                         0x00000000   Number         0  __printf_flags_ss.o ABSOLUTE
    ../clib/printf.c                         0x00000000   Number         0  __printf_wp.o ABSOLUTE
    ../clib/printf.c                         0x00000000   Number         0  __printf_flags_wp.o ABSOLUTE
    ../clib/printf.c                         0x00000000   Number         0  __printf_ss_wp.o ABSOLUTE
    ../clib/printf.c                         0x00000000   Number         0  __printf_flags_ss_wp.o ABSOLUTE
    ../clib/printf.c                         0x00000000   Number         0  _printf_intcommon.o ABSOLUTE
    ../clib/printf.c                         0x00000000   Number         0  _printf_fp_dec.o ABSOLUTE
    ../clib/printf.c                         0x00000000   Number         0  _printf_fp_dec_accurate.o ABSOLUTE
    ../clib/printf.c                         0x00000000   Number         0  _printf_fp_hex.o ABSOLUTE
    ../clib/printf.c                         0x00000000   Number         0  __printf_nopercent.o ABSOLUTE
    ../clib/printf.c                         0x00000000   Number         0  _printf_char.o ABSOLUTE
    ../clib/printf.c                         0x00000000   Number         0  _printf_wchar.o ABSOLUTE
    ../clib/printf.c                         0x00000000   Number         0  _printf_fp_infnan.o ABSOLUTE
    ../clib/printf_percent.s                 0x00000000   Number         0  _printf_c.o ABSOLUTE
    ../clib/printf_percent.s                 0x00000000   Number         0  _printf_s.o ABSOLUTE
    ../clib/printf_percent.s                 0x00000000   Number         0  _printf_n.o ABSOLUTE
    ../clib/printf_percent.s                 0x00000000   Number         0  _printf_x.o ABSOLUTE
    ../clib/printf_percent.s                 0x00000000   Number         0  _printf_p.o ABSOLUTE
    ../clib/printf_percent.s                 0x00000000   Number         0  _printf_o.o ABSOLUTE
    ../clib/printf_percent.s                 0x00000000   Number         0  _printf_i.o ABSOLUTE
    ../clib/printf_percent.s                 0x00000000   Number         0  _printf_d.o ABSOLUTE
    ../clib/printf_percent.s                 0x00000000   Number         0  _printf_u.o ABSOLUTE
    ../clib/printf_percent.s                 0x00000000   Number         0  _printf_f.o ABSOLUTE
    ../clib/printf_percent.s                 0x00000000   Number         0  _printf_e.o ABSOLUTE
    ../clib/printf_percent.s                 0x00000000   Number         0  _printf_g.o ABSOLUTE
    ../clib/printf_percent.s                 0x00000000   Number         0  _printf_a.o ABSOLUTE
    ../clib/printf_percent.s                 0x00000000   Number         0  _printf_percent.o ABSOLUTE
    ../clib/printf_percent.s                 0x00000000   Number         0  _printf_lli.o ABSOLUTE
    ../clib/printf_percent.s                 0x00000000   Number         0  _printf_lld.o ABSOLUTE
    ../clib/printf_percent.s                 0x00000000   Number         0  _printf_llu.o ABSOLUTE
    ../clib/printf_percent.s                 0x00000000   Number         0  _printf_ll.o ABSOLUTE
    ../clib/printf_percent.s                 0x00000000   Number         0  _printf_l.o ABSOLUTE
    ../clib/printf_percent.s                 0x00000000   Number         0  _printf_lc.o ABSOLUTE
    ../clib/printf_percent.s                 0x00000000   Number         0  _printf_ls.o ABSOLUTE
    ../clib/printf_percent.s                 0x00000000   Number         0  _printf_llo.o ABSOLUTE
    ../clib/printf_percent.s                 0x00000000   Number         0  _printf_llx.o ABSOLUTE
    ../clib/printf_percent.s                 0x00000000   Number         0  _printf_percent_end.o ABSOLUTE
    ../clib/signal.c                         0x00000000   Number         0  defsig_rtmem_outer.o ABSOLUTE
    ../clib/signal.c                         0x00000000   Number         0  defsig_rtmem_formal.o ABSOLUTE
    ../clib/signal.c                         0x00000000   Number         0  defsig_exit.o ABSOLUTE
    ../clib/signal.c                         0x00000000   Number         0  defsig_rtmem_inner.o ABSOLUTE
    ../clib/signal.c                         0x00000000   Number         0  __raise.o ABSOLUTE
    ../clib/signal.c                         0x00000000   Number         0  defsig_general.o ABSOLUTE
    ../clib/signal.c                         0x00000000   Number         0  defsig_abrt_inner.o ABSOLUTE
    ../clib/signal.c                         0x00000000   Number         0  defsig_fpe_inner.o ABSOLUTE
    ../clib/signal.c                         0x00000000   Number         0  defsig_rtred_inner.o ABSOLUTE
    ../clib/signal.c                         0x00000000   Number         0  defsig_stak_inner.o ABSOLUTE
    ../clib/signal.c                         0x00000000   Number         0  defsig_pvfn_inner.o ABSOLUTE
    ../clib/signal.c                         0x00000000   Number         0  defsig_cppl_inner.o ABSOLUTE
    ../clib/signal.c                         0x00000000   Number         0  defsig_segv_inner.o ABSOLUTE
    ../clib/signal.c                         0x00000000   Number         0  defsig_other.o ABSOLUTE
    ../clib/signal.s                         0x00000000   Number         0  defsig.o ABSOLUTE
    ../clib/stdlib.c                         0x00000000   Number         0  exit.o ABSOLUTE
    ../fplib/fpinit.s                        0x00000000   Number         0  fpinit.o ABSOLUTE
    ../fplib/istatus.s                       0x00000000   Number         0  istatus.o ABSOLUTE
    ../fplib/printf1.s                       0x00000000   Number         0  printf1.o ABSOLUTE
    ../fplib/printf2.s                       0x00000000   Number         0  printf2.o ABSOLUTE
    ../fplib/printf2a.s                      0x00000000   Number         0  printf2a.o ABSOLUTE
    ../fplib/printf2b.s                      0x00000000   Number         0  printf2b.o ABSOLUTE
    ../fplib/usenofp.s                       0x00000000   Number         0  usenofp.o ABSOLUTE
    ../mathlib/fpclassify.c                  0x00000000   Number         0  fpclassify.o ABSOLUTE
    PID_control.c                            0x00000000   Number         0  pid_control.o ABSOLUTE
    RTE/Device/TM4C123GH6PM/startup_TM4C123.s 0x00000000   Number         0  startup_tm4c123.o ABSOLUTE
    UART.c                                   0x00000000   Number         0  uart.o ABSOLUTE
    dc.s                                     0x00000000   Number         0  dc.o ABSOLUTE
    infrared.c                               0x00000000   Number         0  infrared.o ABSOLUTE
    main.c                                   0x00000000   Number         0  main.o ABSOLUTE
    motor.c                                  0x00000000   Number         0  motor.o ABSOLUTE
    system_TM4C123.c                         0x00000000   Number         0  system_tm4c123.o ABSOLUTE
    ultrasonic.c                             0x00000000   Number         0  ultrasonic.o ABSOLUTE
    RESET                                    0x00000000   Section      620  startup_tm4c123.o(RESET)
    !!!main                                  0x0000026c   Section        8  __main.o(!!!main)
    !!!scatter                               0x00000274   Section       52  __scatter.o(!!!scatter)
    !!handler_zi                             0x000002a8   Section       28  __scatter_zi.o(!!handler_zi)
    .ARM.Collect$$_printf_percent$$00000000  0x000002c4   Section        0  _printf_percent.o(.ARM.Collect$$_printf_percent$$00000000)
    .ARM.Collect$$_printf_percent$$00000001  0x000002c4   Section        6  _printf_n.o(.ARM.Collect$$_printf_percent$$00000001)
    .ARM.Collect$$_printf_percent$$00000002  0x000002ca   Section        6  _printf_p.o(.ARM.Collect$$_printf_percent$$00000002)
    .ARM.Collect$$_printf_percent$$00000003  0x000002d0   Section        6  _printf_f.o(.ARM.Collect$$_printf_percent$$00000003)
    .ARM.Collect$$_printf_percent$$00000004  0x000002d6   Section        6  _printf_e.o(.ARM.Collect$$_printf_percent$$00000004)
    .ARM.Collect$$_printf_percent$$00000005  0x000002dc   Section        6  _printf_g.o(.ARM.Collect$$_printf_percent$$00000005)
    .ARM.Collect$$_printf_percent$$00000006  0x000002e2   Section        6  _printf_a.o(.ARM.Collect$$_printf_percent$$00000006)
    .ARM.Collect$$_printf_percent$$00000007  0x000002e8   Section       10  _printf_ll.o(.ARM.Collect$$_printf_percent$$00000007)
    .ARM.Collect$$_printf_percent$$00000008  0x000002f2   Section        6  _printf_i.o(.ARM.Collect$$_printf_percent$$00000008)
    .ARM.Collect$$_printf_percent$$00000009  0x000002f8   Section        6  _printf_d.o(.ARM.Collect$$_printf_percent$$00000009)
    .ARM.Collect$$_printf_percent$$0000000A  0x000002fe   Section        6  _printf_u.o(.ARM.Collect$$_printf_percent$$0000000A)
    .ARM.Collect$$_printf_percent$$0000000B  0x00000304   Section        6  _printf_o.o(.ARM.Collect$$_printf_percent$$0000000B)
    .ARM.Collect$$_printf_percent$$0000000C  0x0000030a   Section        6  _printf_x.o(.ARM.Collect$$_printf_percent$$0000000C)
    .ARM.Collect$$_printf_percent$$0000000D  0x00000310   Section        6  _printf_lli.o(.ARM.Collect$$_printf_percent$$0000000D)
    .ARM.Collect$$_printf_percent$$0000000E  0x00000316   Section        6  _printf_lld.o(.ARM.Collect$$_printf_percent$$0000000E)
    .ARM.Collect$$_printf_percent$$0000000F  0x0000031c   Section        6  _printf_llu.o(.ARM.Collect$$_printf_percent$$0000000F)
    .ARM.Collect$$_printf_percent$$00000010  0x00000322   Section        6  _printf_llo.o(.ARM.Collect$$_printf_percent$$00000010)
    .ARM.Collect$$_printf_percent$$00000011  0x00000328   Section        6  _printf_llx.o(.ARM.Collect$$_printf_percent$$00000011)
    .ARM.Collect$$_printf_percent$$00000012  0x0000032e   Section       10  _printf_l.o(.ARM.Collect$$_printf_percent$$00000012)
    .ARM.Collect$$_printf_percent$$00000013  0x00000338   Section        6  _printf_c.o(.ARM.Collect$$_printf_percent$$00000013)
    .ARM.Collect$$_printf_percent$$00000014  0x0000033e   Section        6  _printf_s.o(.ARM.Collect$$_printf_percent$$00000014)
    .ARM.Collect$$_printf_percent$$00000015  0x00000344   Section        6  _printf_lc.o(.ARM.Collect$$_printf_percent$$00000015)
    .ARM.Collect$$_printf_percent$$00000016  0x0000034a   Section        6  _printf_ls.o(.ARM.Collect$$_printf_percent$$00000016)
    .ARM.Collect$$_printf_percent$$00000017  0x00000350   Section        4  _printf_percent_end.o(.ARM.Collect$$_printf_percent$$00000017)
    .ARM.Collect$$libinit$$00000000          0x00000354   Section        2  libinit.o(.ARM.Collect$$libinit$$00000000)
    .ARM.Collect$$libinit$$00000001          0x00000356   Section        4  libinit2.o(.ARM.Collect$$libinit$$00000001)
    .ARM.Collect$$libinit$$00000004          0x0000035a   Section        0  libinit2.o(.ARM.Collect$$libinit$$00000004)
    .ARM.Collect$$libinit$$00000006          0x0000035a   Section        0  libinit2.o(.ARM.Collect$$libinit$$00000006)
    .ARM.Collect$$libinit$$0000000C          0x0000035a   Section        0  libinit2.o(.ARM.Collect$$libinit$$0000000C)
    .ARM.Collect$$libinit$$0000000E          0x0000035a   Section        0  libinit2.o(.ARM.Collect$$libinit$$0000000E)
    .ARM.Collect$$libinit$$00000010          0x0000035a   Section        0  libinit2.o(.ARM.Collect$$libinit$$00000010)
    .ARM.Collect$$libinit$$00000011          0x0000035a   Section        6  libinit2.o(.ARM.Collect$$libinit$$00000011)
    .ARM.Collect$$libinit$$00000013          0x00000360   Section        0  libinit2.o(.ARM.Collect$$libinit$$00000013)
    .ARM.Collect$$libinit$$00000014          0x00000360   Section       12  libinit2.o(.ARM.Collect$$libinit$$00000014)
    .ARM.Collect$$libinit$$00000015          0x0000036c   Section        0  libinit2.o(.ARM.Collect$$libinit$$00000015)
    .ARM.Collect$$libinit$$00000017          0x0000036c   Section        0  libinit2.o(.ARM.Collect$$libinit$$00000017)
    .ARM.Collect$$libinit$$00000018          0x0000036c   Section       10  libinit2.o(.ARM.Collect$$libinit$$00000018)
    .ARM.Collect$$libinit$$00000019          0x00000376   Section        0  libinit2.o(.ARM.Collect$$libinit$$00000019)
    .ARM.Collect$$libinit$$0000001B          0x00000376   Section        0  libinit2.o(.ARM.Collect$$libinit$$0000001B)
    .ARM.Collect$$libinit$$0000001D          0x00000376   Section        0  libinit2.o(.ARM.Collect$$libinit$$0000001D)
    .ARM.Collect$$libinit$$0000001F          0x00000376   Section        0  libinit2.o(.ARM.Collect$$libinit$$0000001F)
    .ARM.Collect$$libinit$$00000021          0x00000376   Section        0  libinit2.o(.ARM.Collect$$libinit$$00000021)
    .ARM.Collect$$libinit$$00000023          0x00000376   Section        0  libinit2.o(.ARM.Collect$$libinit$$00000023)
    .ARM.Collect$$libinit$$00000025          0x00000376   Section        0  libinit2.o(.ARM.Collect$$libinit$$00000025)
    .ARM.Collect$$libinit$$00000027          0x00000376   Section        0  libinit2.o(.ARM.Collect$$libinit$$00000027)
    .ARM.Collect$$libinit$$0000002E          0x00000376   Section        0  libinit2.o(.ARM.Collect$$libinit$$0000002E)
    .ARM.Collect$$libinit$$00000030          0x00000376   Section        0  libinit2.o(.ARM.Collect$$libinit$$00000030)
    .ARM.Collect$$libinit$$00000032          0x00000376   Section        0  libinit2.o(.ARM.Collect$$libinit$$00000032)
    .ARM.Collect$$libinit$$00000034          0x00000376   Section        0  libinit2.o(.ARM.Collect$$libinit$$00000034)
    .ARM.Collect$$libinit$$00000035          0x00000376   Section        2  libinit2.o(.ARM.Collect$$libinit$$00000035)
    .ARM.Collect$$libshutdown$$00000000      0x00000378   Section        2  libshutdown.o(.ARM.Collect$$libshutdown$$00000000)
    .ARM.Collect$$libshutdown$$00000002      0x0000037a   Section        0  libshutdown2.o(.ARM.Collect$$libshutdown$$00000002)
    .ARM.Collect$$libshutdown$$00000004      0x0000037a   Section        0  libshutdown2.o(.ARM.Collect$$libshutdown$$00000004)
    .ARM.Collect$$libshutdown$$00000007      0x0000037a   Section        0  libshutdown2.o(.ARM.Collect$$libshutdown$$00000007)
    .ARM.Collect$$libshutdown$$0000000A      0x0000037a   Section        0  libshutdown2.o(.ARM.Collect$$libshutdown$$0000000A)
    .ARM.Collect$$libshutdown$$0000000C      0x0000037a   Section        0  libshutdown2.o(.ARM.Collect$$libshutdown$$0000000C)
    .ARM.Collect$$libshutdown$$0000000F      0x0000037a   Section        0  libshutdown2.o(.ARM.Collect$$libshutdown$$0000000F)
    .ARM.Collect$$libshutdown$$00000010      0x0000037a   Section        2  libshutdown2.o(.ARM.Collect$$libshutdown$$00000010)
    .ARM.Collect$$rtentry$$00000000          0x0000037c   Section        0  __rtentry.o(.ARM.Collect$$rtentry$$00000000)
    .ARM.Collect$$rtentry$$00000002          0x0000037c   Section        0  __rtentry2.o(.ARM.Collect$$rtentry$$00000002)
    .ARM.Collect$$rtentry$$00000004          0x0000037c   Section        6  __rtentry4.o(.ARM.Collect$$rtentry$$00000004)
    .ARM.Collect$$rtentry$$00000009          0x00000382   Section        0  __rtentry2.o(.ARM.Collect$$rtentry$$00000009)
    .ARM.Collect$$rtentry$$0000000A          0x00000382   Section        4  __rtentry2.o(.ARM.Collect$$rtentry$$0000000A)
    .ARM.Collect$$rtentry$$0000000C          0x00000386   Section        0  __rtentry2.o(.ARM.Collect$$rtentry$$0000000C)
    .ARM.Collect$$rtentry$$0000000D          0x00000386   Section        8  __rtentry2.o(.ARM.Collect$$rtentry$$0000000D)
    .ARM.Collect$$rtexit$$00000000           0x0000038e   Section        2  rtexit.o(.ARM.Collect$$rtexit$$00000000)
    .ARM.Collect$$rtexit$$00000002           0x00000390   Section        0  rtexit2.o(.ARM.Collect$$rtexit$$00000002)
    .ARM.Collect$$rtexit$$00000003           0x00000390   Section        4  rtexit2.o(.ARM.Collect$$rtexit$$00000003)
    .ARM.Collect$$rtexit$$00000004           0x00000394   Section        6  rtexit2.o(.ARM.Collect$$rtexit$$00000004)
    $v0                                      0x0000039c   Number         0  startup_tm4c123.o(.text)
    .text                                    0x0000039c   Section      276  startup_tm4c123.o(.text)
    .text                                    0x000004b0   Section        0  sprintf.o(.text)
    .text                                    0x000004dc   Section        0  heapauxi.o(.text)
    .text                                    0x000004e2   Section        0  _printf_pad.o(.text)
    .text                                    0x00000530   Section        0  _printf_truncate.o(.text)
    .text                                    0x00000554   Section        0  _printf_str.o(.text)
    .text                                    0x000005a8   Section        0  _printf_dec.o(.text)
    .text                                    0x00000620   Section        0  _printf_charcount.o(.text)
    _printf_input_char                       0x00000649   Thumb Code    10  _printf_char_common.o(.text)
    .text                                    0x00000648   Section        0  _printf_char_common.o(.text)
    .text                                    0x00000678   Section        0  _sputc.o(.text)
    .text                                    0x00000684   Section        0  _printf_wctomb.o(.text)
    .text                                    0x00000740   Section        0  _printf_longlong_dec.o(.text)
    _printf_longlong_oct_internal            0x000007bd   Thumb Code     0  _printf_oct_int_ll.o(.text)
    .text                                    0x000007bc   Section        0  _printf_oct_int_ll.o(.text)
    _printf_hex_common                       0x0000082d   Thumb Code     0  _printf_hex_int_ll_ptr.o(.text)
    .text                                    0x0000082c   Section        0  _printf_hex_int_ll_ptr.o(.text)
    .text                                    0x000008c0   Section        0  __printf_flags_ss_wp.o(.text)
    .text                                    0x00000a48   Section      138  lludiv10.o(.text)
    .text                                    0x00000ad2   Section        0  _printf_intcommon.o(.text)
    _fp_digits                               0x00000b85   Thumb Code   432  _printf_fp_dec.o(.text)
    .text                                    0x00000b84   Section        0  _printf_fp_dec.o(.text)
    .text                                    0x00000fa0   Section        0  _printf_fp_hex.o(.text)
    .text                                    0x0000129c   Section        0  _printf_char.o(.text)
    .text                                    0x000012c8   Section        0  _printf_wchar.o(.text)
    .text                                    0x000012f4   Section        0  _c16rtomb.o(.text)
    .text                                    0x0000133c   Section       74  sys_stackheap_outer.o(.text)
    .text                                    0x00001388   Section       16  rt_ctype_table.o(.text)
    .text                                    0x00001398   Section        8  rt_locale_intlibspace.o(.text)
    .text                                    0x000013a0   Section        0  _printf_fp_infnan.o(.text)
    .text                                    0x00001420   Section        0  bigflt0.o(.text)
    .text                                    0x00001504   Section        0  exit.o(.text)
    .text                                    0x00001518   Section        8  libspace.o(.text)
    .text                                    0x00001520   Section      124  strcmpv7em.o(.text)
    .text                                    0x0000159c   Section        0  sys_exit.o(.text)
    .text                                    0x000015a8   Section        2  use_no_semi.o(.text)
    .text                                    0x000015aa   Section        0  indicate_semi.o(.text)
    [Anonymous Symbol]                       0x000015ac   Section        0  uart.o(.text.Delay_MicroSecond)
    [Anonymous Symbol]                       0x00001640   Section        0  infrared.o(.text.IR_Detect)
    [Anonymous Symbol]                       0x00001650   Section        0  infrared.o(.text.IR_Sensor_Init)
    [Anonymous Symbol]                       0x00001684   Section        0  pid_control.o(.text.PID_Compute)
    [Anonymous Symbol]                       0x00001704   Section        0  pid_control.o(.text.PID_Init)
    [Anonymous Symbol]                       0x00001740   Section        0  ultrasonic.o(.text.Sensor1_Trigger_Init)
    [Anonymous Symbol]                       0x00001784   Section        0  ultrasonic.o(.text.Sensor2_Trigger_Init)
    [Anonymous Symbol]                       0x000017c8   Section        0  system_tm4c123.o(.text.SystemInit)
    [Anonymous Symbol]                       0x000017dc   Section        0  ultrasonic.o(.text.TIMER0A_Handler)
    [Anonymous Symbol]                       0x00001860   Section        0  ultrasonic.o(.text.TIMER0B_Handler)
    [Anonymous Symbol]                       0x0000192c   Section        0  ultrasonic.o(.text.Timer0ACapture_init)
    [Anonymous Symbol]                       0x000019e8   Section        0  ultrasonic.o(.text.Timer0BCapture_init)
    [Anonymous Symbol]                       0x00001a98   Section        0  ultrasonic.o(.text.Trigger_Sensors)
    [Anonymous Symbol]                       0x00001aec   Section        0  motor.o(.text.Turn_Clockwise_A)
    [Anonymous Symbol]                       0x00001b38   Section        0  motor.o(.text.Turn_Clockwise_B)
    [Anonymous Symbol]                       0x00001ba4   Section        0  uart.o(.text.UART5_Transmitter)
    [Anonymous Symbol]                       0x00001bd4   Section        0  uart.o(.text.UART5_init)
    [Anonymous Symbol]                       0x00001c58   Section        0  ultrasonic.o(.text.get_distance)
    [Anonymous Symbol]                       0x00001c88   Section        0  main.o(.text.main)
    [Anonymous Symbol]                       0x00001e14   Section        0  uart.o(.text.printstring)
    CL$$btod_d2e                             0x00001e36   Section       62  btod.o(CL$$btod_d2e)
    CL$$btod_d2e_denorm_low                  0x00001e74   Section       70  btod.o(CL$$btod_d2e_denorm_low)
    CL$$btod_d2e_norm_op1                    0x00001eba   Section       96  btod.o(CL$$btod_d2e_norm_op1)
    CL$$btod_div_common                      0x00001f1c   Section      824  btod.o(CL$$btod_div_common)
    CL$$btod_e2e                             0x00002254   Section      220  btod.o(CL$$btod_e2e)
    CL$$btod_ediv                            0x00002330   Section       42  btod.o(CL$$btod_ediv)
    CL$$btod_emul                            0x0000235a   Section       42  btod.o(CL$$btod_emul)
    CL$$btod_mult_common                     0x00002384   Section      580  btod.o(CL$$btod_mult_common)
    i.__ARM_fpclassify                       0x000025c8   Section        0  fpclassify.o(i.__ARM_fpclassify)
    i._is_digit                              0x000025f8   Section        0  __printf_wp.o(i._is_digit)
    locale$$code                             0x00002608   Section       44  lc_numeric_c.o(locale$$code)
    locale$$code                             0x00002634   Section       44  lc_ctype_c.o(locale$$code)
    $v0                                      0x00002660   Number         0  fpinit.o(x$fpl$fpinit)
    x$fpl$fpinit                             0x00002660   Section       26  fpinit.o(x$fpl$fpinit)
    $v0                                      0x0000267a   Number         0  printf1.o(x$fpl$printf1)
    x$fpl$printf1                            0x0000267a   Section        4  printf1.o(x$fpl$printf1)
    $v0                                      0x0000267e   Number         0  printf2.o(x$fpl$printf2)
    x$fpl$printf2                            0x0000267e   Section        4  printf2.o(x$fpl$printf2)
    x$fpl$usenofp                            0x00002682   Section        0  usenofp.o(x$fpl$usenofp)
    initial_mbstate                          0x00002684   Data           8  _printf_wctomb.o(.constdata)
    .constdata                               0x00002684   Section        8  _printf_wctomb.o(.constdata)
    uc_hextab                                0x0000268c   Data          20  _printf_hex_int_ll_ptr.o(.constdata)
    .constdata                               0x0000268c   Section       40  _printf_hex_int_ll_ptr.o(.constdata)
    lc_hextab                                0x000026a0   Data          20  _printf_hex_int_ll_ptr.o(.constdata)
    maptable                                 0x000026b4   Data          17  __printf_flags_ss_wp.o(.constdata)
    .constdata                               0x000026b4   Section       17  __printf_flags_ss_wp.o(.constdata)
    lc_hextab                                0x000026c5   Data          19  _printf_fp_hex.o(.constdata)
    .constdata                               0x000026c5   Section       38  _printf_fp_hex.o(.constdata)
    uc_hextab                                0x000026d8   Data          19  _printf_fp_hex.o(.constdata)
    tenpwrs_x                                0x000026ec   Data          60  bigflt0.o(.constdata)
    .constdata                               0x000026ec   Section      148  bigflt0.o(.constdata)
    tenpwrs_i                                0x00002728   Data          64  bigflt0.o(.constdata)
    .L.str.2                                 0x00002780   Data          18  main.o(.rodata.str1.1)
    [Anonymous Symbol]                       0x00002780   Section        0  main.o(.rodata.str1.1)
    .L.str.3                                 0x00002792   Data          18  main.o(.rodata.str1.1)
    .L.str.4                                 0x000027a4   Data          12  main.o(.rodata.str1.1)
    .L.str.1                                 0x000027b0   Data          39  main.o(.rodata.str1.1)
    .L.str                                   0x000027d7   Data           7  main.o(.rodata.str1.1)
    .L.str                                   0x000027de   Data          18  motor.o(.rodata.str1.1)
    [Anonymous Symbol]                       0x000027de   Section        0  motor.o(.rodata.str1.1)
    locale$$data                             0x00002800   Section       28  lc_numeric_c.o(locale$$data)
    __lcnum_c_name                           0x00002804   Data           2  lc_numeric_c.o(locale$$data)
    __lcnum_c_start                          0x0000280c   Data           0  lc_numeric_c.o(locale$$data)
    __lcnum_c_point                          0x00002818   Data           0  lc_numeric_c.o(locale$$data)
    __lcnum_c_thousands                      0x0000281a   Data           0  lc_numeric_c.o(locale$$data)
    __lcnum_c_grouping                       0x0000281b   Data           0  lc_numeric_c.o(locale$$data)
    __lcnum_c_end                            0x0000281c   Data           0  lc_numeric_c.o(locale$$data)
    locale$$data                             0x0000281c   Section      272  lc_ctype_c.o(locale$$data)
    __lcctype_c_name                         0x00002820   Data           2  lc_ctype_c.o(locale$$data)
    __lcctype_c_start                        0x00002828   Data           0  lc_ctype_c.o(locale$$data)
    __lcctype_c_end                          0x0000292c   Data           0  lc_ctype_c.o(locale$$data)
    .bss                                     0x20000000   Section       96  libspace.o(.bss)
    TIMER0A_Handler.lastEdge                 0x20000060   Data           4  ultrasonic.o(.bss.TIMER0A_Handler.lastEdge)
    [Anonymous Symbol]                       0x20000060   Section        0  ultrasonic.o(.bss.TIMER0A_Handler.lastEdge)
    TIMER0B_Handler.lastEdge                 0x20000064   Data           4  ultrasonic.o(.bss.TIMER0B_Handler.lastEdge)
    [Anonymous Symbol]                       0x20000064   Section        0  ultrasonic.o(.bss.TIMER0B_Handler.lastEdge)
    distances                                0x20000078   Data           8  ultrasonic.o(.bss.distances)
    [Anonymous Symbol]                       0x20000078   Section        0  ultrasonic.o(.bss.distances)
    Heap_Mem                                 0x20000160   Data           0  startup_tm4c123.o(HEAP)
    Stack_Mem                                0x20000160   Data         512  startup_tm4c123.o(STACK)
    HEAP                                     0x20000160   Section        0  startup_tm4c123.o(HEAP)
    STACK                                    0x20000160   Section      512  startup_tm4c123.o(STACK)
    __initial_sp                             0x20000360   Data           0  startup_tm4c123.o(STACK)

    Global Symbols

    Symbol Name                              Value     Ov Type        Size  Object(Section)

    BuildAttributes$$THM_ISAv4$E$P$D$K$B$S$7EM$VFPi3$EXTD16$VFPS$VFMA$PE$A:L22UL41UL21$X:L11$S22US41US21$IEEE1$IW$~IW$USESV6$~STKCKD$USESV7$~SHL$OTIME$ROPI$IEEEJ$EBA8$UX$STANDARDLIB$REQ8$PRES8$EABIv2 0x00000000   Number         0  anon$$obj.o ABSOLUTE
    __Vectors                                0x00000000   Data           4  startup_tm4c123.o(RESET)
    _printf_flags                            0x00000000   Number         0  printf_stubs.o ABSOLUTE
    _printf_return_value                     0x00000000   Number         0  printf_stubs.o ABSOLUTE
    _printf_sizespec                         0x00000000   Number         0  printf_stubs.o ABSOLUTE
    _printf_widthprec                        0x00000000   Number         0  printf_stubs.o ABSOLUTE
    __ARM_exceptions_init                     - Undefined Weak Reference
    __alloca_initialize                       - Undefined Weak Reference
    __arm_preinit_                            - Undefined Weak Reference
    __arm_relocate_pie_                       - Undefined Weak Reference
    __cpp_initialize__aeabi_                  - Undefined Weak Reference
    __cxa_finalize                            - Undefined Weak Reference
    __sigvec_lookup                           - Undefined Weak Reference
    _atexit_init                              - Undefined Weak Reference
    _call_atexit_fns                          - Undefined Weak Reference
    _clock_init                               - Undefined Weak Reference
    _fp_trap_init                             - Undefined Weak Reference
    _fp_trap_shutdown                         - Undefined Weak Reference
    _get_lc_collate                           - Undefined Weak Reference
    _get_lc_monetary                          - Undefined Weak Reference
    _get_lc_time                              - Undefined Weak Reference
    _getenv_init                              - Undefined Weak Reference
    _handle_redirection                       - Undefined Weak Reference
    _init_alloc                               - Undefined Weak Reference
    _init_user_alloc                          - Undefined Weak Reference
    _initio                                   - Undefined Weak Reference
    _printf_mbtowc                            - Undefined Weak Reference
    _printf_wc                                - Undefined Weak Reference
    _rand_init                                - Undefined Weak Reference
    _signal_finish                            - Undefined Weak Reference
    _signal_init                              - Undefined Weak Reference
    _terminate_alloc                          - Undefined Weak Reference
    _terminate_user_alloc                     - Undefined Weak Reference
    _terminateio                              - Undefined Weak Reference
    __Vectors_End                            0x0000026c   Data           0  startup_tm4c123.o(RESET)
    __Vectors_Size                           0x0000026c   Number         0  startup_tm4c123.o ABSOLUTE
    __main                                   0x0000026d   Thumb Code     8  __main.o(!!!main)
    __scatterload                            0x00000275   Thumb Code     0  __scatter.o(!!!scatter)
    __scatterload_rt2                        0x00000275   Thumb Code    44  __scatter.o(!!!scatter)
    __scatterload_rt2_thumb_only             0x00000275   Thumb Code     0  __scatter.o(!!!scatter)
    __scatterload_null                       0x00000283   Thumb Code     0  __scatter.o(!!!scatter)
    __scatterload_zeroinit                   0x000002a9   Thumb Code    28  __scatter_zi.o(!!handler_zi)
    _printf_n                                0x000002c5   Thumb Code     0  _printf_n.o(.ARM.Collect$$_printf_percent$$00000001)
    _printf_percent                          0x000002c5   Thumb Code     0  _printf_percent.o(.ARM.Collect$$_printf_percent$$00000000)
    _printf_p                                0x000002cb   Thumb Code     0  _printf_p.o(.ARM.Collect$$_printf_percent$$00000002)
    _printf_f                                0x000002d1   Thumb Code     0  _printf_f.o(.ARM.Collect$$_printf_percent$$00000003)
    _printf_e                                0x000002d7   Thumb Code     0  _printf_e.o(.ARM.Collect$$_printf_percent$$00000004)
    _printf_g                                0x000002dd   Thumb Code     0  _printf_g.o(.ARM.Collect$$_printf_percent$$00000005)
    _printf_a                                0x000002e3   Thumb Code     0  _printf_a.o(.ARM.Collect$$_printf_percent$$00000006)
    _printf_ll                               0x000002e9   Thumb Code     0  _printf_ll.o(.ARM.Collect$$_printf_percent$$00000007)
    _printf_i                                0x000002f3   Thumb Code     0  _printf_i.o(.ARM.Collect$$_printf_percent$$00000008)
    _printf_d                                0x000002f9   Thumb Code     0  _printf_d.o(.ARM.Collect$$_printf_percent$$00000009)
    _printf_u                                0x000002ff   Thumb Code     0  _printf_u.o(.ARM.Collect$$_printf_percent$$0000000A)
    _printf_o                                0x00000305   Thumb Code     0  _printf_o.o(.ARM.Collect$$_printf_percent$$0000000B)
    _printf_x                                0x0000030b   Thumb Code     0  _printf_x.o(.ARM.Collect$$_printf_percent$$0000000C)
    _printf_lli                              0x00000311   Thumb Code     0  _printf_lli.o(.ARM.Collect$$_printf_percent$$0000000D)
    _printf_lld                              0x00000317   Thumb Code     0  _printf_lld.o(.ARM.Collect$$_printf_percent$$0000000E)
    _printf_llu                              0x0000031d   Thumb Code     0  _printf_llu.o(.ARM.Collect$$_printf_percent$$0000000F)
    _printf_llo                              0x00000323   Thumb Code     0  _printf_llo.o(.ARM.Collect$$_printf_percent$$00000010)
    _printf_llx                              0x00000329   Thumb Code     0  _printf_llx.o(.ARM.Collect$$_printf_percent$$00000011)
    _printf_l                                0x0000032f   Thumb Code     0  _printf_l.o(.ARM.Collect$$_printf_percent$$00000012)
    _printf_c                                0x00000339   Thumb Code     0  _printf_c.o(.ARM.Collect$$_printf_percent$$00000013)
    _printf_s                                0x0000033f   Thumb Code     0  _printf_s.o(.ARM.Collect$$_printf_percent$$00000014)
    _printf_lc                               0x00000345   Thumb Code     0  _printf_lc.o(.ARM.Collect$$_printf_percent$$00000015)
    _printf_ls                               0x0000034b   Thumb Code     0  _printf_ls.o(.ARM.Collect$$_printf_percent$$00000016)
    _printf_percent_end                      0x00000351   Thumb Code     0  _printf_percent_end.o(.ARM.Collect$$_printf_percent$$00000017)
    __rt_lib_init                            0x00000355   Thumb Code     0  libinit.o(.ARM.Collect$$libinit$$00000000)
    __rt_lib_init_fp_1                       0x00000357   Thumb Code     0  libinit2.o(.ARM.Collect$$libinit$$00000001)
    __rt_lib_init_heap_1                     0x0000035b   Thumb Code     0  libinit2.o(.ARM.Collect$$libinit$$0000000C)
    __rt_lib_init_lc_common                  0x0000035b   Thumb Code     0  libinit2.o(.ARM.Collect$$libinit$$00000011)
    __rt_lib_init_preinit_1                  0x0000035b   Thumb Code     0  libinit2.o(.ARM.Collect$$libinit$$00000006)
    __rt_lib_init_rand_1                     0x0000035b   Thumb Code     0  libinit2.o(.ARM.Collect$$libinit$$00000010)
    __rt_lib_init_relocate_pie_1             0x0000035b   Thumb Code     0  libinit2.o(.ARM.Collect$$libinit$$00000004)
    __rt_lib_init_user_alloc_1               0x0000035b   Thumb Code     0  libinit2.o(.ARM.Collect$$libinit$$0000000E)
    __rt_lib_init_lc_collate_1               0x00000361   Thumb Code     0  libinit2.o(.ARM.Collect$$libinit$$00000013)
    __rt_lib_init_lc_ctype_2                 0x00000361   Thumb Code     0  libinit2.o(.ARM.Collect$$libinit$$00000014)
    __rt_lib_init_lc_ctype_1                 0x0000036d   Thumb Code     0  libinit2.o(.ARM.Collect$$libinit$$00000015)
    __rt_lib_init_lc_monetary_1              0x0000036d   Thumb Code     0  libinit2.o(.ARM.Collect$$libinit$$00000017)
    __rt_lib_init_lc_numeric_2               0x0000036d   Thumb Code     0  libinit2.o(.ARM.Collect$$libinit$$00000018)
    __rt_lib_init_alloca_1                   0x00000377   Thumb Code     0  libinit2.o(.ARM.Collect$$libinit$$00000030)
    __rt_lib_init_argv_1                     0x00000377   Thumb Code     0  libinit2.o(.ARM.Collect$$libinit$$0000002E)
    __rt_lib_init_atexit_1                   0x00000377   Thumb Code     0  libinit2.o(.ARM.Collect$$libinit$$0000001D)
    __rt_lib_init_clock_1                    0x00000377   Thumb Code     0  libinit2.o(.ARM.Collect$$libinit$$00000023)
    __rt_lib_init_cpp_1                      0x00000377   Thumb Code     0  libinit2.o(.ARM.Collect$$libinit$$00000034)
    __rt_lib_init_exceptions_1               0x00000377   Thumb Code     0  libinit2.o(.ARM.Collect$$libinit$$00000032)
    __rt_lib_init_fp_trap_1                  0x00000377   Thumb Code     0  libinit2.o(.ARM.Collect$$libinit$$00000021)
    __rt_lib_init_getenv_1                   0x00000377   Thumb Code     0  libinit2.o(.ARM.Collect$$libinit$$00000025)
    __rt_lib_init_lc_numeric_1               0x00000377   Thumb Code     0  libinit2.o(.ARM.Collect$$libinit$$00000019)
    __rt_lib_init_lc_time_1                  0x00000377   Thumb Code     0  libinit2.o(.ARM.Collect$$libinit$$0000001B)
    __rt_lib_init_return                     0x00000377   Thumb Code     0  libinit2.o(.ARM.Collect$$libinit$$00000035)
    __rt_lib_init_signal_1                   0x00000377   Thumb Code     0  libinit2.o(.ARM.Collect$$libinit$$0000001F)
    __rt_lib_init_stdio_1                    0x00000377   Thumb Code     0  libinit2.o(.ARM.Collect$$libinit$$00000027)
    __rt_lib_shutdown                        0x00000379   Thumb Code     0  libshutdown.o(.ARM.Collect$$libshutdown$$00000000)
    __rt_lib_shutdown_cpp_1                  0x0000037b   Thumb Code     0  libshutdown2.o(.ARM.Collect$$libshutdown$$00000002)
    __rt_lib_shutdown_fp_trap_1              0x0000037b   Thumb Code     0  libshutdown2.o(.ARM.Collect$$libshutdown$$00000007)
    __rt_lib_shutdown_heap_1                 0x0000037b   Thumb Code     0  libshutdown2.o(.ARM.Collect$$libshutdown$$0000000F)
    __rt_lib_shutdown_return                 0x0000037b   Thumb Code     0  libshutdown2.o(.ARM.Collect$$libshutdown$$00000010)
    __rt_lib_shutdown_signal_1               0x0000037b   Thumb Code     0  libshutdown2.o(.ARM.Collect$$libshutdown$$0000000A)
    __rt_lib_shutdown_stdio_1                0x0000037b   Thumb Code     0  libshutdown2.o(.ARM.Collect$$libshutdown$$00000004)
    __rt_lib_shutdown_user_alloc_1           0x0000037b   Thumb Code     0  libshutdown2.o(.ARM.Collect$$libshutdown$$0000000C)
    __rt_entry                               0x0000037d   Thumb Code     0  __rtentry.o(.ARM.Collect$$rtentry$$00000000)
    __rt_entry_presh_1                       0x0000037d   Thumb Code     0  __rtentry2.o(.ARM.Collect$$rtentry$$00000002)
    __rt_entry_sh                            0x0000037d   Thumb Code     0  __rtentry4.o(.ARM.Collect$$rtentry$$00000004)
    __rt_entry_li                            0x00000383   Thumb Code     0  __rtentry2.o(.ARM.Collect$$rtentry$$0000000A)
    __rt_entry_postsh_1                      0x00000383   Thumb Code     0  __rtentry2.o(.ARM.Collect$$rtentry$$00000009)
    __rt_entry_main                          0x00000387   Thumb Code     0  __rtentry2.o(.ARM.Collect$$rtentry$$0000000D)
    __rt_entry_postli_1                      0x00000387   Thumb Code     0  __rtentry2.o(.ARM.Collect$$rtentry$$0000000C)
    __rt_exit                                0x0000038f   Thumb Code     0  rtexit.o(.ARM.Collect$$rtexit$$00000000)
    __rt_exit_ls                             0x00000391   Thumb Code     0  rtexit2.o(.ARM.Collect$$rtexit$$00000003)
    __rt_exit_prels_1                        0x00000391   Thumb Code     0  rtexit2.o(.ARM.Collect$$rtexit$$00000002)
    __rt_exit_exit                           0x00000395   Thumb Code     0  rtexit2.o(.ARM.Collect$$rtexit$$00000004)
    Reset_Handler                            0x0000039d   Thumb Code     8  startup_tm4c123.o(.text)
    NMI_Handler                              0x000003a5   Thumb Code     2  startup_tm4c123.o(.text)
    HardFault_Handler                        0x000003a7   Thumb Code     2  startup_tm4c123.o(.text)
    MemManage_Handler                        0x000003a9   Thumb Code     2  startup_tm4c123.o(.text)
    BusFault_Handler                         0x000003ab   Thumb Code     2  startup_tm4c123.o(.text)
    UsageFault_Handler                       0x000003ad   Thumb Code     2  startup_tm4c123.o(.text)
    SVC_Handler                              0x000003af   Thumb Code     2  startup_tm4c123.o(.text)
    DebugMon_Handler                         0x000003b1   Thumb Code     2  startup_tm4c123.o(.text)
    PendSV_Handler                           0x000003b3   Thumb Code     2  startup_tm4c123.o(.text)
    SysTick_Handler                          0x000003b5   Thumb Code     2  startup_tm4c123.o(.text)
    GPIOA_Handler                            0x000003b7   Thumb Code     2  startup_tm4c123.o(.text)
    GPIOB_Handler                            0x000003b9   Thumb Code     2  startup_tm4c123.o(.text)
    GPIOC_Handler                            0x000003bb   Thumb Code     2  startup_tm4c123.o(.text)
    GPIOD_Handler                            0x000003bd   Thumb Code     2  startup_tm4c123.o(.text)
    GPIOE_Handler                            0x000003bf   Thumb Code     2  startup_tm4c123.o(.text)
    UART0_Handler                            0x000003c1   Thumb Code     2  startup_tm4c123.o(.text)
    UART1_Handler                            0x000003c3   Thumb Code     2  startup_tm4c123.o(.text)
    SSI0_Handler                             0x000003c5   Thumb Code     2  startup_tm4c123.o(.text)
    I2C0_Handler                             0x000003c7   Thumb Code     2  startup_tm4c123.o(.text)
    PMW0_FAULT_Handler                       0x000003c9   Thumb Code     2  startup_tm4c123.o(.text)
    PWM0_0_Handler                           0x000003cb   Thumb Code     2  startup_tm4c123.o(.text)
    PWM0_1_Handler                           0x000003cd   Thumb Code     2  startup_tm4c123.o(.text)
    PWM0_2_Handler                           0x000003cf   Thumb Code     2  startup_tm4c123.o(.text)
    QEI0_Handler                             0x000003d1   Thumb Code     2  startup_tm4c123.o(.text)
    ADC0SS0_Handler                          0x000003d3   Thumb Code     2  startup_tm4c123.o(.text)
    ADC0SS1_Handler                          0x000003d5   Thumb Code     2  startup_tm4c123.o(.text)
    ADC0SS2_Handler                          0x000003d7   Thumb Code     2  startup_tm4c123.o(.text)
    ADC0SS3_Handler                          0x000003d9   Thumb Code     2  startup_tm4c123.o(.text)
    WDT0_Handler                             0x000003db   Thumb Code     2  startup_tm4c123.o(.text)
    TIMER1A_Handler                          0x000003e1   Thumb Code     2  startup_tm4c123.o(.text)
    TIMER1B_Handler                          0x000003e3   Thumb Code     2  startup_tm4c123.o(.text)
    TIMER2A_Handler                          0x000003e5   Thumb Code     2  startup_tm4c123.o(.text)
    TIMER2B_Handler                          0x000003e7   Thumb Code     2  startup_tm4c123.o(.text)
    COMP0_Handler                            0x000003e9   Thumb Code     2  startup_tm4c123.o(.text)
    COMP1_Handler                            0x000003eb   Thumb Code     2  startup_tm4c123.o(.text)
    COMP2_Handler                            0x000003ed   Thumb Code     2  startup_tm4c123.o(.text)
    SYSCTL_Handler                           0x000003ef   Thumb Code     2  startup_tm4c123.o(.text)
    FLASH_Handler                            0x000003f1   Thumb Code     2  startup_tm4c123.o(.text)
    GPIOF_Handler                            0x000003f3   Thumb Code     2  startup_tm4c123.o(.text)
    GPIOG_Handler                            0x000003f5   Thumb Code     2  startup_tm4c123.o(.text)
    GPIOH_Handler                            0x000003f7   Thumb Code     2  startup_tm4c123.o(.text)
    UART2_Handler                            0x000003f9   Thumb Code     2  startup_tm4c123.o(.text)
    SSI1_Handler                             0x000003fb   Thumb Code     2  startup_tm4c123.o(.text)
    TIMER3A_Handler                          0x000003fd   Thumb Code     2  startup_tm4c123.o(.text)
    TIMER3B_Handler                          0x000003ff   Thumb Code     2  startup_tm4c123.o(.text)
    I2C1_Handler                             0x00000401   Thumb Code     2  startup_tm4c123.o(.text)
    QEI1_Handler                             0x00000403   Thumb Code     2  startup_tm4c123.o(.text)
    CAN0_Handler                             0x00000405   Thumb Code     2  startup_tm4c123.o(.text)
    CAN1_Handler                             0x00000407   Thumb Code     2  startup_tm4c123.o(.text)
    CAN2_Handler                             0x00000409   Thumb Code     2  startup_tm4c123.o(.text)
    HIB_Handler                              0x0000040b   Thumb Code     2  startup_tm4c123.o(.text)
    USB0_Handler                             0x0000040d   Thumb Code     2  startup_tm4c123.o(.text)
    PWM0_3_Handler                           0x0000040f   Thumb Code     2  startup_tm4c123.o(.text)
    UDMA_Handler                             0x00000411   Thumb Code     2  startup_tm4c123.o(.text)
    UDMAERR_Handler                          0x00000413   Thumb Code     2  startup_tm4c123.o(.text)
    ADC1SS0_Handler                          0x00000415   Thumb Code     2  startup_tm4c123.o(.text)
    ADC1SS1_Handler                          0x00000417   Thumb Code     2  startup_tm4c123.o(.text)
    ADC1SS2_Handler                          0x00000419   Thumb Code     2  startup_tm4c123.o(.text)
    ADC1SS3_Handler                          0x0000041b   Thumb Code     2  startup_tm4c123.o(.text)
    GPIOJ_Handler                            0x0000041d   Thumb Code     2  startup_tm4c123.o(.text)
    GPIOK_Handler                            0x0000041f   Thumb Code     2  startup_tm4c123.o(.text)
    GPIOL_Handler                            0x00000421   Thumb Code     2  startup_tm4c123.o(.text)
    SSI2_Handler                             0x00000423   Thumb Code     2  startup_tm4c123.o(.text)
    SSI3_Handler                             0x00000425   Thumb Code     2  startup_tm4c123.o(.text)
    UART3_Handler                            0x00000427   Thumb Code     2  startup_tm4c123.o(.text)
    UART4_Handler                            0x00000429   Thumb Code     2  startup_tm4c123.o(.text)
    UART5_Handler                            0x0000042b   Thumb Code     2  startup_tm4c123.o(.text)
    UART6_Handler                            0x0000042d   Thumb Code     2  startup_tm4c123.o(.text)
    UART7_Handler                            0x0000042f   Thumb Code     2  startup_tm4c123.o(.text)
    I2C2_Handler                             0x00000431   Thumb Code     2  startup_tm4c123.o(.text)
    I2C3_Handler                             0x00000433   Thumb Code     2  startup_tm4c123.o(.text)
    TIMER4A_Handler                          0x00000435   Thumb Code     2  startup_tm4c123.o(.text)
    TIMER4B_Handler                          0x00000437   Thumb Code     2  startup_tm4c123.o(.text)
    TIMER5A_Handler                          0x00000439   Thumb Code     2  startup_tm4c123.o(.text)
    TIMER5B_Handler                          0x0000043b   Thumb Code     2  startup_tm4c123.o(.text)
    WTIMER0A_Handler                         0x0000043d   Thumb Code     2  startup_tm4c123.o(.text)
    WTIMER0B_Handler                         0x0000043f   Thumb Code     2  startup_tm4c123.o(.text)
    WTIMER1A_Handler                         0x00000441   Thumb Code     2  startup_tm4c123.o(.text)
    WTIMER1B_Handler                         0x00000443   Thumb Code     2  startup_tm4c123.o(.text)
    WTIMER2A_Handler                         0x00000445   Thumb Code     2  startup_tm4c123.o(.text)
    WTIMER2B_Handler                         0x00000447   Thumb Code     2  startup_tm4c123.o(.text)
    WTIMER3A_Handler                         0x00000449   Thumb Code     2  startup_tm4c123.o(.text)
    WTIMER3B_Handler                         0x0000044b   Thumb Code     2  startup_tm4c123.o(.text)
    WTIMER4A_Handler                         0x0000044d   Thumb Code     2  startup_tm4c123.o(.text)
    WTIMER4B_Handler                         0x0000044f   Thumb Code     2  startup_tm4c123.o(.text)
    WTIMER5A_Handler                         0x00000451   Thumb Code     2  startup_tm4c123.o(.text)
    WTIMER5B_Handler                         0x00000453   Thumb Code     2  startup_tm4c123.o(.text)
    FPU_Handler                              0x00000455   Thumb Code     2  startup_tm4c123.o(.text)
    I2C4_Handler                             0x00000457   Thumb Code     2  startup_tm4c123.o(.text)
    I2C5_Handler                             0x00000459   Thumb Code     2  startup_tm4c123.o(.text)
    GPIOM_Handler                            0x0000045b   Thumb Code     2  startup_tm4c123.o(.text)
    GPION_Handler                            0x0000045d   Thumb Code     2  startup_tm4c123.o(.text)
    QEI2_Handler                             0x0000045f   Thumb Code     2  startup_tm4c123.o(.text)
    GPIOP0_Handler                           0x00000461   Thumb Code     2  startup_tm4c123.o(.text)
    GPIOP1_Handler                           0x00000463   Thumb Code     2  startup_tm4c123.o(.text)
    GPIOP2_Handler                           0x00000465   Thumb Code     2  startup_tm4c123.o(.text)
    GPIOP3_Handler                           0x00000467   Thumb Code     2  startup_tm4c123.o(.text)
    GPIOP4_Handler                           0x00000469   Thumb Code     2  startup_tm4c123.o(.text)
    GPIOP5_Handler                           0x0000046b   Thumb Code     2  startup_tm4c123.o(.text)
    GPIOP6_Handler                           0x0000046d   Thumb Code     2  startup_tm4c123.o(.text)
    GPIOP7_Handler                           0x0000046f   Thumb Code     2  startup_tm4c123.o(.text)
    GPIOQ0_Handler                           0x00000471   Thumb Code     2  startup_tm4c123.o(.text)
    GPIOQ1_Handler                           0x00000473   Thumb Code     2  startup_tm4c123.o(.text)
    GPIOQ2_Handler                           0x00000475   Thumb Code     2  startup_tm4c123.o(.text)
    GPIOQ3_Handler                           0x00000477   Thumb Code     2  startup_tm4c123.o(.text)
    GPIOQ4_Handler                           0x00000479   Thumb Code     2  startup_tm4c123.o(.text)
    GPIOQ5_Handler                           0x0000047b   Thumb Code     2  startup_tm4c123.o(.text)
    GPIOQ6_Handler                           0x0000047d   Thumb Code     2  startup_tm4c123.o(.text)
    GPIOQ7_Handler                           0x0000047f   Thumb Code     2  startup_tm4c123.o(.text)
    GPIOR_Handler                            0x00000481   Thumb Code     2  startup_tm4c123.o(.text)
    GPIOS_Handler                            0x00000483   Thumb Code     2  startup_tm4c123.o(.text)
    PMW1_0_Handler                           0x00000485   Thumb Code     2  startup_tm4c123.o(.text)
    PWM1_1_Handler                           0x00000487   Thumb Code     2  startup_tm4c123.o(.text)
    PWM1_2_Handler                           0x00000489   Thumb Code     2  startup_tm4c123.o(.text)
    PWM1_3_Handler                           0x0000048b   Thumb Code     2  startup_tm4c123.o(.text)
    PWM1_FAULT_Handler                       0x0000048d   Thumb Code     2  startup_tm4c123.o(.text)
    __user_initial_stackheap                 0x00000491   Thumb Code     0  startup_tm4c123.o(.text)
    sprintf                                  0x000004b1   Thumb Code    38  sprintf.o(.text)
    __use_two_region_memory                  0x000004dd   Thumb Code     2  heapauxi.o(.text)
    __rt_heap_escrow$2region                 0x000004df   Thumb Code     2  heapauxi.o(.text)
    __rt_heap_expand$2region                 0x000004e1   Thumb Code     2  heapauxi.o(.text)
    _printf_pre_padding                      0x000004e3   Thumb Code    44  _printf_pad.o(.text)
    _printf_post_padding                     0x0000050f   Thumb Code    34  _printf_pad.o(.text)
    _printf_truncate_signed                  0x00000531   Thumb Code    18  _printf_truncate.o(.text)
    _printf_truncate_unsigned                0x00000543   Thumb Code    18  _printf_truncate.o(.text)
    _printf_str                              0x00000555   Thumb Code    82  _printf_str.o(.text)
    _printf_int_dec                          0x000005a9   Thumb Code   104  _printf_dec.o(.text)
    _printf_charcount                        0x00000621   Thumb Code    40  _printf_charcount.o(.text)
    _printf_char_common                      0x00000653   Thumb Code    32  _printf_char_common.o(.text)
    _sputc                                   0x00000679   Thumb Code    10  _sputc.o(.text)
    _printf_wctomb                           0x00000685   Thumb Code   182  _printf_wctomb.o(.text)
    _printf_longlong_dec                     0x00000741   Thumb Code   108  _printf_longlong_dec.o(.text)
    _printf_longlong_oct                     0x000007bd   Thumb Code    68  _printf_oct_int_ll.o(.text)
    _printf_int_oct                          0x00000801   Thumb Code    24  _printf_oct_int_ll.o(.text)
    _printf_ll_oct                           0x00000819   Thumb Code    12  _printf_oct_int_ll.o(.text)
    _printf_longlong_hex                     0x0000082d   Thumb Code    86  _printf_hex_int_ll_ptr.o(.text)
    _printf_int_hex                          0x00000883   Thumb Code    28  _printf_hex_int_ll_ptr.o(.text)
    _printf_ll_hex                           0x0000089f   Thumb Code    12  _printf_hex_int_ll_ptr.o(.text)
    _printf_hex_ptr                          0x000008ab   Thumb Code    18  _printf_hex_int_ll_ptr.o(.text)
    __printf                                 0x000008c1   Thumb Code   388  __printf_flags_ss_wp.o(.text)
    _ll_udiv10                               0x00000a49   Thumb Code   138  lludiv10.o(.text)
    _printf_int_common                       0x00000ad3   Thumb Code   178  _printf_intcommon.o(.text)
    _printf_fp_dec_real                      0x00000d35   Thumb Code   620  _printf_fp_dec.o(.text)
    _printf_fp_hex_real                      0x00000fa1   Thumb Code   756  _printf_fp_hex.o(.text)
    _printf_cs_common                        0x0000129d   Thumb Code    20  _printf_char.o(.text)
    _printf_char                             0x000012b1   Thumb Code    16  _printf_char.o(.text)
    _printf_string                           0x000012c1   Thumb Code     8  _printf_char.o(.text)
    _printf_lcs_common                       0x000012c9   Thumb Code    20  _printf_wchar.o(.text)
    _printf_wchar                            0x000012dd   Thumb Code    16  _printf_wchar.o(.text)
    _printf_wstring                          0x000012ed   Thumb Code     8  _printf_wchar.o(.text)
    _c16rtomb                                0x000012f5   Thumb Code    72  _c16rtomb.o(.text)
    _wcrtomb                                 0x000012f5   Thumb Code     0  _c16rtomb.o(.text)
    __user_setup_stackheap                   0x0000133d   Thumb Code    74  sys_stackheap_outer.o(.text)
    __rt_ctype_table                         0x00001389   Thumb Code    16  rt_ctype_table.o(.text)
    __rt_locale                              0x00001399   Thumb Code     8  rt_locale_intlibspace.o(.text)
    _printf_fp_infnan                        0x000013a1   Thumb Code   112  _printf_fp_infnan.o(.text)
    _btod_etento                             0x00001421   Thumb Code   224  bigflt0.o(.text)
    exit                                     0x00001505   Thumb Code    18  exit.o(.text)
    __user_libspace                          0x00001519   Thumb Code     8  libspace.o(.text)
    __user_perproc_libspace                  0x00001519   Thumb Code     0  libspace.o(.text)
    __user_perthread_libspace                0x00001519   Thumb Code     0  libspace.o(.text)
    strcmp                                   0x00001521   Thumb Code   124  strcmpv7em.o(.text)
    _sys_exit                                0x0000159d   Thumb Code     8  sys_exit.o(.text)
    __I$use$semihosting                      0x000015a9   Thumb Code     0  use_no_semi.o(.text)
    __use_no_semihosting_swi                 0x000015a9   Thumb Code     2  use_no_semi.o(.text)
    __semihosting_library_function           0x000015ab   Thumb Code     0  indicate_semi.o(.text)
    Delay_MicroSecond                        0x000015ad   Thumb Code   148  uart.o(.text.Delay_MicroSecond)
    IR_Detect                                0x00001641   Thumb Code    16  infrared.o(.text.IR_Detect)
    IR_Sensor_Init                           0x00001651   Thumb Code    50  infrared.o(.text.IR_Sensor_Init)
    PID_Compute                              0x00001685   Thumb Code   126  pid_control.o(.text.PID_Compute)
    PID_Init                                 0x00001705   Thumb Code    58  pid_control.o(.text.PID_Init)
    Sensor1_Trigger_Init                     0x00001741   Thumb Code    66  ultrasonic.o(.text.Sensor1_Trigger_Init)
    Sensor2_Trigger_Init                     0x00001785   Thumb Code    66  ultrasonic.o(.text.Sensor2_Trigger_Init)
    SystemInit                               0x000017c9   Thumb Code    18  system_tm4c123.o(.text.SystemInit)
    TIMER0A_Handler                          0x000017dd   Thumb Code   132  ultrasonic.o(.text.TIMER0A_Handler)
    TIMER0B_Handler                          0x00001861   Thumb Code   204  ultrasonic.o(.text.TIMER0B_Handler)
    Timer0ACapture_init                      0x0000192d   Thumb Code   186  ultrasonic.o(.text.Timer0ACapture_init)
    Timer0BCapture_init                      0x000019e9   Thumb Code   176  ultrasonic.o(.text.Timer0BCapture_init)
    Trigger_Sensors                          0x00001a99   Thumb Code    82  ultrasonic.o(.text.Trigger_Sensors)
    Turn_Clockwise_A                         0x00001aed   Thumb Code    74  motor.o(.text.Turn_Clockwise_A)
    Turn_Clockwise_B                         0x00001b39   Thumb Code   108  motor.o(.text.Turn_Clockwise_B)
    UART5_Transmitter                        0x00001ba5   Thumb Code    46  uart.o(.text.UART5_Transmitter)
    UART5_init                               0x00001bd5   Thumb Code   132  uart.o(.text.UART5_init)
    get_distance                             0x00001c59   Thumb Code    48  ultrasonic.o(.text.get_distance)
    main                                     0x00001c89   Thumb Code   396  main.o(.text.main)
    printstring                              0x00001e15   Thumb Code    34  uart.o(.text.printstring)
    _btod_d2e                                0x00001e37   Thumb Code    62  btod.o(CL$$btod_d2e)
    _d2e_denorm_low                          0x00001e75   Thumb Code    70  btod.o(CL$$btod_d2e_denorm_low)
    _d2e_norm_op1                            0x00001ebb   Thumb Code    96  btod.o(CL$$btod_d2e_norm_op1)
    __btod_div_common                        0x00001f1d   Thumb Code   696  btod.o(CL$$btod_div_common)
    _e2e                                     0x00002255   Thumb Code   220  btod.o(CL$$btod_e2e)
    _btod_ediv                               0x00002331   Thumb Code    42  btod.o(CL$$btod_ediv)
    _btod_emul                               0x0000235b   Thumb Code    42  btod.o(CL$$btod_emul)
    __btod_mult_common                       0x00002385   Thumb Code   580  btod.o(CL$$btod_mult_common)
    __ARM_fpclassify                         0x000025c9   Thumb Code    48  fpclassify.o(i.__ARM_fpclassify)
    _is_digit                                0x000025f9   Thumb Code    14  __printf_wp.o(i._is_digit)
    _get_lc_numeric                          0x00002609   Thumb Code    44  lc_numeric_c.o(locale$$code)
    _get_lc_ctype                            0x00002635   Thumb Code    44  lc_ctype_c.o(locale$$code)
    _fp_init                                 0x00002661   Thumb Code    26  fpinit.o(x$fpl$fpinit)
    __fplib_config_fpu_vfp                   0x00002679   Thumb Code     0  fpinit.o(x$fpl$fpinit)
    __fplib_config_pureend_doubles           0x00002679   Thumb Code     0  fpinit.o(x$fpl$fpinit)
    _printf_fp_dec                           0x0000267b   Thumb Code     4  printf1.o(x$fpl$printf1)
    _printf_fp_hex                           0x0000267f   Thumb Code     4  printf2.o(x$fpl$printf2)
    __I$use$fp                               0x00002682   Number         0  usenofp.o(x$fpl$usenofp)
    Region$$Table$$Base                      0x000027f0   Number         0  anon$$obj.o(Region$$Table)
    Region$$Table$$Limit                     0x00002800   Number         0  anon$$obj.o(Region$$Table)
    __ctype                                  0x00002829   Data           0  lc_ctype_c.o(locale$$data)
    __libspace_start                         0x20000000   Data          96  libspace.o(.bss)
    __temporary_stack_top$libspace           0x20000060   Data           0  libspace.o(.bss)
    distance1                                0x20000068   Data           4  ultrasonic.o(.bss.distance1)
    distance2                                0x2000006c   Data           4  ultrasonic.o(.bss.distance2)
    distance_sensor1                         0x20000070   Data           4  main.o(.bss.distance_sensor1)
    distance_sensor2                         0x20000074   Data           4  main.o(.bss.distance_sensor2)
    mesgg                                    0x20000080   Data         100  main.o(.bss.mesgg)
    motor_mesg                               0x200000e4   Data         100  motor.o(.bss.motor_mesg)
    pid                                      0x20000148   Data          24  main.o(.bss.pid)



==============================================================================

Memory Map of the image

  Image Entry point : 0x0000039d

  Load Region LR_1 (Base: 0x00000000, Size: 0x0000292c, Max: 0xffffffff, ABSOLUTE)

    Execution Region ER_RO (Exec base: 0x00000000, Load base: 0x00000000, Size: 0x0000292c, Max: 0xffffffff, ABSOLUTE)

    Exec Addr    Load Addr    Size         Type   Attr      Idx    E Section Name        Object

    0x00000000   0x00000000   0x0000026c   Data   RO          106    RESET               startup_tm4c123.o
    0x0000026c   0x0000026c   0x00000008   Code   RO          133  * !!!main             c_w.l(__main.o)
    0x00000274   0x00000274   0x00000034   Code   RO          470    !!!scatter          c_w.l(__scatter.o)
    0x000002a8   0x000002a8   0x0000001c   Code   RO          472    !!handler_zi        c_w.l(__scatter_zi.o)
    0x000002c4   0x000002c4   0x00000000   Code   RO          217    .ARM.Collect$$_printf_percent$$00000000  c_w.l(_printf_percent.o)
    0x000002c4   0x000002c4   0x00000006   Code   RO          206    .ARM.Collect$$_printf_percent$$00000001  c_w.l(_printf_n.o)
    0x000002ca   0x000002ca   0x00000006   Code   RO          208    .ARM.Collect$$_printf_percent$$00000002  c_w.l(_printf_p.o)
    0x000002d0   0x000002d0   0x00000006   Code   RO          213    .ARM.Collect$$_printf_percent$$00000003  c_w.l(_printf_f.o)
    0x000002d6   0x000002d6   0x00000006   Code   RO          214    .ARM.Collect$$_printf_percent$$00000004  c_w.l(_printf_e.o)
    0x000002dc   0x000002dc   0x00000006   Code   RO          215    .ARM.Collect$$_printf_percent$$00000005  c_w.l(_printf_g.o)
    0x000002e2   0x000002e2   0x00000006   Code   RO          216    .ARM.Collect$$_printf_percent$$00000006  c_w.l(_printf_a.o)
    0x000002e8   0x000002e8   0x0000000a   Code   RO          221    .ARM.Collect$$_printf_percent$$00000007  c_w.l(_printf_ll.o)
    0x000002f2   0x000002f2   0x00000006   Code   RO          210    .ARM.Collect$$_printf_percent$$00000008  c_w.l(_printf_i.o)
    0x000002f8   0x000002f8   0x00000006   Code   RO          211    .ARM.Collect$$_printf_percent$$00000009  c_w.l(_printf_d.o)
    0x000002fe   0x000002fe   0x00000006   Code   RO          212    .ARM.Collect$$_printf_percent$$0000000A  c_w.l(_printf_u.o)
    0x00000304   0x00000304   0x00000006   Code   RO          209    .ARM.Collect$$_printf_percent$$0000000B  c_w.l(_printf_o.o)
    0x0000030a   0x0000030a   0x00000006   Code   RO          207    .ARM.Collect$$_printf_percent$$0000000C  c_w.l(_printf_x.o)
    0x00000310   0x00000310   0x00000006   Code   RO          218    .ARM.Collect$$_printf_percent$$0000000D  c_w.l(_printf_lli.o)
    0x00000316   0x00000316   0x00000006   Code   RO          219    .ARM.Collect$$_printf_percent$$0000000E  c_w.l(_printf_lld.o)
    0x0000031c   0x0000031c   0x00000006   Code   RO          220    .ARM.Collect$$_printf_percent$$0000000F  c_w.l(_printf_llu.o)
    0x00000322   0x00000322   0x00000006   Code   RO          225    .ARM.Collect$$_printf_percent$$00000010  c_w.l(_printf_llo.o)
    0x00000328   0x00000328   0x00000006   Code   RO          226    .ARM.Collect$$_printf_percent$$00000011  c_w.l(_printf_llx.o)
    0x0000032e   0x0000032e   0x0000000a   Code   RO          222    .ARM.Collect$$_printf_percent$$00000012  c_w.l(_printf_l.o)
    0x00000338   0x00000338   0x00000006   Code   RO          204    .ARM.Collect$$_printf_percent$$00000013  c_w.l(_printf_c.o)
    0x0000033e   0x0000033e   0x00000006   Code   RO          205    .ARM.Collect$$_printf_percent$$00000014  c_w.l(_printf_s.o)
    0x00000344   0x00000344   0x00000006   Code   RO          223    .ARM.Collect$$_printf_percent$$00000015  c_w.l(_printf_lc.o)
    0x0000034a   0x0000034a   0x00000006   Code   RO          224    .ARM.Collect$$_printf_percent$$00000016  c_w.l(_printf_ls.o)
    0x00000350   0x00000350   0x00000004   Code   RO          267    .ARM.Collect$$_printf_percent$$00000017  c_w.l(_printf_percent_end.o)
    0x00000354   0x00000354   0x00000002   Code   RO          318    .ARM.Collect$$libinit$$00000000  c_w.l(libinit.o)
    0x00000356   0x00000356   0x00000004   Code   RO          336    .ARM.Collect$$libinit$$00000001  c_w.l(libinit2.o)
    0x0000035a   0x0000035a   0x00000000   Code   RO          339    .ARM.Collect$$libinit$$00000004  c_w.l(libinit2.o)
    0x0000035a   0x0000035a   0x00000000   Code   RO          341    .ARM.Collect$$libinit$$00000006  c_w.l(libinit2.o)
    0x0000035a   0x0000035a   0x00000000   Code   RO          344    .ARM.Collect$$libinit$$0000000C  c_w.l(libinit2.o)
    0x0000035a   0x0000035a   0x00000000   Code   RO          346    .ARM.Collect$$libinit$$0000000E  c_w.l(libinit2.o)
    0x0000035a   0x0000035a   0x00000000   Code   RO          348    .ARM.Collect$$libinit$$00000010  c_w.l(libinit2.o)
    0x0000035a   0x0000035a   0x00000006   Code   RO          349    .ARM.Collect$$libinit$$00000011  c_w.l(libinit2.o)
    0x00000360   0x00000360   0x00000000   Code   RO          351    .ARM.Collect$$libinit$$00000013  c_w.l(libinit2.o)
    0x00000360   0x00000360   0x0000000c   Code   RO          352    .ARM.Collect$$libinit$$00000014  c_w.l(libinit2.o)
    0x0000036c   0x0000036c   0x00000000   Code   RO          353    .ARM.Collect$$libinit$$00000015  c_w.l(libinit2.o)
    0x0000036c   0x0000036c   0x00000000   Code   RO          355    .ARM.Collect$$libinit$$00000017  c_w.l(libinit2.o)
    0x0000036c   0x0000036c   0x0000000a   Code   RO          356    .ARM.Collect$$libinit$$00000018  c_w.l(libinit2.o)
    0x00000376   0x00000376   0x00000000   Code   RO          357    .ARM.Collect$$libinit$$00000019  c_w.l(libinit2.o)
    0x00000376   0x00000376   0x00000000   Code   RO          359    .ARM.Collect$$libinit$$0000001B  c_w.l(libinit2.o)
    0x00000376   0x00000376   0x00000000   Code   RO          361    .ARM.Collect$$libinit$$0000001D  c_w.l(libinit2.o)
    0x00000376   0x00000376   0x00000000   Code   RO          363    .ARM.Collect$$libinit$$0000001F  c_w.l(libinit2.o)
    0x00000376   0x00000376   0x00000000   Code   RO          365    .ARM.Collect$$libinit$$00000021  c_w.l(libinit2.o)
    0x00000376   0x00000376   0x00000000   Code   RO          367    .ARM.Collect$$libinit$$00000023  c_w.l(libinit2.o)
    0x00000376   0x00000376   0x00000000   Code   RO          369    .ARM.Collect$$libinit$$00000025  c_w.l(libinit2.o)
    0x00000376   0x00000376   0x00000000   Code   RO          371    .ARM.Collect$$libinit$$00000027  c_w.l(libinit2.o)
    0x00000376   0x00000376   0x00000000   Code   RO          375    .ARM.Collect$$libinit$$0000002E  c_w.l(libinit2.o)
    0x00000376   0x00000376   0x00000000   Code   RO          377    .ARM.Collect$$libinit$$00000030  c_w.l(libinit2.o)
    0x00000376   0x00000376   0x00000000   Code   RO          379    .ARM.Collect$$libinit$$00000032  c_w.l(libinit2.o)
    0x00000376   0x00000376   0x00000000   Code   RO          381    .ARM.Collect$$libinit$$00000034  c_w.l(libinit2.o)
    0x00000376   0x00000376   0x00000002   Code   RO          382    .ARM.Collect$$libinit$$00000035  c_w.l(libinit2.o)
    0x00000378   0x00000378   0x00000002   Code   RO          406    .ARM.Collect$$libshutdown$$00000000  c_w.l(libshutdown.o)
    0x0000037a   0x0000037a   0x00000000   Code   RO          421    .ARM.Collect$$libshutdown$$00000002  c_w.l(libshutdown2.o)
    0x0000037a   0x0000037a   0x00000000   Code   RO          423    .ARM.Collect$$libshutdown$$00000004  c_w.l(libshutdown2.o)
    0x0000037a   0x0000037a   0x00000000   Code   RO          426    .ARM.Collect$$libshutdown$$00000007  c_w.l(libshutdown2.o)
    0x0000037a   0x0000037a   0x00000000   Code   RO          429    .ARM.Collect$$libshutdown$$0000000A  c_w.l(libshutdown2.o)
    0x0000037a   0x0000037a   0x00000000   Code   RO          431    .ARM.Collect$$libshutdown$$0000000C  c_w.l(libshutdown2.o)
    0x0000037a   0x0000037a   0x00000000   Code   RO          434    .ARM.Collect$$libshutdown$$0000000F  c_w.l(libshutdown2.o)
    0x0000037a   0x0000037a   0x00000002   Code   RO          435    .ARM.Collect$$libshutdown$$00000010  c_w.l(libshutdown2.o)
    0x0000037c   0x0000037c   0x00000000   Code   RO          135    .ARM.Collect$$rtentry$$00000000  c_w.l(__rtentry.o)
    0x0000037c   0x0000037c   0x00000000   Code   RO          236    .ARM.Collect$$rtentry$$00000002  c_w.l(__rtentry2.o)
    0x0000037c   0x0000037c   0x00000006   Code   RO          248    .ARM.Collect$$rtentry$$00000004  c_w.l(__rtentry4.o)
    0x00000382   0x00000382   0x00000000   Code   RO          238    .ARM.Collect$$rtentry$$00000009  c_w.l(__rtentry2.o)
    0x00000382   0x00000382   0x00000004   Code   RO          239    .ARM.Collect$$rtentry$$0000000A  c_w.l(__rtentry2.o)
    0x00000386   0x00000386   0x00000000   Code   RO          241    .ARM.Collect$$rtentry$$0000000C  c_w.l(__rtentry2.o)
    0x00000386   0x00000386   0x00000008   Code   RO          242    .ARM.Collect$$rtentry$$0000000D  c_w.l(__rtentry2.o)
    0x0000038e   0x0000038e   0x00000002   Code   RO          327    .ARM.Collect$$rtexit$$00000000  c_w.l(rtexit.o)
    0x00000390   0x00000390   0x00000000   Code   RO          384    .ARM.Collect$$rtexit$$00000002  c_w.l(rtexit2.o)
    0x00000390   0x00000390   0x00000004   Code   RO          385    .ARM.Collect$$rtexit$$00000003  c_w.l(rtexit2.o)
    0x00000394   0x00000394   0x00000006   Code   RO          386    .ARM.Collect$$rtexit$$00000004  c_w.l(rtexit2.o)
    0x0000039a   0x0000039a   0x00000002   PAD
    0x0000039c   0x0000039c   0x00000114   Code   RO          107  * .text               startup_tm4c123.o
    0x000004b0   0x000004b0   0x0000002c   Code   RO          129    .text               c_w.l(sprintf.o)
    0x000004dc   0x000004dc   0x00000006   Code   RO          131    .text               c_w.l(heapauxi.o)
    0x000004e2   0x000004e2   0x0000004e   Code   RO          138    .text               c_w.l(_printf_pad.o)
    0x00000530   0x00000530   0x00000024   Code   RO          140    .text               c_w.l(_printf_truncate.o)
    0x00000554   0x00000554   0x00000052   Code   RO          142    .text               c_w.l(_printf_str.o)
    0x000005a6   0x000005a6   0x00000002   PAD
    0x000005a8   0x000005a8   0x00000078   Code   RO          144    .text               c_w.l(_printf_dec.o)
    0x00000620   0x00000620   0x00000028   Code   RO          146    .text               c_w.l(_printf_charcount.o)
    0x00000648   0x00000648   0x00000030   Code   RO          148    .text               c_w.l(_printf_char_common.o)
    0x00000678   0x00000678   0x0000000a   Code   RO          150    .text               c_w.l(_sputc.o)
    0x00000682   0x00000682   0x00000002   PAD
    0x00000684   0x00000684   0x000000bc   Code   RO          152    .text               c_w.l(_printf_wctomb.o)
    0x00000740   0x00000740   0x0000007c   Code   RO          155    .text               c_w.l(_printf_longlong_dec.o)
    0x000007bc   0x000007bc   0x00000070   Code   RO          161    .text               c_w.l(_printf_oct_int_ll.o)
    0x0000082c   0x0000082c   0x00000094   Code   RO          181    .text               c_w.l(_printf_hex_int_ll_ptr.o)
    0x000008c0   0x000008c0   0x00000188   Code   RO          201    .text               c_w.l(__printf_flags_ss_wp.o)
    0x00000a48   0x00000a48   0x0000008a   Code   RO          250    .text               c_w.l(lludiv10.o)
    0x00000ad2   0x00000ad2   0x000000b2   Code   RO          252    .text               c_w.l(_printf_intcommon.o)
    0x00000b84   0x00000b84   0x0000041c   Code   RO          254    .text               c_w.l(_printf_fp_dec.o)
    0x00000fa0   0x00000fa0   0x000002fc   Code   RO          258    .text               c_w.l(_printf_fp_hex.o)
    0x0000129c   0x0000129c   0x0000002c   Code   RO          263    .text               c_w.l(_printf_char.o)
    0x000012c8   0x000012c8   0x0000002c   Code   RO          265    .text               c_w.l(_printf_wchar.o)
    0x000012f4   0x000012f4   0x00000048   Code   RO          268    .text               c_w.l(_c16rtomb.o)
    0x0000133c   0x0000133c   0x0000004a   Code   RO          270    .text               c_w.l(sys_stackheap_outer.o)
    0x00001386   0x00001386   0x00000002   PAD
    0x00001388   0x00001388   0x00000010   Code   RO          272    .text               c_w.l(rt_ctype_table.o)
    0x00001398   0x00001398   0x00000008   Code   RO          277    .text               c_w.l(rt_locale_intlibspace.o)
    0x000013a0   0x000013a0   0x00000080   Code   RO          279    .text               c_w.l(_printf_fp_infnan.o)
    0x00001420   0x00001420   0x000000e4   Code   RO          281    .text               c_w.l(bigflt0.o)
    0x00001504   0x00001504   0x00000012   Code   RO          311    .text               c_w.l(exit.o)
    0x00001516   0x00001516   0x00000002   PAD
    0x00001518   0x00001518   0x00000008   Code   RO          324    .text               c_w.l(libspace.o)
    0x00001520   0x00001520   0x0000007c   Code   RO          334    .text               c_w.l(strcmpv7em.o)
    0x0000159c   0x0000159c   0x0000000c   Code   RO          396    .text               c_w.l(sys_exit.o)
    0x000015a8   0x000015a8   0x00000002   Code   RO          411    .text               c_w.l(use_no_semi.o)
    0x000015aa   0x000015aa   0x00000000   Code   RO          413    .text               c_w.l(indicate_semi.o)
    0x000015aa   0x000015aa   0x00000002   PAD
    0x000015ac   0x000015ac   0x00000094   Code   RO           54    .text.Delay_MicroSecond  uart.o
    0x00001640   0x00001640   0x00000010   Code   RO            4    .text.IR_Detect     infrared.o
    0x00001650   0x00001650   0x00000032   Code   RO            2    .text.IR_Sensor_Init  infrared.o
    0x00001682   0x00001682   0x00000002   PAD
    0x00001684   0x00001684   0x0000007e   Code   RO           96    .text.PID_Compute   pid_control.o
    0x00001702   0x00001702   0x00000002   PAD
    0x00001704   0x00001704   0x0000003a   Code   RO           94    .text.PID_Init      pid_control.o
    0x0000173e   0x0000173e   0x00000002   PAD
    0x00001740   0x00001740   0x00000042   Code   RO           72    .text.Sensor1_Trigger_Init  ultrasonic.o
    0x00001782   0x00001782   0x00000002   PAD
    0x00001784   0x00001784   0x00000042   Code   RO           74    .text.Sensor2_Trigger_Init  ultrasonic.o
    0x000017c6   0x000017c6   0x00000002   PAD
    0x000017c8   0x000017c8   0x00000012   Code   RO          118    .text.SystemInit    system_tm4c123.o
    0x000017da   0x000017da   0x00000002   PAD
    0x000017dc   0x000017dc   0x00000084   Code   RO           76    .text.TIMER0A_Handler  ultrasonic.o
    0x00001860   0x00001860   0x000000cc   Code   RO           78    .text.TIMER0B_Handler  ultrasonic.o
    0x0000192c   0x0000192c   0x000000ba   Code   RO           68    .text.Timer0ACapture_init  ultrasonic.o
    0x000019e6   0x000019e6   0x00000002   PAD
    0x000019e8   0x000019e8   0x000000b0   Code   RO           70    .text.Timer0BCapture_init  ultrasonic.o
    0x00001a98   0x00001a98   0x00000052   Code   RO           66    .text.Trigger_Sensors  ultrasonic.o
    0x00001aea   0x00001aea   0x00000002   PAD
    0x00001aec   0x00001aec   0x0000004a   Code   RO           27    .text.Turn_Clockwise_A  motor.o
    0x00001b36   0x00001b36   0x00000002   PAD
    0x00001b38   0x00001b38   0x0000006c   Code   RO           31    .text.Turn_Clockwise_B  motor.o
    0x00001ba4   0x00001ba4   0x0000002e   Code   RO           50    .text.UART5_Transmitter  uart.o
    0x00001bd2   0x00001bd2   0x00000002   PAD
    0x00001bd4   0x00001bd4   0x00000084   Code   RO           48    .text.UART5_init    uart.o
    0x00001c58   0x00001c58   0x00000030   Code   RO           64    .text.get_distance  ultrasonic.o
    0x00001c88   0x00001c88   0x0000018c   Code   RO           13    .text.main          main.o
    0x00001e14   0x00001e14   0x00000022   Code   RO           52    .text.printstring   uart.o
    0x00001e36   0x00001e36   0x0000003e   Code   RO          284    CL$$btod_d2e        c_w.l(btod.o)
    0x00001e74   0x00001e74   0x00000046   Code   RO          286    CL$$btod_d2e_denorm_low  c_w.l(btod.o)
    0x00001eba   0x00001eba   0x00000060   Code   RO          285    CL$$btod_d2e_norm_op1  c_w.l(btod.o)
    0x00001f1a   0x00001f1a   0x00000002   PAD
    0x00001f1c   0x00001f1c   0x00000338   Code   RO          294    CL$$btod_div_common  c_w.l(btod.o)
    0x00002254   0x00002254   0x000000dc   Code   RO          291    CL$$btod_e2e        c_w.l(btod.o)
    0x00002330   0x00002330   0x0000002a   Code   RO          288    CL$$btod_ediv       c_w.l(btod.o)
    0x0000235a   0x0000235a   0x0000002a   Code   RO          287    CL$$btod_emul       c_w.l(btod.o)
    0x00002384   0x00002384   0x00000244   Code   RO          293    CL$$btod_mult_common  c_w.l(btod.o)
    0x000025c8   0x000025c8   0x00000030   Code   RO          322    i.__ARM_fpclassify  m_wm.l(fpclassify.o)
    0x000025f8   0x000025f8   0x0000000e   Code   RO          194    i._is_digit         c_w.l(__printf_wp.o)
    0x00002606   0x00002606   0x00000002   PAD
    0x00002608   0x00002608   0x0000002c   Code   RO          309    locale$$code        c_w.l(lc_numeric_c.o)
    0x00002634   0x00002634   0x0000002c   Code   RO          332    locale$$code        c_w.l(lc_ctype_c.o)
    0x00002660   0x00002660   0x0000001a   Code   RO          394    x$fpl$fpinit        fz_wm.l(fpinit.o)
    0x0000267a   0x0000267a   0x00000004   Code   RO          227    x$fpl$printf1       fz_wm.l(printf1.o)
    0x0000267e   0x0000267e   0x00000004   Code   RO          229    x$fpl$printf2       fz_wm.l(printf2.o)
    0x00002682   0x00002682   0x00000000   Code   RO          321    x$fpl$usenofp       fz_wm.l(usenofp.o)
    0x00002682   0x00002682   0x00000002   PAD
    0x00002684   0x00002684   0x00000008   Data   RO          153    .constdata          c_w.l(_printf_wctomb.o)
    0x0000268c   0x0000268c   0x00000028   Data   RO          182    .constdata          c_w.l(_printf_hex_int_ll_ptr.o)
    0x000026b4   0x000026b4   0x00000011   Data   RO          202    .constdata          c_w.l(__printf_flags_ss_wp.o)
    0x000026c5   0x000026c5   0x00000026   Data   RO          259    .constdata          c_w.l(_printf_fp_hex.o)
    0x000026eb   0x000026eb   0x00000001   PAD
    0x000026ec   0x000026ec   0x00000094   Data   RO          282    .constdata          c_w.l(bigflt0.o)
    0x00002780   0x00002780   0x0000005e   Data   RO           17    .rodata.str1.1      main.o
    0x000027de   0x000027de   0x00000012   Data   RO           40    .rodata.str1.1      motor.o
    0x000027f0   0x000027f0   0x00000010   Data   RO          469    Region$$Table       anon$$obj.o
    0x00002800   0x00002800   0x0000001c   Data   RO          308    locale$$data        c_w.l(lc_numeric_c.o)
    0x0000281c   0x0000281c   0x00000110   Data   RO          331    locale$$data        c_w.l(lc_ctype_c.o)


    Execution Region ER_RW (Exec base: 0x20000000, Load base: 0x0000292c, Size: 0x00000000, Max: 0xffffffff, ABSOLUTE)

    **** No section assigned to this execution region ****


    Execution Region ER_ZI (Exec base: 0x20000000, Load base: 0x0000292c, Size: 0x00000360, Max: 0xffffffff, ABSOLUTE)

    Exec Addr    Load Addr    Size         Type   Attr      Idx    E Section Name        Object

    0x20000000        -       0x00000060   Zero   RW          325    .bss                c_w.l(libspace.o)
    0x20000060        -       0x00000004   Zero   RW           83    .bss.TIMER0A_Handler.lastEdge  ultrasonic.o
    0x20000064        -       0x00000004   Zero   RW           84    .bss.TIMER0B_Handler.lastEdge  ultrasonic.o
    0x20000068        -       0x00000004   Zero   RW           80    .bss.distance1      ultrasonic.o
    0x2000006c        -       0x00000004   Zero   RW           82    .bss.distance2      ultrasonic.o
    0x20000070        -       0x00000004   Zero   RW           18    .bss.distance_sensor1  main.o
    0x20000074        -       0x00000004   Zero   RW           19    .bss.distance_sensor2  main.o
    0x20000078        -       0x00000008   Zero   RW           81    .bss.distances      ultrasonic.o
    0x20000080        -       0x00000064   Zero   RW           16    .bss.mesgg          main.o
    0x200000e4        -       0x00000064   Zero   RW           39    .bss.motor_mesg     motor.o
    0x20000148        -       0x00000018   Zero   RW           15    .bss.pid            main.o
    0x20000160        -       0x00000000   Zero   RW          105    HEAP                startup_tm4c123.o
    0x20000160        -       0x00000200   Zero   RW          104    STACK               startup_tm4c123.o


==============================================================================

Image component sizes


      Code (inc. data)   RO Data    RW Data    ZI Data      Debug   Object Name

        66          0          0          0          0       5616   infrared.o
       396         12         94          0        132       3536   main.o
       182          0         18          0        100       8324   motor.o
       184          0          0          0          0       1080   pid_control.o
       276         24        620          0        512       5496   startup_tm4c123.o
        18          0          0          0          0       6687   system_tm4c123.o
       360          0          0          0          0       7162   uart.o
       960          0          0          0         24       7773   ultrasonic.o

    ----------------------------------------------------------------------
      2462         36        748          0        768      45674   Object Totals
         0          0         16          0          0          0   (incl. Generated)
        20          0          0          0          0          0   (incl. Padding)

    ----------------------------------------------------------------------

      Code (inc. data)   RO Data    RW Data    ZI Data      Debug   Library Member Name

         8          0          0          0          0         68   __main.o
       392          4         17          0          0         92   __printf_flags_ss_wp.o
        14          0          0          0          0         68   __printf_wp.o
         0          0          0          0          0          0   __rtentry.o
        12          0          0          0          0          0   __rtentry2.o
         6          0          0          0          0          0   __rtentry4.o
        52          8          0          0          0          0   __scatter.o
        28          0          0          0          0          0   __scatter_zi.o
        72          0          0          0          0         96   _c16rtomb.o
         6          0          0          0          0          0   _printf_a.o
         6          0          0          0          0          0   _printf_c.o
        44          0          0          0          0        108   _printf_char.o
        48          6          0          0          0         96   _printf_char_common.o
        40          0          0          0          0         68   _printf_charcount.o
         6          0          0          0          0          0   _printf_d.o
       120         16          0          0          0         92   _printf_dec.o
         6          0          0          0          0          0   _printf_e.o
         6          0          0          0          0          0   _printf_f.o
      1052          0          0          0          0        148   _printf_fp_dec.o
       764          8         38          0          0        100   _printf_fp_hex.o
       128         16          0          0          0         84   _printf_fp_infnan.o
         6          0          0          0          0          0   _printf_g.o
       148          4         40          0          0        160   _printf_hex_int_ll_ptr.o
         6          0          0          0          0          0   _printf_i.o
       178          0          0          0          0         88   _printf_intcommon.o
        10          0          0          0          0          0   _printf_l.o
         6          0          0          0          0          0   _printf_lc.o
        10          0          0          0          0          0   _printf_ll.o
         6          0          0          0          0          0   _printf_lld.o
         6          0          0          0          0          0   _printf_lli.o
         6          0          0          0          0          0   _printf_llo.o
         6          0          0          0          0          0   _printf_llu.o
         6          0          0          0          0          0   _printf_llx.o
       124         16          0          0          0         92   _printf_longlong_dec.o
         6          0          0          0          0          0   _printf_ls.o
         6          0          0          0          0          0   _printf_n.o
         6          0          0          0          0          0   _printf_o.o
       112          8          0          0          0        124   _printf_oct_int_ll.o
         6          0          0          0          0          0   _printf_p.o
        78          0          0          0          0        108   _printf_pad.o
         0          0          0          0          0          0   _printf_percent.o
         4          0          0          0          0          0   _printf_percent_end.o
         6          0          0          0          0          0   _printf_s.o
        82          0          0          0          0         80   _printf_str.o
        36          0          0          0          0         84   _printf_truncate.o
         6          0          0          0          0          0   _printf_u.o
        44          0          0          0          0        108   _printf_wchar.o
       188          6          8          0          0         92   _printf_wctomb.o
         6          0          0          0          0          0   _printf_x.o
        10          0          0          0          0         68   _sputc.o
       228          4        148          0          0         96   bigflt0.o
      1936        128          0          0          0        668   btod.o
        18          0          0          0          0         80   exit.o
         6          0          0          0          0        152   heapauxi.o
         0          0          0          0          0          0   indicate_semi.o
        44         10        272          0          0         76   lc_ctype_c.o
        44         10         28          0          0         76   lc_numeric_c.o
         2          0          0          0          0          0   libinit.o
        34          0          0          0          0          0   libinit2.o
         2          0          0          0          0          0   libshutdown.o
         2          0          0          0          0          0   libshutdown2.o
         8          4          0          0         96         68   libspace.o
       138          0          0          0          0         80   lludiv10.o
        16          4          0          0          0         76   rt_ctype_table.o
         8          4          0          0          0         68   rt_locale_intlibspace.o
         2          0          0          0          0          0   rtexit.o
        10          0          0          0          0          0   rtexit2.o
        44          6          0          0          0         84   sprintf.o
       124          0          0          0          0         88   strcmpv7em.o
        12          4          0          0          0         68   sys_exit.o
        74          0          0          0          0         80   sys_stackheap_outer.o
         2          0          0          0          0         68   use_no_semi.o
        26          0          0          0          0        116   fpinit.o
         4          0          0          0          0        116   printf1.o
         4          0          0          0          0        116   printf2.o
         0          0          0          0          0          0   usenofp.o
        48          0          0          0          0        124   fpclassify.o

    ----------------------------------------------------------------------
      6778        266        552          0         96       4324   Library Totals
        18          0          1          0          0          0   (incl. Padding)

    ----------------------------------------------------------------------

      Code (inc. data)   RO Data    RW Data    ZI Data      Debug   Library Name

      6678        266        551          0         96       3852   c_w.l
        34          0          0          0          0        348   fz_wm.l
        48          0          0          0          0        124   m_wm.l

    ----------------------------------------------------------------------
      6778        266        552          0         96       4324   Library Totals

    ----------------------------------------------------------------------

==============================================================================


      Code (inc. data)   RO Data    RW Data    ZI Data      Debug   

      9240        302       1300          0        864      47582   Grand Totals
      9240        302       1300          0        864      47582   ELF Image Totals
      9240        302       1300          0          0          0   ROM Totals

==============================================================================

    Total RO  Size (Code + RO Data)                10540 (  10.29kB)
    Total RW  Size (RW Data + ZI Data)               864 (   0.84kB)
    Total ROM Size (Code + RO Data + RW Data)      10540 (  10.29kB)

==============================================================================

